******************************************************************************
                  TI ARM Linker PC v16.9.4                     
******************************************************************************
>> Linked Fri Oct 27 12:53:15 2017

OUTPUT FILE NAME:   <Final_scooter.out>
ENTRY POINT SYMBOL: "_c_int00"  address: 000006d5


MEMORY CONFIGURATION

         name            origin    length      used     unused   attr    fill
----------------------  --------  ---------  --------  --------  ----  --------
  MAIN                  00000000   00040000  00000864  0003f79c  R  X
  INFO                  00200000   00004000  00000000  00004000  R  X
  SRAM_CODE             01000000   00010000  0000021c  0000fde4  RW X
  SRAM_DATA             20000000   00010000  0000021c  0000fde4  RW  


SEGMENT ALLOCATION MAP

run origin  load origin   length   init length attrs members
----------  ----------- ---------- ----------- ----- -------
00000000    00000000    00000868   00000868    r-x
  00000000    00000000    000000e4   000000e4    r-- .intvecs
  000000e4    000000e4    00000758   00000758    r-x .text
  00000840    00000840    00000028   00000028    r-- .cinit
20000000    20000000    0000001c   00000000    rw-
  20000000    20000000    0000001c   00000000    rw- .data
2000fe00    2000fe00    00000200   00000000    rw-
  2000fe00    2000fe00    00000200   00000000    rw- .stack


SECTION ALLOCATION MAP

 output                                  attributes/
section   page    origin      length       input sections
--------  ----  ----------  ----------   ----------------
.intvecs   0    00000000    000000e4     
                  00000000    000000e4     startup_msp432p401r_ccs.obj (.intvecs:retain)

.binit     0    00000000    00000000     

.text      0    000000e4    00000758     
                  000000e4    0000032c     system_msp432p401r.obj (.text)
                  00000410    00000150     UART.obj (.text)
                  00000560    0000009c     rtsv7M4_T_le_v4SPD16_eabi.lib : memcpy_t2.obj (.text)
                  000005fc    00000070                                   : autoinit.obj (.text)
                  0000066c    00000068                                   : copy_decompress_lzss.obj (.text:decompress:lzss)
                  000006d4    00000054                                   : boot.obj (.text)
                  00000728    00000054                                   : exit.obj (.text)
                  0000077c    0000004c                                   : cpy_tbl.obj (.text)
                  000007c8    00000018                                   : args_main.obj (.text)
                  000007e0    00000014                                   : _lock.obj (.text)
                  000007f4    00000014                                   : strlen.obj (.text)
                  00000808    00000010     main.obj (.text)
                  00000818    0000000e     rtsv7M4_T_le_v4SPD16_eabi.lib : copy_decompress_none.obj (.text:decompress:none)
                  00000826    0000000e     startup_msp432p401r_ccs.obj (.text)
                  00000834    00000004     rtsv7M4_T_le_v4SPD16_eabi.lib : pre_init.obj (.text)
                  00000838    00000002                                   : mpu_init.obj (.text)
                  0000083a    00000002                                   : startup.obj (.text)

.cinit     0    00000840    00000028     
                  00000840    00000015     (.cinit..data.load) [load image, compression = lzss]
                  00000855    00000003     --HOLE-- [fill = 0]
                  00000858    00000008     (__TI_handler_table)
                  00000860    00000008     (__TI_cinit_table)

.init_array 
*          0    00000000    00000000     UNINITIALIZED

.data      0    20000000    0000001c     UNINITIALIZED
                  20000000    0000000c     rtsv7M4_T_le_v4SPD16_eabi.lib : exit.obj (.data:$O1$$)
                  2000000c    00000008                                   : _lock.obj (.data:$O1$$)
                  20000014    00000004                                   : stkdepth_vars.obj (.data)
                  20000018    00000004     system_msp432p401r.obj (.data)

.stack     0    2000fe00    00000200     UNINITIALIZED
                  2000fe00    00000200     --HOLE--

MODULE SUMMARY

       Module                        code   ro data   rw data
       ------                        ----   -------   -------
    .\
       system_msp432p401r.obj        812    0         8      
       UART.obj                      336    0         0      
       startup_msp432p401r_ccs.obj   14     228       0      
       main.obj                      16     0         0      
    +--+-----------------------------+------+---------+---------+
       Total:                        1178   228       8      
                                                             
    C:\Users\kwat1\Documents\ccsv7\tools\compiler\ti-cgt-arm_16.9.4.LTS\lib\rtsv7M4_T_le_v4SPD16_eabi.lib
       memcpy_t2.obj                 156    0         0      
       autoinit.obj                  112    0         0      
       exit.obj                      84     0         24     
       copy_decompress_lzss.obj      104    0         0      
       boot.obj                      84     0         0      
       cpy_tbl.obj                   76     0         0      
       _lock.obj                     20     0         16     
       args_main.obj                 24     0         0      
       strlen.obj                    20     0         0      
       copy_decompress_none.obj      14     0         0      
       stkdepth_vars.obj             0      0         8      
       pre_init.obj                  4      0         0      
       mpu_init.obj                  2      0         0      
       startup.obj                   2      0         0      
    +--+-----------------------------+------+---------+---------+
       Total:                        702    0         48     
                                                             
       Stack:                        0      0         1024   
       Linker Generated:             0      37        0      
    +--+-----------------------------+------+---------+---------+
       Grand Total:                  1880   265       1080   


LINKER GENERATED COPY TABLES

__TI_cinit_table @ 00000860 records: 1, size/record: 8, table size: 8
	.data: load addr=00000840, load size=00000015 bytes, run addr=20000000, run size=0000001c bytes, compression=lzss


LINKER GENERATED HANDLER TABLE

__TI_handler_table @ 00000858 records: 2, size/record: 4, table size: 8
	index: 0, handler: __TI_decompress_lzss
	index: 1, handler: __TI_decompress_none


GLOBAL SYMBOLS: SORTED ALPHABETICALLY BY Name 

address   name                           
-------   ----                           
00000833  ADC14_IRQHandler               
00000833  AES256_IRQHandler              
00000833  BusFault_Handler               
00000729  C$$EXIT                        
00000833  COMP_E0_IRQHandler             
00000833  COMP_E1_IRQHandler             
00000833  CS_IRQHandler                  
00000833  DMA_ERR_IRQHandler             
00000833  DMA_INT0_IRQHandler            
00000833  DMA_INT1_IRQHandler            
00000833  DMA_INT2_IRQHandler            
00000833  DMA_INT3_IRQHandler            
00000833  DebugMon_Handler               
00000833  Default_Handler                
00000833  EUSCIA0_IRQHandler             
00000833  EUSCIA1_IRQHandler             
000004e7  EUSCIA2_IRQHandler             
000004e7  EUSCIA2_IRQHandler             
00000833  EUSCIA3_IRQHandler             
00000833  EUSCIB0_IRQHandler             
00000833  EUSCIB1_IRQHandler             
00000833  EUSCIB2_IRQHandler             
00000833  EUSCIB3_IRQHandler             
00000833  FLCTL_IRQHandler               
00000833  FPU_IRQHandler                 
00000833  HardFault_Handler              
00000833  MemManage_Handler              
00000833  NMI_Handler                    
00000833  PCM_IRQHandler                 
00000833  PORT1_IRQHandler               
00000833  PORT2_IRQHandler               
00000833  PORT3_IRQHandler               
00000833  PORT4_IRQHandler               
00000833  PORT5_IRQHandler               
00000833  PORT6_IRQHandler               
00000833  PSS_IRQHandler                 
00000833  PendSV_Handler                 
00000833  RTC_C_IRQHandler               
00000827  Reset_Handler                  
UNDEFED   SHT$$INIT_ARRAY$$Base          
UNDEFED   SHT$$INIT_ARRAY$$Limit         
00000833  SVC_Handler                    
00000833  SysTick_Handler                
20000018  SystemCoreClock                
000000e5  SystemCoreClockUpdate          
00000359  SystemInit                     
00000833  T32_INT1_IRQHandler            
00000833  T32_INT2_IRQHandler            
00000833  T32_INTC_IRQHandler            
00000833  TA0_0_IRQHandler               
00000833  TA0_N_IRQHandler               
00000833  TA1_0_IRQHandler               
00000833  TA1_N_IRQHandler               
00000833  TA2_0_IRQHandler               
00000833  TA2_N_IRQHandler               
00000833  TA3_0_IRQHandler               
00000833  TA3_N_IRQHandler               
0000043f  UART_Config                    
0000043d  UART_PIN_Config                
00000495  UART_send_byte                 
000004b1  UART_send_n_bytes              
00000833  UsageFault_Handler             
4000480c  WDTCTL_SYM                     
00000833  WDT_A_IRQHandler               
20010000  __STACK_END                    
00000200  __STACK_SIZE                   
00000860  __TI_CINIT_Base                
00000868  __TI_CINIT_Limit               
00000858  __TI_Handler_Table_Base        
00000860  __TI_Handler_Table_Limit       
000005fd  __TI_auto_init                 
20000000  __TI_cleanup_ptr               
0000066d  __TI_decompress_lzss           
00000819  __TI_decompress_none           
20000004  __TI_dtors_ptr                 
20000008  __TI_enable_exit_profile_output
ffffffff  __TI_pprof_out_hndl            
ffffffff  __TI_prof_data_size            
ffffffff  __TI_prof_data_start           
00000000  __TI_static_base__             
00000561  __aeabi_memcpy                 
00000561  __aeabi_memcpy4                
00000561  __aeabi_memcpy8                
ffffffff  __binit__                      
ffffffff  __c_args__                     
00000839  __mpu_init                     
2000fe00  __stack                        
000007c9  _args_main                     
000006d5  _c_int00                       
2000000c  _lock                          
000007ef  _nop                           
000007e7  _register_lock                 
000007e1  _register_unlock               
0000083b  _system_post_cinit             
00000835  _system_pre_init               
20000010  _unlock                        
0000072d  abort                          
ffffffff  binit                          
0000077d  copy_in                        
00000735  exit                           
00000000  interruptVectors               
00000809  main                           
20000014  main_func_sp                   
00000561  memcpy                         
000007f5  strlen                         


GLOBAL SYMBOLS: SORTED BY Symbol Address 

address   name                           
-------   ----                           
00000000  __TI_static_base__             
00000000  interruptVectors               
000000e5  SystemCoreClockUpdate          
00000200  __STACK_SIZE                   
00000359  SystemInit                     
0000043d  UART_PIN_Config                
0000043f  UART_Config                    
00000495  UART_send_byte                 
000004b1  UART_send_n_bytes              
000004e7  EUSCIA2_IRQHandler             
000004e7  EUSCIA2_IRQHandler             
00000561  __aeabi_memcpy                 
00000561  __aeabi_memcpy4                
00000561  __aeabi_memcpy8                
00000561  memcpy                         
000005fd  __TI_auto_init                 
0000066d  __TI_decompress_lzss           
000006d5  _c_int00                       
00000729  C$$EXIT                        
0000072d  abort                          
00000735  exit                           
0000077d  copy_in                        
000007c9  _args_main                     
000007e1  _register_unlock               
000007e7  _register_lock                 
000007ef  _nop                           
000007f5  strlen                         
00000809  main                           
00000819  __TI_decompress_none           
00000827  Reset_Handler                  
00000833  ADC14_IRQHandler               
00000833  AES256_IRQHandler              
00000833  BusFault_Handler               
00000833  COMP_E0_IRQHandler             
00000833  COMP_E1_IRQHandler             
00000833  CS_IRQHandler                  
00000833  DMA_ERR_IRQHandler             
00000833  DMA_INT0_IRQHandler            
00000833  DMA_INT1_IRQHandler            
00000833  DMA_INT2_IRQHandler            
00000833  DMA_INT3_IRQHandler            
00000833  DebugMon_Handler               
00000833  Default_Handler                
00000833  EUSCIA0_IRQHandler             
00000833  EUSCIA1_IRQHandler             
00000833  EUSCIA3_IRQHandler             
00000833  EUSCIB0_IRQHandler             
00000833  EUSCIB1_IRQHandler             
00000833  EUSCIB2_IRQHandler             
00000833  EUSCIB3_IRQHandler             
00000833  FLCTL_IRQHandler               
00000833  FPU_IRQHandler                 
00000833  HardFault_Handler              
00000833  MemManage_Handler              
00000833  NMI_Handler                    
00000833  PCM_IRQHandler                 
00000833  PORT1_IRQHandler               
00000833  PORT2_IRQHandler               
00000833  PORT3_IRQHandler               
00000833  PORT4_IRQHandler               
00000833  PORT5_IRQHandler               
00000833  PORT6_IRQHandler               
00000833  PSS_IRQHandler                 
00000833  PendSV_Handler                 
00000833  RTC_C_IRQHandler               
00000833  SVC_Handler                    
00000833  SysTick_Handler                
00000833  T32_INT1_IRQHandler            
00000833  T32_INT2_IRQHandler            
00000833  T32_INTC_IRQHandler            
00000833  TA0_0_IRQHandler               
00000833  TA0_N_IRQHandler               
00000833  TA1_0_IRQHandler               
00000833  TA1_N_IRQHandler               
00000833  TA2_0_IRQHandler               
00000833  TA2_N_IRQHandler               
00000833  TA3_0_IRQHandler               
00000833  TA3_N_IRQHandler               
00000833  UsageFault_Handler             
00000833  WDT_A_IRQHandler               
00000835  _system_pre_init               
00000839  __mpu_init                     
0000083b  _system_post_cinit             
00000858  __TI_Handler_Table_Base        
00000860  __TI_CINIT_Base                
00000860  __TI_Handler_Table_Limit       
00000868  __TI_CINIT_Limit               
20000000  __TI_cleanup_ptr               
20000004  __TI_dtors_ptr                 
20000008  __TI_enable_exit_profile_output
2000000c  _lock                          
20000010  _unlock                        
20000014  main_func_sp                   
20000018  SystemCoreClock                
2000fe00  __stack                        
20010000  __STACK_END                    
4000480c  WDTCTL_SYM                     
ffffffff  __TI_pprof_out_hndl            
ffffffff  __TI_prof_data_size            
ffffffff  __TI_prof_data_start           
ffffffff  __binit__                      
ffffffff  __c_args__                     
ffffffff  binit                          
UNDEFED   SHT$$INIT_ARRAY$$Base          
UNDEFED   SHT$$INIT_ARRAY$$Limit         

[105 symbols]
