******************************************************************************
                  TI ARM Linker PC v16.9.4                     
******************************************************************************
>> Linked Sun Oct 29 11:58:50 2017

OUTPUT FILE NAME:   <Final_scooter.out>
ENTRY POINT SYMBOL: "_c_int00"  address: 000025b1


MEMORY CONFIGURATION

         name            origin    length      used     unused   attr    fill
----------------------  --------  ---------  --------  --------  ----  --------
  MAIN                  00000000   00040000  00002818  0003d7e8  R  X
  INFO                  00200000   00004000  00000000  00004000  R  X
  SRAM_CODE             01000000   00010000  00000656  0000f9aa  RW X
  SRAM_DATA             20000000   00010000  00000656  0000f9aa  RW  


SEGMENT ALLOCATION MAP

run origin  load origin   length   init length attrs members
----------  ----------- ---------- ----------- ----- -------
00000000    00000000    00002818   00002818    r-x
  00000000    00000000    000000e4   000000e4    r-- .intvecs
  000000e4    000000e4    000026b4   000026b4    r-x .text
  00002798    00002798    00000030   00000030    r-- .const
  000027c8    000027c8    00000050   00000050    r-- .cinit
20000000    20000000    00000456   00000000    rw-
  20000000    20000000    00000400   00000000    rw- .sysmem
  20000400    20000400    00000038   00000000    rw- .data
  20000438    20000438    0000001e   00000000    rw- .bss
2000fe00    2000fe00    00000200   00000000    rw-
  2000fe00    2000fe00    00000200   00000000    rw- .stack


SECTION ALLOCATION MAP

 output                                  attributes/
section   page    origin      length       input sections
--------  ----  ----------  ----------   ----------------
.intvecs   0    00000000    000000e4     
                  00000000    000000e4     startup_msp432p401r_ccs.obj (.intvecs:retain)

.binit     0    00000000    00000000     

.text      0    000000e4    000026b4     
                  000000e4    000009ac     rtsv7M4_T_le_v4SPD16_eabi.lib : e_pow.obj (.text)
                  00000a90    000003d0                                   : memory.obj (.text)
                  00000e60    00000338     circ_buffer_basic.obj (.text)
                  00001198    0000032c     system_msp432p401r.obj (.text)
                  000014c4    00000300     UART.obj (.text)
                  000017c4    00000248     GPIO.obj (.text)
                  00001a0c    000001b6     rtsv7M4_T_le_v4SPD16_eabi.lib : fd_add_t2.obj (.text)
                  00001bc2    00000002                                   : mpu_init.obj (.text)
                  00001bc4    00000170                                   : e_sqrt.obj (.text)
                  00001d34    00000144     adc_driver.obj (.text)
                  00001e78    00000136     rtsv7M4_T_le_v4SPD16_eabi.lib : fd_div_t2.obj (.text)
                  00001fae    000000fc                                   : fd_mul_t2.obj (.text)
                  000020aa    00000002                                   : startup.obj (.text)
                  000020ac    000000fc                                   : s_scalbn.obj (.text)
                  000021a8    000000ac     Timer.obj (.text)
                  00002254    0000009c     rtsv7M4_T_le_v4SPD16_eabi.lib : memcpy_t2.obj (.text)
                  000022f0    00000086                                   : fd_cmp_t2.obj (.text:__aeabi_cdcmple)
                  00002376    00000086                                   : fd_cmp_t2.obj (.text:__aeabi_cdrcmple)
                  000023fc    0000007a                                   : memset_t2.obj (.text)
                  00002476    00000002     --HOLE-- [fill = 0]
                  00002478    00000070                                   : autoinit.obj (.text)
                  000024e8    00000068                                   : copy_decompress_lzss.obj (.text:decompress:lzss)
                  00002550    00000060     main.obj (.text)
                  000025b0    00000054     rtsv7M4_T_le_v4SPD16_eabi.lib : boot.obj (.text)
                  00002604    00000054                                   : exit.obj (.text)
                  00002658    0000004c                                   : cpy_tbl.obj (.text)
                  000026a4    00000044     Clock.obj (.text)
                  000026e8    0000002e     rtsv7M4_T_le_v4SPD16_eabi.lib : i_tofd_t2.obj (.text)
                  00002716    00000002     --HOLE-- [fill = 0]
                  00002718    00000018                                   : args_main.obj (.text)
                  00002730    00000014                                   : _lock.obj (.text)
                  00002744    00000014                                   : s_copysign.obj (.text)
                  00002758    00000014                                   : strlen.obj (.text)
                  0000276c    0000000e                                   : copy_decompress_none.obj (.text:decompress:none)
                  0000277a    0000000e     startup_msp432p401r_ccs.obj (.text)
                  00002788    0000000c     rtsv7M4_T_le_v4SPD16_eabi.lib : copy_zero_init.obj (.text:decompress:ZI)
                  00002794    00000004                                   : pre_init.obj (.text)

.const     0    00002798    00000030     
                  00002798    00000030     rtsv7M4_T_le_v4SPD16_eabi.lib : e_pow.obj (.const:$O1$$)

.cinit     0    000027c8    00000050     
                  000027c8    00000027     (.cinit..data.load) [load image, compression = lzss]
                  000027ef    00000001     --HOLE-- [fill = 0]
                  000027f0    0000000c     (__TI_handler_table)
                  000027fc    00000004     --HOLE-- [fill = 0]
                  00002800    00000008     (.cinit..bss.load) [load image, compression = zero_init]
                  00002808    00000010     (__TI_cinit_table)

.init_array 
*          0    00000000    00000000     UNINITIALIZED

.sysmem    0    20000000    00000400     UNINITIALIZED
                  20000000    00000008     rtsv7M4_T_le_v4SPD16_eabi.lib : memory.obj (.sysmem)
                  20000008    000003f8     --HOLE--

.data      0    20000400    00000038     UNINITIALIZED
                  20000400    0000000c     rtsv7M4_T_le_v4SPD16_eabi.lib : exit.obj (.data:$O1$$)
                  2000040c    0000000c                                   : memory.obj (.data:$O1$$)
                  20000418    0000000c     main.obj (.data)
                  20000424    00000008     rtsv7M4_T_le_v4SPD16_eabi.lib : _lock.obj (.data:$O1$$)
                  2000042c    00000004                                   : errno.obj (.data)
                  20000430    00000004                                   : stkdepth_vars.obj (.data)
                  20000434    00000004     system_msp432p401r.obj (.data)

.bss       0    20000438    0000001e     UNINITIALIZED
                  20000438    00000018     (.common:myBuffer)
                  20000450    00000002     (.common:X_Accelerometer_ADC)
                  20000452    00000002     (.common:Y_Accelerometer_ADC)
                  20000454    00000002     (.common:Z_Accelerometer_ADC)

.stack     0    2000fe00    00000200     UNINITIALIZED
                  2000fe00    00000200     --HOLE--

MODULE SUMMARY

       Module                        code   ro data   rw data
       ------                        ----   -------   -------
    .\
       circ_buffer_basic.obj         824    0         0      
       system_msp432p401r.obj        812    0         8      
       UART.obj                      768    0         0      
       GPIO.obj                      584    0         0      
       adc_driver.obj                324    0         12     
       startup_msp432p401r_ccs.obj   14     228       0      
       Timer.obj                     172    0         0      
       main.obj                      96     0         72     
       Clock.obj                     68     0         0      
    +--+-----------------------------+------+---------+---------+
       Total:                        3662   228       92     
                                                             
    C:\Users\kwat1\Documents\ccsv7\tools\compiler\ti-cgt-arm_16.9.4.LTS\lib\rtsv7M4_T_le_v4SPD16_eabi.lib
       e_pow.obj                     2476   48        0      
       memory.obj                    976    0         24     
       fd_add_t2.obj                 438    0         0      
       e_sqrt.obj                    368    0         0      
       fd_div_t2.obj                 310    0         0      
       fd_cmp_t2.obj                 268    0         0      
       fd_mul_t2.obj                 252    0         0      
       s_scalbn.obj                  252    0         0      
       memcpy_t2.obj                 156    0         0      
       memset_t2.obj                 122    0         0      
       autoinit.obj                  112    0         0      
       exit.obj                      84     0         24     
       copy_decompress_lzss.obj      104    0         0      
       boot.obj                      84     0         0      
       cpy_tbl.obj                   76     0         0      
       i_tofd_t2.obj                 46     0         0      
       _lock.obj                     20     0         16     
       args_main.obj                 24     0         0      
       s_copysign.obj                20     0         0      
       strlen.obj                    20     0         0      
       copy_decompress_none.obj      14     0         0      
       copy_zero_init.obj            12     0         0      
       errno.obj                     0      0         8      
       stkdepth_vars.obj             0      0         8      
       pre_init.obj                  4      0         0      
       mpu_init.obj                  2      0         0      
       startup.obj                   2      0         0      
    +--+-----------------------------+------+---------+---------+
       Total:                        6242   48        80     
                                                             
       Heap:                         0      0         2048   
       Stack:                        0      0         1024   
       Linker Generated:             0      75        0      
    +--+-----------------------------+------+---------+---------+
       Grand Total:                  9904   351       3244   


LINKER GENERATED COPY TABLES

__TI_cinit_table @ 00002808 records: 2, size/record: 8, table size: 16
	.data: load addr=000027c8, load size=00000027 bytes, run addr=20000400, run size=00000038 bytes, compression=lzss
	.bss: load addr=00002800, load size=00000008 bytes, run addr=20000438, run size=0000001e bytes, compression=zero_init


LINKER GENERATED HANDLER TABLE

__TI_handler_table @ 000027f0 records: 3, size/record: 4, table size: 12
	index: 0, handler: __TI_decompress_lzss
	index: 1, handler: __TI_decompress_none
	index: 2, handler: __TI_zero_init


GLOBAL SYMBOLS: SORTED ALPHABETICALLY BY Name 

address   name                           
-------   ----                           
00001dfd  ADC14_IRQHandler               
00001dfd  ADC14_IRQHandler               
00001d61  ADC_Accelerometer_Config       
00002787  AES256_IRQHandler              
00002787  BusFault_Handler               
00002605  C$$EXIT                        
00002787  COMP_E0_IRQHandler             
00002787  COMP_E1_IRQHandler             
00002787  CS_IRQHandler                  
2000041d  Calculate_Distance             
000026a5  Clock_Config                   
00002787  DMA_ERR_IRQHandler             
00002787  DMA_INT0_IRQHandler            
00002787  DMA_INT1_IRQHandler            
00002787  DMA_INT2_IRQHandler            
00002787  DMA_INT3_IRQHandler            
00002787  DebugMon_Handler               
00002787  Default_Handler                
00002787  EUSCIA0_IRQHandler             
00002787  EUSCIA1_IRQHandler             
00001747  EUSCIA2_IRQHandler             
00001747  EUSCIA2_IRQHandler             
00002787  EUSCIA3_IRQHandler             
00002787  EUSCIB0_IRQHandler             
00002787  EUSCIB1_IRQHandler             
00002787  EUSCIB2_IRQHandler             
00002787  EUSCIB3_IRQHandler             
00002787  FLCTL_IRQHandler               
00002787  FPU_IRQHandler                 
00002787  HardFault_Handler              
0000181b  IR_Beam_Break_Config           
000018a9  Left_Right_Button_Config       
00002787  MemManage_Handler              
00002787  NMI_Handler                    
00002787  PCM_IRQHandler                 
00001953  PORT1_IRQHandler               
00001953  PORT1_IRQHandler               
00002787  PORT2_IRQHandler               
00002787  PORT3_IRQHandler               
00002787  PORT4_IRQHandler               
00002787  PORT5_IRQHandler               
00002787  PORT6_IRQHandler               
00002787  PSS_IRQHandler                 
00002787  PendSV_Handler                 
00001875  RGB_Config                     
00002787  RTC_C_IRQHandler               
0000277b  Reset_Handler                  
UNDEFED   SHT$$INIT_ARRAY$$Base          
UNDEFED   SHT$$INIT_ARRAY$$Limit         
00002787  SVC_Handler                    
00002787  SysTick_Handler                
20000434  SystemCoreClock                
00001199  SystemCoreClockUpdate          
0000140d  SystemInit                     
00002787  T32_INT1_IRQHandler            
00002787  T32_INT2_IRQHandler            
00002787  T32_INTC_IRQHandler            
00002215  TA0_0_IRQHandler               
00002215  TA0_0_IRQHandler               
00002787  TA0_N_IRQHandler               
00002787  TA1_0_IRQHandler               
00002787  TA1_N_IRQHandler               
00002787  TA2_0_IRQHandler               
00002787  TA2_N_IRQHandler               
00002787  TA3_0_IRQHandler               
00002787  TA3_N_IRQHandler               
000021d5  Timer_A0_Config                
000014f1  UART_Config                    
000017f1  UART_RX_TX_Config              
0000154b  UART_send_byte                 
00001567  UART_send_n_bytes              
00002787  UsageFault_Handler             
4000480c  WDTCTL_SYM                     
00002787  WDT_A_IRQHandler               
20000450  X_Accelerometer_ADC            
20000452  Y_Accelerometer_ADC            
20000454  Z_Accelerometer_ADC            
20010000  __STACK_END                    
00000200  __STACK_SIZE                   
00000400  __SYSMEM_SIZE                  
00002808  __TI_CINIT_Base                
00002818  __TI_CINIT_Limit               
000027f0  __TI_Handler_Table_Base        
000027fc  __TI_Handler_Table_Limit       
00002479  __TI_auto_init                 
20000400  __TI_cleanup_ptr               
000024e9  __TI_decompress_lzss           
0000276d  __TI_decompress_none           
20000404  __TI_dtors_ptr                 
20000408  __TI_enable_exit_profile_output
ffffffff  __TI_pprof_out_hndl            
ffffffff  __TI_prof_data_size            
ffffffff  __TI_prof_data_start           
00000000  __TI_static_base__             
00002789  __TI_zero_init                 
000022f1  __aeabi_cdcmpeq                
000022f1  __aeabi_cdcmple                
00002377  __aeabi_cdrcmple               
00001a17  __aeabi_dadd                   
00001e79  __aeabi_ddiv                   
00001faf  __aeabi_dmul                   
00001a0d  __aeabi_dsub                   
000026e9  __aeabi_i2d                    
000023fd  __aeabi_memclr                 
000023fd  __aeabi_memclr4                
000023fd  __aeabi_memclr8                
00002255  __aeabi_memcpy                 
00002255  __aeabi_memcpy4                
00002255  __aeabi_memcpy8                
000023ff  __aeabi_memset                 
000023ff  __aeabi_memset4                
000023ff  __aeabi_memset8                
ffffffff  __binit__                      
ffffffff  __c_args__                     
00001bc3  __mpu_init                     
2000fe00  __stack                        
00002719  _args_main                     
000025b1  _c_int00                       
20000424  _lock                          
0000273f  _nop                           
00002737  _register_lock                 
00002731  _register_unlock               
20000000  _sys_memory                    
000020ab  _system_post_cinit             
00002795  _system_pre_init               
20000428  _unlock                        
00002609  abort                          
00000eb5  add_To_Buffer                  
ffffffff  binit                          
00000e31  calloc                         
000010ef  clear_Buffer                   
00002659  copy_in                        
00002745  copysign                       
00002745  copysignl                      
00001047  currentSize                    
2000041c  dump_Buffer                    
2000042c  errno                          
00002611  exit                           
00000b7b  free                           
000016c3  ftoa                           
00000e61  initialize_Circ_Buffer         
000015ef  intToStr                       
00000000  interruptVectors               
0000102f  is_Circ_Buf_Empty              
0000100f  is_Circ_Buf_Full               
00001659  itoa                           
000020ad  ldexp                          
000020ad  ldexpl                         
00002551  main                           
20000430  main_func_sp                   
00000b11  malloc                         
00000d45  memalign                       
00002255  memcpy                         
00002405  memset                         
00000a91  minit                          
20000438  myBuffer                       
20000418  myBufferPTR                    
000000e5  pow                            
000000e5  powl                           
00001057  print                          
00000c3d  realloc                        
00000f4b  remove_From_Buffer             
0000159d  reverse                        
000020ad  scalbn                         
000020ad  scalbnl                        
00001bc5  sqrt                           
00001bc5  sqrtl                          
00002759  strlen                         
20000420  total_distance_cummulative     


GLOBAL SYMBOLS: SORTED BY Symbol Address 

address   name                           
-------   ----                           
00000000  __TI_static_base__             
00000000  interruptVectors               
000000e5  pow                            
000000e5  powl                           
00000200  __STACK_SIZE                   
00000400  __SYSMEM_SIZE                  
00000a91  minit                          
00000b11  malloc                         
00000b7b  free                           
00000c3d  realloc                        
00000d45  memalign                       
00000e31  calloc                         
00000e61  initialize_Circ_Buffer         
00000eb5  add_To_Buffer                  
00000f4b  remove_From_Buffer             
0000100f  is_Circ_Buf_Full               
0000102f  is_Circ_Buf_Empty              
00001047  currentSize                    
00001057  print                          
000010ef  clear_Buffer                   
00001199  SystemCoreClockUpdate          
0000140d  SystemInit                     
000014f1  UART_Config                    
0000154b  UART_send_byte                 
00001567  UART_send_n_bytes              
0000159d  reverse                        
000015ef  intToStr                       
00001659  itoa                           
000016c3  ftoa                           
00001747  EUSCIA2_IRQHandler             
00001747  EUSCIA2_IRQHandler             
000017f1  UART_RX_TX_Config              
0000181b  IR_Beam_Break_Config           
00001875  RGB_Config                     
000018a9  Left_Right_Button_Config       
00001953  PORT1_IRQHandler               
00001953  PORT1_IRQHandler               
00001a0d  __aeabi_dsub                   
00001a17  __aeabi_dadd                   
00001bc3  __mpu_init                     
00001bc5  sqrt                           
00001bc5  sqrtl                          
00001d61  ADC_Accelerometer_Config       
00001dfd  ADC14_IRQHandler               
00001dfd  ADC14_IRQHandler               
00001e79  __aeabi_ddiv                   
00001faf  __aeabi_dmul                   
000020ab  _system_post_cinit             
000020ad  ldexp                          
000020ad  ldexpl                         
000020ad  scalbn                         
000020ad  scalbnl                        
000021d5  Timer_A0_Config                
00002215  TA0_0_IRQHandler               
00002215  TA0_0_IRQHandler               
00002255  __aeabi_memcpy                 
00002255  __aeabi_memcpy4                
00002255  __aeabi_memcpy8                
00002255  memcpy                         
000022f1  __aeabi_cdcmpeq                
000022f1  __aeabi_cdcmple                
00002377  __aeabi_cdrcmple               
000023fd  __aeabi_memclr                 
000023fd  __aeabi_memclr4                
000023fd  __aeabi_memclr8                
000023ff  __aeabi_memset                 
000023ff  __aeabi_memset4                
000023ff  __aeabi_memset8                
00002405  memset                         
00002479  __TI_auto_init                 
000024e9  __TI_decompress_lzss           
00002551  main                           
000025b1  _c_int00                       
00002605  C$$EXIT                        
00002609  abort                          
00002611  exit                           
00002659  copy_in                        
000026a5  Clock_Config                   
000026e9  __aeabi_i2d                    
00002719  _args_main                     
00002731  _register_unlock               
00002737  _register_lock                 
0000273f  _nop                           
00002745  copysign                       
00002745  copysignl                      
00002759  strlen                         
0000276d  __TI_decompress_none           
0000277b  Reset_Handler                  
00002787  AES256_IRQHandler              
00002787  BusFault_Handler               
00002787  COMP_E0_IRQHandler             
00002787  COMP_E1_IRQHandler             
00002787  CS_IRQHandler                  
00002787  DMA_ERR_IRQHandler             
00002787  DMA_INT0_IRQHandler            
00002787  DMA_INT1_IRQHandler            
00002787  DMA_INT2_IRQHandler            
00002787  DMA_INT3_IRQHandler            
00002787  DebugMon_Handler               
00002787  Default_Handler                
00002787  EUSCIA0_IRQHandler             
00002787  EUSCIA1_IRQHandler             
00002787  EUSCIA3_IRQHandler             
00002787  EUSCIB0_IRQHandler             
00002787  EUSCIB1_IRQHandler             
00002787  EUSCIB2_IRQHandler             
00002787  EUSCIB3_IRQHandler             
00002787  FLCTL_IRQHandler               
00002787  FPU_IRQHandler                 
00002787  HardFault_Handler              
00002787  MemManage_Handler              
00002787  NMI_Handler                    
00002787  PCM_IRQHandler                 
00002787  PORT2_IRQHandler               
00002787  PORT3_IRQHandler               
00002787  PORT4_IRQHandler               
00002787  PORT5_IRQHandler               
00002787  PORT6_IRQHandler               
00002787  PSS_IRQHandler                 
00002787  PendSV_Handler                 
00002787  RTC_C_IRQHandler               
00002787  SVC_Handler                    
00002787  SysTick_Handler                
00002787  T32_INT1_IRQHandler            
00002787  T32_INT2_IRQHandler            
00002787  T32_INTC_IRQHandler            
00002787  TA0_N_IRQHandler               
00002787  TA1_0_IRQHandler               
00002787  TA1_N_IRQHandler               
00002787  TA2_0_IRQHandler               
00002787  TA2_N_IRQHandler               
00002787  TA3_0_IRQHandler               
00002787  TA3_N_IRQHandler               
00002787  UsageFault_Handler             
00002787  WDT_A_IRQHandler               
00002789  __TI_zero_init                 
00002795  _system_pre_init               
000027f0  __TI_Handler_Table_Base        
000027fc  __TI_Handler_Table_Limit       
00002808  __TI_CINIT_Base                
00002818  __TI_CINIT_Limit               
20000000  _sys_memory                    
20000400  __TI_cleanup_ptr               
20000404  __TI_dtors_ptr                 
20000408  __TI_enable_exit_profile_output
20000418  myBufferPTR                    
2000041c  dump_Buffer                    
2000041d  Calculate_Distance             
20000420  total_distance_cummulative     
20000424  _lock                          
20000428  _unlock                        
2000042c  errno                          
20000430  main_func_sp                   
20000434  SystemCoreClock                
20000438  myBuffer                       
20000450  X_Accelerometer_ADC            
20000452  Y_Accelerometer_ADC            
20000454  Z_Accelerometer_ADC            
2000fe00  __stack                        
20010000  __STACK_END                    
4000480c  WDTCTL_SYM                     
ffffffff  __TI_pprof_out_hndl            
ffffffff  __TI_prof_data_size            
ffffffff  __TI_prof_data_start           
ffffffff  __binit__                      
ffffffff  __c_args__                     
ffffffff  binit                          
UNDEFED   SHT$$INIT_ARRAY$$Base          
UNDEFED   SHT$$INIT_ARRAY$$Limit         

[169 symbols]
