<?xml version="1.0"?>
<link_info>
   <banner>TI ARM Linker PC v16.9.4.LTS</banner>
   <copyright>Copyright (c) 1996-2017 Texas Instruments Incorporated</copyright>
   <link_time>0x59f616da</link_time>
   <link_errors>0x0</link_errors>
   <output_file>Final_scooter.out</output_file>
   <entry_point>
      <name>_c_int00</name>
      <address>0x25b1</address>
   </entry_point>
   <input_file_list>
      <input_file id="fl-2">
         <path>.\</path>
         <kind>object</kind>
         <file>Clock.obj</file>
         <name>Clock.obj</name>
      </input_file>
      <input_file id="fl-3">
         <path>.\</path>
         <kind>object</kind>
         <file>Final_scooter.obj</file>
         <name>Final_scooter.obj</name>
      </input_file>
      <input_file id="fl-4">
         <path>.\</path>
         <kind>object</kind>
         <file>GPIO.obj</file>
         <name>GPIO.obj</name>
      </input_file>
      <input_file id="fl-5">
         <path>.\</path>
         <kind>object</kind>
         <file>Timer.obj</file>
         <name>Timer.obj</name>
      </input_file>
      <input_file id="fl-6">
         <path>.\</path>
         <kind>object</kind>
         <file>UART.obj</file>
         <name>UART.obj</name>
      </input_file>
      <input_file id="fl-7">
         <path>.\</path>
         <kind>object</kind>
         <file>adc_driver.obj</file>
         <name>adc_driver.obj</name>
      </input_file>
      <input_file id="fl-8">
         <path>.\</path>
         <kind>object</kind>
         <file>circ_buffer_basic.obj</file>
         <name>circ_buffer_basic.obj</name>
      </input_file>
      <input_file id="fl-9">
         <path>.\</path>
         <kind>object</kind>
         <file>main.obj</file>
         <name>main.obj</name>
      </input_file>
      <input_file id="fl-a">
         <path>.\</path>
         <kind>object</kind>
         <file>startup_msp432p401r_ccs.obj</file>
         <name>startup_msp432p401r_ccs.obj</name>
      </input_file>
      <input_file id="fl-b">
         <path>.\</path>
         <kind>object</kind>
         <file>system_msp432p401r.obj</file>
         <name>system_msp432p401r.obj</name>
      </input_file>
      <input_file id="fl-f">
         <kind>object</kind>
         <file>&lt;internal&gt;</file>
         <name>&lt;internal&gt;</name>
      </input_file>
      <input_file id="fl-c5">
         <path>C:\Users\kwat1\Documents\ccsv7\tools\compiler\ti-cgt-arm_16.9.4.LTS\lib\</path>
         <kind>archive</kind>
         <file>rtsv7M4_T_le_v4SPD16_eabi.lib</file>
         <name>boot.obj</name>
      </input_file>
      <input_file id="fl-c6">
         <path>C:\Users\kwat1\Documents\ccsv7\tools\compiler\ti-cgt-arm_16.9.4.LTS\lib\</path>
         <kind>archive</kind>
         <file>rtsv7M4_T_le_v4SPD16_eabi.lib</file>
         <name>copy_decompress_lzss.obj</name>
      </input_file>
      <input_file id="fl-c7">
         <path>C:\Users\kwat1\Documents\ccsv7\tools\compiler\ti-cgt-arm_16.9.4.LTS\lib\</path>
         <kind>archive</kind>
         <file>rtsv7M4_T_le_v4SPD16_eabi.lib</file>
         <name>copy_decompress_none.obj</name>
      </input_file>
      <input_file id="fl-c8">
         <path>C:\Users\kwat1\Documents\ccsv7\tools\compiler\ti-cgt-arm_16.9.4.LTS\lib\</path>
         <kind>archive</kind>
         <file>rtsv7M4_T_le_v4SPD16_eabi.lib</file>
         <name>copy_zero_init.obj</name>
      </input_file>
      <input_file id="fl-c9">
         <path>C:\Users\kwat1\Documents\ccsv7\tools\compiler\ti-cgt-arm_16.9.4.LTS\lib\</path>
         <kind>archive</kind>
         <file>rtsv7M4_T_le_v4SPD16_eabi.lib</file>
         <name>e_pow.obj</name>
      </input_file>
      <input_file id="fl-ca">
         <path>C:\Users\kwat1\Documents\ccsv7\tools\compiler\ti-cgt-arm_16.9.4.LTS\lib\</path>
         <kind>archive</kind>
         <file>rtsv7M4_T_le_v4SPD16_eabi.lib</file>
         <name>e_sqrt.obj</name>
      </input_file>
      <input_file id="fl-cb">
         <path>C:\Users\kwat1\Documents\ccsv7\tools\compiler\ti-cgt-arm_16.9.4.LTS\lib\</path>
         <kind>archive</kind>
         <file>rtsv7M4_T_le_v4SPD16_eabi.lib</file>
         <name>errno.obj</name>
      </input_file>
      <input_file id="fl-cc">
         <path>C:\Users\kwat1\Documents\ccsv7\tools\compiler\ti-cgt-arm_16.9.4.LTS\lib\</path>
         <kind>archive</kind>
         <file>rtsv7M4_T_le_v4SPD16_eabi.lib</file>
         <name>exit.obj</name>
      </input_file>
      <input_file id="fl-cd">
         <path>C:\Users\kwat1\Documents\ccsv7\tools\compiler\ti-cgt-arm_16.9.4.LTS\lib\</path>
         <kind>archive</kind>
         <file>rtsv7M4_T_le_v4SPD16_eabi.lib</file>
         <name>fd_add_t2.obj</name>
      </input_file>
      <input_file id="fl-ce">
         <path>C:\Users\kwat1\Documents\ccsv7\tools\compiler\ti-cgt-arm_16.9.4.LTS\lib\</path>
         <kind>archive</kind>
         <file>rtsv7M4_T_le_v4SPD16_eabi.lib</file>
         <name>fd_cmp_t2.obj</name>
      </input_file>
      <input_file id="fl-cf">
         <path>C:\Users\kwat1\Documents\ccsv7\tools\compiler\ti-cgt-arm_16.9.4.LTS\lib\</path>
         <kind>archive</kind>
         <file>rtsv7M4_T_le_v4SPD16_eabi.lib</file>
         <name>fd_div_t2.obj</name>
      </input_file>
      <input_file id="fl-d0">
         <path>C:\Users\kwat1\Documents\ccsv7\tools\compiler\ti-cgt-arm_16.9.4.LTS\lib\</path>
         <kind>archive</kind>
         <file>rtsv7M4_T_le_v4SPD16_eabi.lib</file>
         <name>fd_mul_t2.obj</name>
      </input_file>
      <input_file id="fl-d1">
         <path>C:\Users\kwat1\Documents\ccsv7\tools\compiler\ti-cgt-arm_16.9.4.LTS\lib\</path>
         <kind>archive</kind>
         <file>rtsv7M4_T_le_v4SPD16_eabi.lib</file>
         <name>i_tofd_t2.obj</name>
      </input_file>
      <input_file id="fl-d2">
         <path>C:\Users\kwat1\Documents\ccsv7\tools\compiler\ti-cgt-arm_16.9.4.LTS\lib\</path>
         <kind>archive</kind>
         <file>rtsv7M4_T_le_v4SPD16_eabi.lib</file>
         <name>memcpy_t2.obj</name>
      </input_file>
      <input_file id="fl-d3">
         <path>C:\Users\kwat1\Documents\ccsv7\tools\compiler\ti-cgt-arm_16.9.4.LTS\lib\</path>
         <kind>archive</kind>
         <file>rtsv7M4_T_le_v4SPD16_eabi.lib</file>
         <name>memory.obj</name>
      </input_file>
      <input_file id="fl-d4">
         <path>C:\Users\kwat1\Documents\ccsv7\tools\compiler\ti-cgt-arm_16.9.4.LTS\lib\</path>
         <kind>archive</kind>
         <file>rtsv7M4_T_le_v4SPD16_eabi.lib</file>
         <name>memset_t2.obj</name>
      </input_file>
      <input_file id="fl-d5">
         <path>C:\Users\kwat1\Documents\ccsv7\tools\compiler\ti-cgt-arm_16.9.4.LTS\lib\</path>
         <kind>archive</kind>
         <file>rtsv7M4_T_le_v4SPD16_eabi.lib</file>
         <name>mpu_init.obj</name>
      </input_file>
      <input_file id="fl-d6">
         <path>C:\Users\kwat1\Documents\ccsv7\tools\compiler\ti-cgt-arm_16.9.4.LTS\lib\</path>
         <kind>archive</kind>
         <file>rtsv7M4_T_le_v4SPD16_eabi.lib</file>
         <name>pre_init.obj</name>
      </input_file>
      <input_file id="fl-d7">
         <path>C:\Users\kwat1\Documents\ccsv7\tools\compiler\ti-cgt-arm_16.9.4.LTS\lib\</path>
         <kind>archive</kind>
         <file>rtsv7M4_T_le_v4SPD16_eabi.lib</file>
         <name>s_scalbn.obj</name>
      </input_file>
      <input_file id="fl-d8">
         <path>C:\Users\kwat1\Documents\ccsv7\tools\compiler\ti-cgt-arm_16.9.4.LTS\lib\</path>
         <kind>archive</kind>
         <file>rtsv7M4_T_le_v4SPD16_eabi.lib</file>
         <name>stkdepth_vars.obj</name>
      </input_file>
      <input_file id="fl-d9">
         <path>C:\Users\kwat1\Documents\ccsv7\tools\compiler\ti-cgt-arm_16.9.4.LTS\lib\</path>
         <kind>archive</kind>
         <file>rtsv7M4_T_le_v4SPD16_eabi.lib</file>
         <name>strlen.obj</name>
      </input_file>
      <input_file id="fl-da">
         <path>C:\Users\kwat1\Documents\ccsv7\tools\compiler\ti-cgt-arm_16.9.4.LTS\lib\</path>
         <kind>archive</kind>
         <file>rtsv7M4_T_le_v4SPD16_eabi.lib</file>
         <name>_lock.obj</name>
      </input_file>
      <input_file id="fl-db">
         <path>C:\Users\kwat1\Documents\ccsv7\tools\compiler\ti-cgt-arm_16.9.4.LTS\lib\</path>
         <kind>archive</kind>
         <file>rtsv7M4_T_le_v4SPD16_eabi.lib</file>
         <name>args_main.obj</name>
      </input_file>
      <input_file id="fl-dc">
         <path>C:\Users\kwat1\Documents\ccsv7\tools\compiler\ti-cgt-arm_16.9.4.LTS\lib\</path>
         <kind>archive</kind>
         <file>rtsv7M4_T_le_v4SPD16_eabi.lib</file>
         <name>autoinit.obj</name>
      </input_file>
      <input_file id="fl-dd">
         <path>C:\Users\kwat1\Documents\ccsv7\tools\compiler\ti-cgt-arm_16.9.4.LTS\lib\</path>
         <kind>archive</kind>
         <file>rtsv7M4_T_le_v4SPD16_eabi.lib</file>
         <name>cpy_tbl.obj</name>
      </input_file>
      <input_file id="fl-de">
         <path>C:\Users\kwat1\Documents\ccsv7\tools\compiler\ti-cgt-arm_16.9.4.LTS\lib\</path>
         <kind>archive</kind>
         <file>rtsv7M4_T_le_v4SPD16_eabi.lib</file>
         <name>s_copysign.obj</name>
      </input_file>
      <input_file id="fl-df">
         <path>C:\Users\kwat1\Documents\ccsv7\tools\compiler\ti-cgt-arm_16.9.4.LTS\lib\</path>
         <kind>archive</kind>
         <file>rtsv7M4_T_le_v4SPD16_eabi.lib</file>
         <name>startup.obj</name>
      </input_file>
   </input_file_list>
   <object_component_list>
      <object_component id="oc-2c">
         <name>.intvecs:retain</name>
         <load_address>0x0</load_address>
         <run_address>0x0</run_address>
         <size>0xe4</size>
         <input_file_ref idref="fl-a"/>
      </object_component>
      <object_component id="oc-ef">
         <name>.text</name>
         <load_address>0xe4</load_address>
         <run_address>0xe4</run_address>
         <size>0x9ac</size>
         <input_file_ref idref="fl-c9"/>
      </object_component>
      <object_component id="oc-19b">
         <name>.text</name>
         <load_address>0xa90</load_address>
         <run_address>0xa90</run_address>
         <size>0x3d0</size>
         <input_file_ref idref="fl-d3"/>
      </object_component>
      <object_component id="oc-125">
         <name>.text</name>
         <load_address>0xe60</load_address>
         <run_address>0xe60</run_address>
         <size>0x338</size>
         <input_file_ref idref="fl-8"/>
      </object_component>
      <object_component id="oc-d6">
         <name>.text</name>
         <load_address>0x1198</load_address>
         <run_address>0x1198</run_address>
         <size>0x32c</size>
         <input_file_ref idref="fl-b"/>
      </object_component>
      <object_component id="oc-84">
         <name>.text</name>
         <load_address>0x14c4</load_address>
         <run_address>0x14c4</run_address>
         <size>0x300</size>
         <input_file_ref idref="fl-6"/>
      </object_component>
      <object_component id="oc-90">
         <name>.text</name>
         <load_address>0x17c4</load_address>
         <run_address>0x17c4</run_address>
         <size>0x248</size>
         <input_file_ref idref="fl-4"/>
      </object_component>
      <object_component id="oc-149">
         <name>.text</name>
         <load_address>0x1a0c</load_address>
         <run_address>0x1a0c</run_address>
         <size>0x1b6</size>
         <input_file_ref idref="fl-cd"/>
      </object_component>
      <object_component id="oc-56">
         <name>.text</name>
         <load_address>0x1bc2</load_address>
         <run_address>0x1bc2</run_address>
         <size>0x2</size>
         <input_file_ref idref="fl-d5"/>
      </object_component>
      <object_component id="oc-153">
         <name>.text</name>
         <load_address>0x1bc4</load_address>
         <run_address>0x1bc4</run_address>
         <size>0x170</size>
         <input_file_ref idref="fl-ca"/>
      </object_component>
      <object_component id="oc-8a">
         <name>.text</name>
         <load_address>0x1d34</load_address>
         <run_address>0x1d34</run_address>
         <size>0x144</size>
         <input_file_ref idref="fl-7"/>
      </object_component>
      <object_component id="oc-14e">
         <name>.text</name>
         <load_address>0x1e78</load_address>
         <run_address>0x1e78</run_address>
         <size>0x136</size>
         <input_file_ref idref="fl-cf"/>
      </object_component>
      <object_component id="oc-15c">
         <name>.text</name>
         <load_address>0x1fae</load_address>
         <run_address>0x1fae</run_address>
         <size>0xfc</size>
         <input_file_ref idref="fl-d0"/>
      </object_component>
      <object_component id="oc-bb">
         <name>.text</name>
         <load_address>0x20aa</load_address>
         <run_address>0x20aa</run_address>
         <size>0x2</size>
         <input_file_ref idref="fl-df"/>
      </object_component>
      <object_component id="oc-173">
         <name>.text</name>
         <load_address>0x20ac</load_address>
         <run_address>0x20ac</run_address>
         <size>0xfc</size>
         <input_file_ref idref="fl-d7"/>
      </object_component>
      <object_component id="oc-7e">
         <name>.text</name>
         <load_address>0x21a8</load_address>
         <run_address>0x21a8</run_address>
         <size>0xac</size>
         <input_file_ref idref="fl-5"/>
      </object_component>
      <object_component id="oc-3e">
         <name>.text</name>
         <load_address>0x2254</load_address>
         <run_address>0x2254</run_address>
         <size>0x9c</size>
         <input_file_ref idref="fl-d2"/>
      </object_component>
      <object_component id="oc-169">
         <name>.text:__aeabi_cdcmple</name>
         <load_address>0x22f0</load_address>
         <run_address>0x22f0</run_address>
         <size>0x86</size>
         <input_file_ref idref="fl-ce"/>
      </object_component>
      <object_component id="oc-16e">
         <name>.text:__aeabi_cdrcmple</name>
         <load_address>0x2376</load_address>
         <run_address>0x2376</run_address>
         <size>0x86</size>
         <input_file_ref idref="fl-ce"/>
      </object_component>
      <object_component id="oc-4a">
         <name>.text</name>
         <load_address>0x23fc</load_address>
         <run_address>0x23fc</run_address>
         <size>0x7a</size>
         <input_file_ref idref="fl-d4"/>
      </object_component>
      <object_component id="oc-62">
         <name>.text</name>
         <load_address>0x2478</load_address>
         <run_address>0x2478</run_address>
         <size>0x70</size>
         <input_file_ref idref="fl-dc"/>
      </object_component>
      <object_component id="oc-14">
         <name>.text:decompress:lzss</name>
         <load_address>0x24e8</load_address>
         <run_address>0x24e8</run_address>
         <size>0x68</size>
         <input_file_ref idref="fl-c6"/>
      </object_component>
      <object_component id="oc-c3">
         <name>.text</name>
         <load_address>0x2550</load_address>
         <run_address>0x2550</run_address>
         <size>0x60</size>
         <input_file_ref idref="fl-9"/>
      </object_component>
      <object_component id="oc-26">
         <name>.text</name>
         <load_address>0x25b0</load_address>
         <run_address>0x25b0</run_address>
         <size>0x54</size>
         <input_file_ref idref="fl-c5"/>
      </object_component>
      <object_component id="oc-6e">
         <name>.text</name>
         <load_address>0x2604</load_address>
         <run_address>0x2604</run_address>
         <size>0x54</size>
         <input_file_ref idref="fl-cc"/>
      </object_component>
      <object_component id="oc-b5">
         <name>.text</name>
         <load_address>0x2658</load_address>
         <run_address>0x2658</run_address>
         <size>0x4c</size>
         <input_file_ref idref="fl-dd"/>
      </object_component>
      <object_component id="oc-e3">
         <name>.text</name>
         <load_address>0x26a4</load_address>
         <run_address>0x26a4</run_address>
         <size>0x44</size>
         <input_file_ref idref="fl-2"/>
      </object_component>
      <object_component id="oc-161">
         <name>.text</name>
         <load_address>0x26e8</load_address>
         <run_address>0x26e8</run_address>
         <size>0x2e</size>
         <input_file_ref idref="fl-d1"/>
      </object_component>
      <object_component id="oc-68">
         <name>.text</name>
         <load_address>0x2718</load_address>
         <run_address>0x2718</run_address>
         <size>0x18</size>
         <input_file_ref idref="fl-db"/>
      </object_component>
      <object_component id="oc-135">
         <name>.text</name>
         <load_address>0x2730</load_address>
         <run_address>0x2730</run_address>
         <size>0x14</size>
         <input_file_ref idref="fl-da"/>
      </object_component>
      <object_component id="oc-1b8">
         <name>.text</name>
         <load_address>0x2744</load_address>
         <run_address>0x2744</run_address>
         <size>0x14</size>
         <input_file_ref idref="fl-de"/>
      </object_component>
      <object_component id="oc-e9">
         <name>.text</name>
         <load_address>0x2758</load_address>
         <run_address>0x2758</run_address>
         <size>0x14</size>
         <input_file_ref idref="fl-d9"/>
      </object_component>
      <object_component id="oc-1a">
         <name>.text:decompress:none</name>
         <load_address>0x276c</load_address>
         <run_address>0x276c</run_address>
         <size>0xe</size>
         <input_file_ref idref="fl-c7"/>
      </object_component>
      <object_component id="oc-78">
         <name>.text</name>
         <load_address>0x277a</load_address>
         <run_address>0x277a</run_address>
         <size>0xe</size>
         <input_file_ref idref="fl-a"/>
      </object_component>
      <object_component id="oc-20">
         <name>.text:decompress:ZI</name>
         <load_address>0x2788</load_address>
         <run_address>0x2788</run_address>
         <size>0xc</size>
         <input_file_ref idref="fl-c8"/>
      </object_component>
      <object_component id="oc-5c">
         <name>.text</name>
         <load_address>0x2794</load_address>
         <run_address>0x2794</run_address>
         <size>0x4</size>
         <input_file_ref idref="fl-d6"/>
      </object_component>
      <object_component id="oc-166">
         <name>.const:$O1$$</name>
         <load_address>0x2798</load_address>
         <run_address>0x2798</run_address>
         <size>0x30</size>
         <input_file_ref idref="fl-c9"/>
      </object_component>
      <object_component id="oc-207">
         <name>.cinit..data.load</name>
         <load_address>0x27c8</load_address>
         <run_address>0x27c8</run_address>
         <size>0x27</size>
      </object_component>
      <object_component id="oc-205">
         <name>__TI_handler_table</name>
         <load_address>0x27f0</load_address>
         <run_address>0x27f0</run_address>
         <size>0xc</size>
      </object_component>
      <object_component id="oc-208">
         <name>.cinit..bss.load</name>
         <load_address>0x2800</load_address>
         <run_address>0x2800</run_address>
         <size>0x8</size>
      </object_component>
      <object_component id="oc-206">
         <name>__TI_cinit_table</name>
         <load_address>0x2808</load_address>
         <run_address>0x2808</run_address>
         <size>0x10</size>
      </object_component>
      <object_component id="oc-1e2">
         <name>.binit</name>
         <load_address>0x0</load_address>
         <run_address>0x0</run_address>
         <size>0x0</size>
      </object_component>
      <object_component id="oc-102">
         <name>.data</name>
         <load_address>0x20000418</load_address>
         <run_address>0x20000418</run_address>
         <size>0xc</size>
         <input_file_ref idref="fl-9"/>
      </object_component>
      <object_component id="oc-141">
         <name>.data</name>
         <load_address>0x20000434</load_address>
         <run_address>0x20000434</run_address>
         <size>0x4</size>
         <input_file_ref idref="fl-b"/>
      </object_component>
      <object_component id="oc-159">
         <name>.data</name>
         <load_address>0x2000042c</load_address>
         <run_address>0x2000042c</run_address>
         <size>0x4</size>
         <input_file_ref idref="fl-cb"/>
      </object_component>
      <object_component id="oc-cb">
         <name>.data:$O1$$</name>
         <load_address>0x20000400</load_address>
         <run_address>0x20000400</run_address>
         <size>0xc</size>
         <input_file_ref idref="fl-cc"/>
      </object_component>
      <object_component id="oc-1ce">
         <name>.data:$O1$$</name>
         <load_address>0x2000040c</load_address>
         <run_address>0x2000040c</run_address>
         <size>0xc</size>
         <input_file_ref idref="fl-d3"/>
      </object_component>
      <object_component id="oc-74">
         <name>.data</name>
         <load_address>0x20000430</load_address>
         <run_address>0x20000430</run_address>
         <size>0x4</size>
         <input_file_ref idref="fl-d8"/>
      </object_component>
      <object_component id="oc-ce">
         <name>.data:$O1$$</name>
         <load_address>0x20000424</load_address>
         <run_address>0x20000424</run_address>
         <size>0x8</size>
         <input_file_ref idref="fl-da"/>
      </object_component>
      <object_component id="oc-fc">
         <name>.common:X_Accelerometer_ADC</name>
         <uninitialized>true</uninitialized>
         <run_address>0x20000450</run_address>
         <size>0x2</size>
      </object_component>
      <object_component id="oc-ff">
         <name>.common:Y_Accelerometer_ADC</name>
         <uninitialized>true</uninitialized>
         <run_address>0x20000452</run_address>
         <size>0x2</size>
      </object_component>
      <object_component id="oc-100">
         <name>.common:Z_Accelerometer_ADC</name>
         <uninitialized>true</uninitialized>
         <run_address>0x20000454</run_address>
         <size>0x2</size>
      </object_component>
      <object_component id="oc-18a">
         <name>.common:myBuffer</name>
         <uninitialized>true</uninitialized>
         <run_address>0x20000438</run_address>
         <size>0x18</size>
      </object_component>
      <object_component id="oc-30">
         <name>.sysmem</name>
         <uninitialized>true</uninitialized>
         <run_address>0x20000000</run_address>
         <size>0x8</size>
         <input_file_ref idref="fl-d3"/>
      </object_component>
      <object_component id="oc-20a">
         <name>.sysmem</name>
         <uninitialized>true</uninitialized>
         <run_address>0x20000000</run_address>
         <size>0x0</size>
      </object_component>
      <object_component id="oc-2f">
         <name>.stack</name>
         <uninitialized>true</uninitialized>
         <run_address>0x2000fe00</run_address>
         <size>0x0</size>
         <input_file_ref idref="fl-c5"/>
      </object_component>
      <object_component id="oc-209">
         <name>.stack</name>
         <uninitialized>true</uninitialized>
         <run_address>0x2000fe00</run_address>
         <size>0x0</size>
      </object_component>
      <object_component id="oc-145">
         <name>.debug_info</name>
         <load_address>0x0</load_address>
         <run_address>0x0</run_address>
         <size>0x512</size>
         <input_file_ref idref="fl-2"/>
      </object_component>
      <object_component id="oc-e4">
         <name>.debug_info</name>
         <load_address>0x512</load_address>
         <run_address>0x512</run_address>
         <size>0x101</size>
         <input_file_ref idref="fl-2"/>
      </object_component>
      <object_component id="oc-de">
         <name>.debug_info</name>
         <load_address>0x613</load_address>
         <run_address>0x613</run_address>
         <size>0x37cd</size>
         <input_file_ref idref="fl-2"/>
      </object_component>
      <object_component id="oc-183">
         <name>.debug_info</name>
         <load_address>0x3de0</load_address>
         <run_address>0x3de0</run_address>
         <size>0x1055</size>
         <input_file_ref idref="fl-2"/>
      </object_component>
      <object_component id="oc-39">
         <name>.debug_info</name>
         <load_address>0x4e35</load_address>
         <run_address>0x4e35</run_address>
         <size>0x84</size>
         <input_file_ref idref="fl-2"/>
      </object_component>
      <object_component id="oc-f6">
         <name>.debug_info</name>
         <load_address>0x4eb9</load_address>
         <run_address>0x4eb9</run_address>
         <size>0x18b</size>
         <input_file_ref idref="fl-2"/>
      </object_component>
      <object_component id="oc-91">
         <name>.debug_info</name>
         <load_address>0x5044</load_address>
         <run_address>0x5044</run_address>
         <size>0x3aa</size>
         <input_file_ref idref="fl-4"/>
      </object_component>
      <object_component id="oc-82">
         <name>.debug_info</name>
         <load_address>0x53ee</load_address>
         <run_address>0x53ee</run_address>
         <size>0x261</size>
         <input_file_ref idref="fl-5"/>
      </object_component>
      <object_component id="oc-fb">
         <name>.debug_info</name>
         <load_address>0x564f</load_address>
         <run_address>0x564f</run_address>
         <size>0x5d9</size>
         <input_file_ref idref="fl-6"/>
      </object_component>
      <object_component id="oc-85">
         <name>.debug_info</name>
         <load_address>0x5c28</load_address>
         <run_address>0x5c28</run_address>
         <size>0x749</size>
         <input_file_ref idref="fl-6"/>
      </object_component>
      <object_component id="oc-ac">
         <name>.debug_info</name>
         <load_address>0x6371</load_address>
         <run_address>0x6371</run_address>
         <size>0x2c</size>
         <input_file_ref idref="fl-6"/>
      </object_component>
      <object_component id="oc-fd">
         <name>.debug_info</name>
         <load_address>0x639d</load_address>
         <run_address>0x639d</run_address>
         <size>0x5bc</size>
         <input_file_ref idref="fl-7"/>
      </object_component>
      <object_component id="oc-8b">
         <name>.debug_info</name>
         <load_address>0x6959</load_address>
         <run_address>0x6959</run_address>
         <size>0x28c</size>
         <input_file_ref idref="fl-7"/>
      </object_component>
      <object_component id="oc-1a2">
         <name>.debug_info</name>
         <load_address>0x6be5</load_address>
         <run_address>0x6be5</run_address>
         <size>0x630</size>
         <input_file_ref idref="fl-8"/>
      </object_component>
      <object_component id="oc-126">
         <name>.debug_info</name>
         <load_address>0x7215</load_address>
         <run_address>0x7215</run_address>
         <size>0x766</size>
         <input_file_ref idref="fl-8"/>
      </object_component>
      <object_component id="oc-1c9">
         <name>.debug_info</name>
         <load_address>0x797b</load_address>
         <run_address>0x797b</run_address>
         <size>0xae</size>
         <input_file_ref idref="fl-8"/>
      </object_component>
      <object_component id="oc-1d4">
         <name>.debug_info</name>
         <load_address>0x7a29</load_address>
         <run_address>0x7a29</run_address>
         <size>0x110</size>
         <input_file_ref idref="fl-8"/>
      </object_component>
      <object_component id="oc-18b">
         <name>.debug_info</name>
         <load_address>0x7b39</load_address>
         <run_address>0x7b39</run_address>
         <size>0x714</size>
         <input_file_ref idref="fl-9"/>
      </object_component>
      <object_component id="oc-103">
         <name>.debug_info</name>
         <load_address>0x824d</load_address>
         <run_address>0x824d</run_address>
         <size>0x173</size>
         <input_file_ref idref="fl-9"/>
      </object_component>
      <object_component id="oc-c5">
         <name>.debug_info</name>
         <load_address>0x83c0</load_address>
         <run_address>0x83c0</run_address>
         <size>0x195</size>
         <input_file_ref idref="fl-9"/>
      </object_component>
      <object_component id="oc-98">
         <name>.debug_info</name>
         <load_address>0x8555</load_address>
         <run_address>0x8555</run_address>
         <size>0x2b1</size>
         <input_file_ref idref="fl-a"/>
      </object_component>
      <object_component id="oc-2d">
         <name>.debug_info</name>
         <load_address>0x8806</load_address>
         <run_address>0x8806</run_address>
         <size>0xef</size>
         <input_file_ref idref="fl-a"/>
      </object_component>
      <object_component id="oc-7b">
         <name>.debug_info</name>
         <load_address>0x88f5</load_address>
         <run_address>0x88f5</run_address>
         <size>0x1b6</size>
         <input_file_ref idref="fl-a"/>
      </object_component>
      <object_component id="oc-142">
         <name>.debug_info</name>
         <load_address>0x8aab</load_address>
         <run_address>0x8aab</run_address>
         <size>0xe8</size>
         <input_file_ref idref="fl-b"/>
      </object_component>
      <object_component id="oc-d8">
         <name>.debug_info</name>
         <load_address>0x8b93</load_address>
         <run_address>0x8b93</run_address>
         <size>0x25a</size>
         <input_file_ref idref="fl-b"/>
      </object_component>
      <object_component id="oc-28">
         <name>.debug_info</name>
         <load_address>0x8ded</load_address>
         <run_address>0x8ded</run_address>
         <size>0x160</size>
         <input_file_ref idref="fl-c5"/>
      </object_component>
      <object_component id="oc-a2">
         <name>.debug_info</name>
         <load_address>0x8f4d</load_address>
         <run_address>0x8f4d</run_address>
         <size>0x293</size>
         <input_file_ref idref="fl-c6"/>
      </object_component>
      <object_component id="oc-15">
         <name>.debug_info</name>
         <load_address>0x91e0</load_address>
         <run_address>0x91e0</run_address>
         <size>0x245</size>
         <input_file_ref idref="fl-c6"/>
      </object_component>
      <object_component id="oc-34">
         <name>.debug_info</name>
         <load_address>0x9425</load_address>
         <run_address>0x9425</run_address>
         <size>0x60</size>
         <input_file_ref idref="fl-c6"/>
      </object_component>
      <object_component id="oc-9d">
         <name>.debug_info</name>
         <load_address>0x9485</load_address>
         <run_address>0x9485</run_address>
         <size>0x46</size>
         <input_file_ref idref="fl-c6"/>
      </object_component>
      <object_component id="oc-49">
         <name>.debug_info</name>
         <load_address>0x94cb</load_address>
         <run_address>0x94cb</run_address>
         <size>0x2da</size>
         <input_file_ref idref="fl-c7"/>
      </object_component>
      <object_component id="oc-1e">
         <name>.debug_info</name>
         <load_address>0x97a5</load_address>
         <run_address>0x97a5</run_address>
         <size>0x1df</size>
         <input_file_ref idref="fl-c7"/>
      </object_component>
      <object_component id="oc-44">
         <name>.debug_info</name>
         <load_address>0x9984</load_address>
         <run_address>0x9984</run_address>
         <size>0x46</size>
         <input_file_ref idref="fl-c7"/>
      </object_component>
      <object_component id="oc-a4">
         <name>.debug_info</name>
         <load_address>0x99ca</load_address>
         <run_address>0x99ca</run_address>
         <size>0x2c</size>
         <input_file_ref idref="fl-c7"/>
      </object_component>
      <object_component id="oc-55">
         <name>.debug_info</name>
         <load_address>0x99f6</load_address>
         <run_address>0x99f6</run_address>
         <size>0x2c9</size>
         <input_file_ref idref="fl-c8"/>
      </object_component>
      <object_component id="oc-22">
         <name>.debug_info</name>
         <load_address>0x9cbf</load_address>
         <run_address>0x9cbf</run_address>
         <size>0x1aa</size>
         <input_file_ref idref="fl-c8"/>
      </object_component>
      <object_component id="oc-50">
         <name>.debug_info</name>
         <load_address>0x9e69</load_address>
         <run_address>0x9e69</run_address>
         <size>0x46</size>
         <input_file_ref idref="fl-c8"/>
      </object_component>
      <object_component id="oc-17f">
         <name>.debug_info</name>
         <load_address>0x9eaf</load_address>
         <run_address>0x9eaf</run_address>
         <size>0x39b</size>
         <input_file_ref idref="fl-c9"/>
      </object_component>
      <object_component id="oc-167">
         <name>.debug_info</name>
         <load_address>0xa24a</load_address>
         <run_address>0xa24a</run_address>
         <size>0x11d</size>
         <input_file_ref idref="fl-c9"/>
      </object_component>
      <object_component id="oc-f1">
         <name>.debug_info</name>
         <load_address>0xa367</load_address>
         <run_address>0xa367</run_address>
         <size>0xb75</size>
         <input_file_ref idref="fl-c9"/>
      </object_component>
      <object_component id="oc-17a">
         <name>.debug_info</name>
         <load_address>0xaedc</load_address>
         <run_address>0xaedc</run_address>
         <size>0x39</size>
         <input_file_ref idref="fl-c9"/>
      </object_component>
      <object_component id="oc-1af">
         <name>.debug_info</name>
         <load_address>0xaf15</load_address>
         <run_address>0xaf15</run_address>
         <size>0x2e3</size>
         <input_file_ref idref="fl-ca"/>
      </object_component>
      <object_component id="oc-155">
         <name>.debug_info</name>
         <load_address>0xb1f8</load_address>
         <run_address>0xb1f8</run_address>
         <size>0x240</size>
         <input_file_ref idref="fl-ca"/>
      </object_component>
      <object_component id="oc-15a">
         <name>.debug_info</name>
         <load_address>0xb438</load_address>
         <run_address>0xb438</run_address>
         <size>0xf3</size>
         <input_file_ref idref="fl-cb"/>
      </object_component>
      <object_component id="oc-d2">
         <name>.debug_info</name>
         <load_address>0xb52b</load_address>
         <run_address>0xb52b</run_address>
         <size>0x3ce</size>
         <input_file_ref idref="fl-cc"/>
      </object_component>
      <object_component id="oc-cc">
         <name>.debug_info</name>
         <load_address>0xb8f9</load_address>
         <run_address>0xb8f9</run_address>
         <size>0x185</size>
         <input_file_ref idref="fl-cc"/>
      </object_component>
      <object_component id="oc-71">
         <name>.debug_info</name>
         <load_address>0xba7e</load_address>
         <run_address>0xba7e</run_address>
         <size>0x214</size>
         <input_file_ref idref="fl-cc"/>
      </object_component>
      <object_component id="oc-14c">
         <name>.debug_info</name>
         <load_address>0xbc92</load_address>
         <run_address>0xbc92</run_address>
         <size>0x144</size>
         <input_file_ref idref="fl-cd"/>
      </object_component>
      <object_component id="oc-16b">
         <name>.debug_info</name>
         <load_address>0xbdd6</load_address>
         <run_address>0xbdd6</run_address>
         <size>0x120</size>
         <input_file_ref idref="fl-ce"/>
      </object_component>
      <object_component id="oc-171">
         <name>.debug_info</name>
         <load_address>0xbef6</load_address>
         <run_address>0xbef6</run_address>
         <size>0x122</size>
         <input_file_ref idref="fl-ce"/>
      </object_component>
      <object_component id="oc-150">
         <name>.debug_info</name>
         <load_address>0xc018</load_address>
         <run_address>0xc018</run_address>
         <size>0x132</size>
         <input_file_ref idref="fl-cf"/>
      </object_component>
      <object_component id="oc-15e">
         <name>.debug_info</name>
         <load_address>0xc14a</load_address>
         <run_address>0xc14a</run_address>
         <size>0x132</size>
         <input_file_ref idref="fl-d0"/>
      </object_component>
      <object_component id="oc-163">
         <name>.debug_info</name>
         <load_address>0xc27c</load_address>
         <run_address>0xc27c</run_address>
         <size>0x124</size>
         <input_file_ref idref="fl-d1"/>
      </object_component>
      <object_component id="oc-41">
         <name>.debug_info</name>
         <load_address>0xc3a0</load_address>
         <run_address>0xc3a0</run_address>
         <size>0x111</size>
         <input_file_ref idref="fl-d2"/>
      </object_component>
      <object_component id="oc-9b">
         <name>.debug_info</name>
         <load_address>0xc4b1</load_address>
         <run_address>0xc4b1</run_address>
         <size>0x3bc</size>
         <input_file_ref idref="fl-d3"/>
      </object_component>
      <object_component id="oc-31">
         <name>.debug_info</name>
         <load_address>0xc86d</load_address>
         <run_address>0xc86d</run_address>
         <size>0x101</size>
         <input_file_ref idref="fl-d3"/>
      </object_component>
      <object_component id="oc-1cf">
         <name>.debug_info</name>
         <load_address>0xc96e</load_address>
         <run_address>0xc96e</run_address>
         <size>0x14c</size>
         <input_file_ref idref="fl-d3"/>
      </object_component>
      <object_component id="oc-19c">
         <name>.debug_info</name>
         <load_address>0xcaba</load_address>
         <run_address>0xcaba</run_address>
         <size>0x885</size>
         <input_file_ref idref="fl-d3"/>
      </object_component>
      <object_component id="oc-10a">
         <name>.debug_info</name>
         <load_address>0xd33f</load_address>
         <run_address>0xd33f</run_address>
         <size>0x2c</size>
         <input_file_ref idref="fl-d3"/>
      </object_component>
      <object_component id="oc-10f">
         <name>.debug_info</name>
         <load_address>0xd36b</load_address>
         <run_address>0xd36b</run_address>
         <size>0x62</size>
         <input_file_ref idref="fl-d3"/>
      </object_component>
      <object_component id="oc-4b">
         <name>.debug_info</name>
         <load_address>0xd3cd</load_address>
         <run_address>0xd3cd</run_address>
         <size>0x13f</size>
         <input_file_ref idref="fl-d4"/>
      </object_component>
      <object_component id="oc-57">
         <name>.debug_info</name>
         <load_address>0xd50c</load_address>
         <run_address>0xd50c</run_address>
         <size>0x138</size>
         <input_file_ref idref="fl-d5"/>
      </object_component>
      <object_component id="oc-5d">
         <name>.debug_info</name>
         <load_address>0xd644</load_address>
         <run_address>0xd644</run_address>
         <size>0x148</size>
         <input_file_ref idref="fl-d6"/>
      </object_component>
      <object_component id="oc-1bf">
         <name>.debug_info</name>
         <load_address>0xd78c</load_address>
         <run_address>0xd78c</run_address>
         <size>0x316</size>
         <input_file_ref idref="fl-d7"/>
      </object_component>
      <object_component id="oc-177">
         <name>.debug_info</name>
         <load_address>0xdaa2</load_address>
         <run_address>0xdaa2</run_address>
         <size>0x1d5</size>
         <input_file_ref idref="fl-d7"/>
      </object_component>
      <object_component id="oc-1c0">
         <name>.debug_info</name>
         <load_address>0xdc77</load_address>
         <run_address>0xdc77</run_address>
         <size>0x2c</size>
         <input_file_ref idref="fl-d7"/>
      </object_component>
      <object_component id="oc-75">
         <name>.debug_info</name>
         <load_address>0xdca3</load_address>
         <run_address>0xdca3</run_address>
         <size>0x109</size>
         <input_file_ref idref="fl-d8"/>
      </object_component>
      <object_component id="oc-148">
         <name>.debug_info</name>
         <load_address>0xddac</load_address>
         <run_address>0xddac</run_address>
         <size>0x284</size>
         <input_file_ref idref="fl-d9"/>
      </object_component>
      <object_component id="oc-ed">
         <name>.debug_info</name>
         <load_address>0xe030</load_address>
         <run_address>0xe030</run_address>
         <size>0x22a</size>
         <input_file_ref idref="fl-d9"/>
      </object_component>
      <object_component id="oc-13d">
         <name>.debug_info</name>
         <load_address>0xe25a</load_address>
         <run_address>0xe25a</run_address>
         <size>0x2be</size>
         <input_file_ref idref="fl-da"/>
      </object_component>
      <object_component id="oc-cf">
         <name>.debug_info</name>
         <load_address>0xe518</load_address>
         <run_address>0xe518</run_address>
         <size>0x113</size>
         <input_file_ref idref="fl-da"/>
      </object_component>
      <object_component id="oc-138">
         <name>.debug_info</name>
         <load_address>0xe62b</load_address>
         <run_address>0xe62b</run_address>
         <size>0x21f</size>
         <input_file_ref idref="fl-da"/>
      </object_component>
      <object_component id="oc-ca">
         <name>.debug_info</name>
         <load_address>0xe84a</load_address>
         <run_address>0xe84a</run_address>
         <size>0x300</size>
         <input_file_ref idref="fl-db"/>
      </object_component>
      <object_component id="oc-6b">
         <name>.debug_info</name>
         <load_address>0xeb4a</load_address>
         <run_address>0xeb4a</run_address>
         <size>0x167</size>
         <input_file_ref idref="fl-db"/>
      </object_component>
      <object_component id="oc-12e">
         <name>.debug_info</name>
         <load_address>0xecb1</load_address>
         <run_address>0xecb1</run_address>
         <size>0x5e</size>
         <input_file_ref idref="fl-db"/>
      </object_component>
      <object_component id="oc-c2">
         <name>.debug_info</name>
         <load_address>0xed0f</load_address>
         <run_address>0xed0f</run_address>
         <size>0x483</size>
         <input_file_ref idref="fl-dc"/>
      </object_component>
      <object_component id="oc-63">
         <name>.debug_info</name>
         <load_address>0xf192</load_address>
         <run_address>0xf192</run_address>
         <size>0x190</size>
         <input_file_ref idref="fl-dc"/>
      </object_component>
      <object_component id="oc-11b">
         <name>.debug_info</name>
         <load_address>0xf322</load_address>
         <run_address>0xf322</run_address>
         <size>0x39</size>
         <input_file_ref idref="fl-dc"/>
      </object_component>
      <object_component id="oc-196">
         <name>.debug_info</name>
         <load_address>0xf35b</load_address>
         <run_address>0xf35b</run_address>
         <size>0x39</size>
         <input_file_ref idref="fl-dc"/>
      </object_component>
      <object_component id="oc-120">
         <name>.debug_info</name>
         <load_address>0xf394</load_address>
         <run_address>0xf394</run_address>
         <size>0xcd</size>
         <input_file_ref idref="fl-dc"/>
      </object_component>
      <object_component id="oc-117">
         <name>.debug_info</name>
         <load_address>0xf461</load_address>
         <run_address>0xf461</run_address>
         <size>0x37a</size>
         <input_file_ref idref="fl-dd"/>
      </object_component>
      <object_component id="oc-b6">
         <name>.debug_info</name>
         <load_address>0xf7db</load_address>
         <run_address>0xf7db</run_address>
         <size>0x183</size>
         <input_file_ref idref="fl-dd"/>
      </object_component>
      <object_component id="oc-191">
         <name>.debug_info</name>
         <load_address>0xf95e</load_address>
         <run_address>0xf95e</run_address>
         <size>0x2c</size>
         <input_file_ref idref="fl-dd"/>
      </object_component>
      <object_component id="oc-1b9">
         <name>.debug_info</name>
         <load_address>0xf98a</load_address>
         <run_address>0xf98a</run_address>
         <size>0x156</size>
         <input_file_ref idref="fl-de"/>
      </object_component>
      <object_component id="oc-bc">
         <name>.debug_info</name>
         <load_address>0xfae0</load_address>
         <run_address>0xfae0</run_address>
         <size>0x145</size>
         <input_file_ref idref="fl-df"/>
      </object_component>
      <object_component id="oc-20b">
         <name>.debug_info</name>
         <load_address>0xfc25</load_address>
         <run_address>0xfc25</run_address>
         <size>0x9e</size>
      </object_component>
      <object_component id="oc-1a9">
         <name>.debug_line</name>
         <load_address>0x0</load_address>
         <run_address>0x0</run_address>
         <size>0x20</size>
         <input_file_ref idref="fl-2"/>
      </object_component>
      <object_component id="oc-e7">
         <name>.debug_line</name>
         <load_address>0x20</load_address>
         <run_address>0x20</run_address>
         <size>0x48</size>
         <input_file_ref idref="fl-2"/>
      </object_component>
      <object_component id="oc-e1">
         <name>.debug_line</name>
         <load_address>0x68</load_address>
         <run_address>0x68</run_address>
         <size>0x65</size>
         <input_file_ref idref="fl-2"/>
      </object_component>
      <object_component id="oc-186">
         <name>.debug_line</name>
         <load_address>0xcd</load_address>
         <run_address>0xcd</run_address>
         <size>0x68</size>
         <input_file_ref idref="fl-2"/>
      </object_component>
      <object_component id="oc-3c">
         <name>.debug_line</name>
         <load_address>0x135</load_address>
         <run_address>0x135</run_address>
         <size>0x20</size>
         <input_file_ref idref="fl-2"/>
      </object_component>
      <object_component id="oc-f9">
         <name>.debug_line</name>
         <load_address>0x155</load_address>
         <run_address>0x155</run_address>
         <size>0x78</size>
         <input_file_ref idref="fl-2"/>
      </object_component>
      <object_component id="oc-94">
         <name>.debug_line</name>
         <load_address>0x1cd</load_address>
         <run_address>0x1cd</run_address>
         <size>0x155</size>
         <input_file_ref idref="fl-4"/>
      </object_component>
      <object_component id="oc-80">
         <name>.debug_line</name>
         <load_address>0x322</load_address>
         <run_address>0x322</run_address>
         <size>0xd9</size>
         <input_file_ref idref="fl-5"/>
      </object_component>
      <object_component id="oc-182">
         <name>.debug_line</name>
         <load_address>0x3fb</load_address>
         <run_address>0x3fb</run_address>
         <size>0xa0</size>
         <input_file_ref idref="fl-6"/>
      </object_component>
      <object_component id="oc-89">
         <name>.debug_line</name>
         <load_address>0x49b</load_address>
         <run_address>0x49b</run_address>
         <size>0x1f7</size>
         <input_file_ref idref="fl-6"/>
      </object_component>
      <object_component id="oc-af">
         <name>.debug_line</name>
         <load_address>0x692</load_address>
         <run_address>0x692</run_address>
         <size>0x78</size>
         <input_file_ref idref="fl-6"/>
      </object_component>
      <object_component id="oc-189">
         <name>.debug_line</name>
         <load_address>0x70a</load_address>
         <run_address>0x70a</run_address>
         <size>0x33</size>
         <input_file_ref idref="fl-7"/>
      </object_component>
      <object_component id="oc-8e">
         <name>.debug_line</name>
         <load_address>0x73d</load_address>
         <run_address>0x73d</run_address>
         <size>0xe9</size>
         <input_file_ref idref="fl-7"/>
      </object_component>
      <object_component id="oc-1d3">
         <name>.debug_line</name>
         <load_address>0x826</load_address>
         <run_address>0x826</run_address>
         <size>0x85</size>
         <input_file_ref idref="fl-8"/>
      </object_component>
      <object_component id="oc-129">
         <name>.debug_line</name>
         <load_address>0x8ab</load_address>
         <run_address>0x8ab</run_address>
         <size>0x1cf</size>
         <input_file_ref idref="fl-8"/>
      </object_component>
      <object_component id="oc-1cc">
         <name>.debug_line</name>
         <load_address>0xa7a</load_address>
         <run_address>0xa7a</run_address>
         <size>0x3a</size>
         <input_file_ref idref="fl-8"/>
      </object_component>
      <object_component id="oc-1d7">
         <name>.debug_line</name>
         <load_address>0xab4</load_address>
         <run_address>0xab4</run_address>
         <size>0x78</size>
         <input_file_ref idref="fl-8"/>
      </object_component>
      <object_component id="oc-1c8">
         <name>.debug_line</name>
         <load_address>0xb2c</load_address>
         <run_address>0xb2c</run_address>
         <size>0x6f</size>
         <input_file_ref idref="fl-9"/>
      </object_component>
      <object_component id="oc-18e">
         <name>.debug_line</name>
         <load_address>0xb9b</load_address>
         <run_address>0xb9b</run_address>
         <size>0x2d</size>
         <input_file_ref idref="fl-9"/>
      </object_component>
      <object_component id="oc-c8">
         <name>.debug_line</name>
         <load_address>0xbc8</load_address>
         <run_address>0xbc8</run_address>
         <size>0x5c</size>
         <input_file_ref idref="fl-9"/>
      </object_component>
      <object_component id="oc-107">
         <name>.debug_line</name>
         <load_address>0xc24</load_address>
         <run_address>0xc24</run_address>
         <size>0x40</size>
         <input_file_ref idref="fl-a"/>
      </object_component>
      <object_component id="oc-97">
         <name>.debug_line</name>
         <load_address>0xc64</load_address>
         <run_address>0xc64</run_address>
         <size>0x40</size>
         <input_file_ref idref="fl-a"/>
      </object_component>
      <object_component id="oc-7a">
         <name>.debug_line</name>
         <load_address>0xca4</load_address>
         <run_address>0xca4</run_address>
         <size>0x71</size>
         <input_file_ref idref="fl-a"/>
      </object_component>
      <object_component id="oc-1a7">
         <name>.debug_line</name>
         <load_address>0xd15</load_address>
         <run_address>0xd15</run_address>
         <size>0x3b</size>
         <input_file_ref idref="fl-b"/>
      </object_component>
      <object_component id="oc-db">
         <name>.debug_line</name>
         <load_address>0xd50</load_address>
         <run_address>0xd50</run_address>
         <size>0x146</size>
         <input_file_ref idref="fl-b"/>
      </object_component>
      <object_component id="oc-2a">
         <name>.debug_line</name>
         <load_address>0xe96</load_address>
         <run_address>0xe96</run_address>
         <size>0x53</size>
         <input_file_ref idref="fl-c5"/>
      </object_component>
      <object_component id="oc-115">
         <name>.debug_line</name>
         <load_address>0xee9</load_address>
         <run_address>0xee9</run_address>
         <size>0x20</size>
         <input_file_ref idref="fl-c6"/>
      </object_component>
      <object_component id="oc-19">
         <name>.debug_line</name>
         <load_address>0xf09</load_address>
         <run_address>0xf09</run_address>
         <size>0xa9</size>
         <input_file_ref idref="fl-c6"/>
      </object_component>
      <object_component id="oc-37">
         <name>.debug_line</name>
         <load_address>0xfb2</load_address>
         <run_address>0xfb2</run_address>
         <size>0x3a</size>
         <input_file_ref idref="fl-c6"/>
      </object_component>
      <object_component id="oc-a0">
         <name>.debug_line</name>
         <load_address>0xfec</load_address>
         <run_address>0xfec</run_address>
         <size>0x8a</size>
         <input_file_ref idref="fl-c6"/>
      </object_component>
      <object_component id="oc-aa">
         <name>.debug_line</name>
         <load_address>0x1076</load_address>
         <run_address>0x1076</run_address>
         <size>0x8a</size>
         <input_file_ref idref="fl-c7"/>
      </object_component>
      <object_component id="oc-1d">
         <name>.debug_line</name>
         <load_address>0x1100</load_address>
         <run_address>0x1100</run_address>
         <size>0x55</size>
         <input_file_ref idref="fl-c7"/>
      </object_component>
      <object_component id="oc-47">
         <name>.debug_line</name>
         <load_address>0x1155</load_address>
         <run_address>0x1155</run_address>
         <size>0x3a</size>
         <input_file_ref idref="fl-c7"/>
      </object_component>
      <object_component id="oc-a7">
         <name>.debug_line</name>
         <load_address>0x118f</load_address>
         <run_address>0x118f</run_address>
         <size>0x8a</size>
         <input_file_ref idref="fl-c7"/>
      </object_component>
      <object_component id="oc-b2">
         <name>.debug_line</name>
         <load_address>0x1219</load_address>
         <run_address>0x1219</run_address>
         <size>0x8a</size>
         <input_file_ref idref="fl-c8"/>
      </object_component>
      <object_component id="oc-21">
         <name>.debug_line</name>
         <load_address>0x12a3</load_address>
         <run_address>0x12a3</run_address>
         <size>0x4f</size>
         <input_file_ref idref="fl-c8"/>
      </object_component>
      <object_component id="oc-53">
         <name>.debug_line</name>
         <load_address>0x12f2</load_address>
         <run_address>0x12f2</run_address>
         <size>0x34</size>
         <input_file_ref idref="fl-c8"/>
      </object_component>
      <object_component id="oc-1c6">
         <name>.debug_line</name>
         <load_address>0x1326</load_address>
         <run_address>0x1326</run_address>
         <size>0x93</size>
         <input_file_ref idref="fl-c9"/>
      </object_component>
      <object_component id="oc-1b5">
         <name>.debug_line</name>
         <load_address>0x13b9</load_address>
         <run_address>0x13b9</run_address>
         <size>0x2b</size>
         <input_file_ref idref="fl-c9"/>
      </object_component>
      <object_component id="oc-f3">
         <name>.debug_line</name>
         <load_address>0x13e4</load_address>
         <run_address>0x13e4</run_address>
         <size>0x2b4</size>
         <input_file_ref idref="fl-c9"/>
      </object_component>
      <object_component id="oc-17d">
         <name>.debug_line</name>
         <load_address>0x1698</load_address>
         <run_address>0x1698</run_address>
         <size>0x8a</size>
         <input_file_ref idref="fl-c9"/>
      </object_component>
      <object_component id="oc-1da">
         <name>.debug_line</name>
         <load_address>0x1722</load_address>
         <run_address>0x1722</run_address>
         <size>0x89</size>
         <input_file_ref idref="fl-ca"/>
      </object_component>
      <object_component id="oc-158">
         <name>.debug_line</name>
         <load_address>0x17ab</load_address>
         <run_address>0x17ab</run_address>
         <size>0x132</size>
         <input_file_ref idref="fl-ca"/>
      </object_component>
      <object_component id="oc-1b1">
         <name>.debug_line</name>
         <load_address>0x18dd</load_address>
         <run_address>0x18dd</run_address>
         <size>0x2b</size>
         <input_file_ref idref="fl-cb"/>
      </object_component>
      <object_component id="oc-140">
         <name>.debug_line</name>
         <load_address>0x1908</load_address>
         <run_address>0x1908</run_address>
         <size>0xf2</size>
         <input_file_ref idref="fl-cc"/>
      </object_component>
      <object_component id="oc-134">
         <name>.debug_line</name>
         <load_address>0x19fa</load_address>
         <run_address>0x19fa</run_address>
         <size>0x2a</size>
         <input_file_ref idref="fl-cc"/>
      </object_component>
      <object_component id="oc-6f">
         <name>.debug_line</name>
         <load_address>0x1a24</load_address>
         <run_address>0x1a24</run_address>
         <size>0x86</size>
         <input_file_ref idref="fl-cc"/>
      </object_component>
      <object_component id="oc-14b">
         <name>.debug_line</name>
         <load_address>0x1aaa</load_address>
         <run_address>0x1aaa</run_address>
         <size>0xd2</size>
         <input_file_ref idref="fl-cd"/>
      </object_component>
      <object_component id="oc-16d">
         <name>.debug_line</name>
         <load_address>0x1b7c</load_address>
         <run_address>0x1b7c</run_address>
         <size>0x77</size>
         <input_file_ref idref="fl-ce"/>
      </object_component>
      <object_component id="oc-16f">
         <name>.debug_line</name>
         <load_address>0x1bf3</load_address>
         <run_address>0x1bf3</run_address>
         <size>0x77</size>
         <input_file_ref idref="fl-ce"/>
      </object_component>
      <object_component id="oc-14f">
         <name>.debug_line</name>
         <load_address>0x1c6a</load_address>
         <run_address>0x1c6a</run_address>
         <size>0xa8</size>
         <input_file_ref idref="fl-cf"/>
      </object_component>
      <object_component id="oc-15d">
         <name>.debug_line</name>
         <load_address>0x1d12</load_address>
         <run_address>0x1d12</run_address>
         <size>0x8e</size>
         <input_file_ref idref="fl-d0"/>
      </object_component>
      <object_component id="oc-162">
         <name>.debug_line</name>
         <load_address>0x1da0</load_address>
         <run_address>0x1da0</run_address>
         <size>0x50</size>
         <input_file_ref idref="fl-d1"/>
      </object_component>
      <object_component id="oc-40">
         <name>.debug_line</name>
         <load_address>0x1df0</load_address>
         <run_address>0x1df0</run_address>
         <size>0x88</size>
         <input_file_ref idref="fl-d2"/>
      </object_component>
      <object_component id="oc-109">
         <name>.debug_line</name>
         <load_address>0x1e78</load_address>
         <run_address>0x1e78</run_address>
         <size>0xff</size>
         <input_file_ref idref="fl-d3"/>
      </object_component>
      <object_component id="oc-9a">
         <name>.debug_line</name>
         <load_address>0x1f77</load_address>
         <run_address>0x1f77</run_address>
         <size>0x2c</size>
         <input_file_ref idref="fl-d3"/>
      </object_component>
      <object_component id="oc-1df">
         <name>.debug_line</name>
         <load_address>0x1fa3</load_address>
         <run_address>0x1fa3</run_address>
         <size>0x2c</size>
         <input_file_ref idref="fl-d3"/>
      </object_component>
      <object_component id="oc-1a0">
         <name>.debug_line</name>
         <load_address>0x1fcf</load_address>
         <run_address>0x1fcf</run_address>
         <size>0x2fc</size>
         <input_file_ref idref="fl-d3"/>
      </object_component>
      <object_component id="oc-10d">
         <name>.debug_line</name>
         <load_address>0x22cb</load_address>
         <run_address>0x22cb</run_address>
         <size>0x8a</size>
         <input_file_ref idref="fl-d3"/>
      </object_component>
      <object_component id="oc-112">
         <name>.debug_line</name>
         <load_address>0x2355</load_address>
         <run_address>0x2355</run_address>
         <size>0x2c</size>
         <input_file_ref idref="fl-d3"/>
      </object_component>
      <object_component id="oc-4e">
         <name>.debug_line</name>
         <load_address>0x2381</load_address>
         <run_address>0x2381</run_address>
         <size>0x79</size>
         <input_file_ref idref="fl-d4"/>
      </object_component>
      <object_component id="oc-5a">
         <name>.debug_line</name>
         <load_address>0x23fa</load_address>
         <run_address>0x23fa</run_address>
         <size>0x3d</size>
         <input_file_ref idref="fl-d5"/>
      </object_component>
      <object_component id="oc-60">
         <name>.debug_line</name>
         <load_address>0x2437</load_address>
         <run_address>0x2437</run_address>
         <size>0x40</size>
         <input_file_ref idref="fl-d6"/>
      </object_component>
      <object_component id="oc-1dd">
         <name>.debug_line</name>
         <load_address>0x2477</load_address>
         <run_address>0x2477</run_address>
         <size>0x93</size>
         <input_file_ref idref="fl-d7"/>
      </object_component>
      <object_component id="oc-174">
         <name>.debug_line</name>
         <load_address>0x250a</load_address>
         <run_address>0x250a</run_address>
         <size>0xa1</size>
         <input_file_ref idref="fl-d7"/>
      </object_component>
      <object_component id="oc-1c3">
         <name>.debug_line</name>
         <load_address>0x25ab</load_address>
         <run_address>0x25ab</run_address>
         <size>0x8a</size>
         <input_file_ref idref="fl-d7"/>
      </object_component>
      <object_component id="oc-d5">
         <name>.debug_line</name>
         <load_address>0x2635</load_address>
         <run_address>0x2635</run_address>
         <size>0x33</size>
         <input_file_ref idref="fl-d8"/>
      </object_component>
      <object_component id="oc-1ab">
         <name>.debug_line</name>
         <load_address>0x2668</load_address>
         <run_address>0x2668</run_address>
         <size>0x20</size>
         <input_file_ref idref="fl-d9"/>
      </object_component>
      <object_component id="oc-eb">
         <name>.debug_line</name>
         <load_address>0x2688</load_address>
         <run_address>0x2688</run_address>
         <size>0xaa</size>
         <input_file_ref idref="fl-d9"/>
      </object_component>
      <object_component id="oc-1a5">
         <name>.debug_line</name>
         <load_address>0x2732</load_address>
         <run_address>0x2732</run_address>
         <size>0x20</size>
         <input_file_ref idref="fl-da"/>
      </object_component>
      <object_component id="oc-13c">
         <name>.debug_line</name>
         <load_address>0x2752</load_address>
         <run_address>0x2752</run_address>
         <size>0x2b</size>
         <input_file_ref idref="fl-da"/>
      </object_component>
      <object_component id="oc-137">
         <name>.debug_line</name>
         <load_address>0x277d</load_address>
         <run_address>0x277d</run_address>
         <size>0x68</size>
         <input_file_ref idref="fl-da"/>
      </object_component>
      <object_component id="oc-12d">
         <name>.debug_line</name>
         <load_address>0x27e5</load_address>
         <run_address>0x27e5</run_address>
         <size>0x2b</size>
         <input_file_ref idref="fl-db"/>
      </object_component>
      <object_component id="oc-6d">
         <name>.debug_line</name>
         <load_address>0x2810</load_address>
         <run_address>0x2810</run_address>
         <size>0x4a</size>
         <input_file_ref idref="fl-db"/>
      </object_component>
      <object_component id="oc-131">
         <name>.debug_line</name>
         <load_address>0x285a</load_address>
         <run_address>0x285a</run_address>
         <size>0x2b</size>
         <input_file_ref idref="fl-db"/>
      </object_component>
      <object_component id="oc-11a">
         <name>.debug_line</name>
         <load_address>0x2885</load_address>
         <run_address>0x2885</run_address>
         <size>0xa9</size>
         <input_file_ref idref="fl-dc"/>
      </object_component>
      <object_component id="oc-67">
         <name>.debug_line</name>
         <load_address>0x292e</load_address>
         <run_address>0x292e</run_address>
         <size>0x8b</size>
         <input_file_ref idref="fl-dc"/>
      </object_component>
      <object_component id="oc-11e">
         <name>.debug_line</name>
         <load_address>0x29b9</load_address>
         <run_address>0x29b9</run_address>
         <size>0x2e</size>
         <input_file_ref idref="fl-dc"/>
      </object_component>
      <object_component id="oc-199">
         <name>.debug_line</name>
         <load_address>0x29e7</load_address>
         <run_address>0x29e7</run_address>
         <size>0x8a</size>
         <input_file_ref idref="fl-dc"/>
      </object_component>
      <object_component id="oc-123">
         <name>.debug_line</name>
         <load_address>0x2a71</load_address>
         <run_address>0x2a71</run_address>
         <size>0x8b</size>
         <input_file_ref idref="fl-dc"/>
      </object_component>
      <object_component id="oc-190">
         <name>.debug_line</name>
         <load_address>0x2afc</load_address>
         <run_address>0x2afc</run_address>
         <size>0x98</size>
         <input_file_ref idref="fl-dd"/>
      </object_component>
      <object_component id="oc-b9">
         <name>.debug_line</name>
         <load_address>0x2b94</load_address>
         <run_address>0x2b94</run_address>
         <size>0x68</size>
         <input_file_ref idref="fl-dd"/>
      </object_component>
      <object_component id="oc-194">
         <name>.debug_line</name>
         <load_address>0x2bfc</load_address>
         <run_address>0x2bfc</run_address>
         <size>0x2e</size>
         <input_file_ref idref="fl-dd"/>
      </object_component>
      <object_component id="oc-1bc">
         <name>.debug_line</name>
         <load_address>0x2c2a</load_address>
         <run_address>0x2c2a</run_address>
         <size>0x45</size>
         <input_file_ref idref="fl-de"/>
      </object_component>
      <object_component id="oc-bf">
         <name>.debug_line</name>
         <load_address>0x2c6f</load_address>
         <run_address>0x2c6f</run_address>
         <size>0x3c</size>
         <input_file_ref idref="fl-df"/>
      </object_component>
      <object_component id="oc-e8">
         <name>.debug_frame</name>
         <load_address>0x0</load_address>
         <run_address>0x0</run_address>
         <size>0x51</size>
         <input_file_ref idref="fl-2"/>
      </object_component>
      <object_component id="oc-95">
         <name>.debug_frame</name>
         <load_address>0x51</load_address>
         <run_address>0x51</run_address>
         <size>0xc1</size>
         <input_file_ref idref="fl-4"/>
      </object_component>
      <object_component id="oc-7f">
         <name>.debug_frame</name>
         <load_address>0x112</load_address>
         <run_address>0x112</run_address>
         <size>0x80</size>
         <input_file_ref idref="fl-5"/>
      </object_component>
      <object_component id="oc-88">
         <name>.debug_frame</name>
         <load_address>0x192</load_address>
         <run_address>0x192</run_address>
         <size>0x12a</size>
         <input_file_ref idref="fl-6"/>
      </object_component>
      <object_component id="oc-8f">
         <name>.debug_frame</name>
         <load_address>0x2bc</load_address>
         <run_address>0x2bc</run_address>
         <size>0x81</size>
         <input_file_ref idref="fl-7"/>
      </object_component>
      <object_component id="oc-12a">
         <name>.debug_frame</name>
         <load_address>0x33d</load_address>
         <run_address>0x33d</run_address>
         <size>0x110</size>
         <input_file_ref idref="fl-8"/>
      </object_component>
      <object_component id="oc-c7">
         <name>.debug_frame</name>
         <load_address>0x44d</load_address>
         <run_address>0x44d</run_address>
         <size>0x58</size>
         <input_file_ref idref="fl-9"/>
      </object_component>
      <object_component id="oc-7d">
         <name>.debug_frame</name>
         <load_address>0x4a5</load_address>
         <run_address>0x4a5</run_address>
         <size>0x69</size>
         <input_file_ref idref="fl-a"/>
      </object_component>
      <object_component id="oc-d7">
         <name>.debug_frame</name>
         <load_address>0x50e</load_address>
         <run_address>0x50e</run_address>
         <size>0x6a</size>
         <input_file_ref idref="fl-b"/>
      </object_component>
      <object_component id="oc-18">
         <name>.debug_frame</name>
         <load_address>0x578</load_address>
         <run_address>0x578</run_address>
         <size>0x60</size>
         <input_file_ref idref="fl-c6"/>
      </object_component>
      <object_component id="oc-1c">
         <name>.debug_frame</name>
         <load_address>0x5d8</load_address>
         <run_address>0x5d8</run_address>
         <size>0x51</size>
         <input_file_ref idref="fl-c7"/>
      </object_component>
      <object_component id="oc-25">
         <name>.debug_frame</name>
         <load_address>0x629</load_address>
         <run_address>0x629</run_address>
         <size>0x51</size>
         <input_file_ref idref="fl-c8"/>
      </object_component>
      <object_component id="oc-f4">
         <name>.debug_frame</name>
         <load_address>0x67a</load_address>
         <run_address>0x67a</run_address>
         <size>0x71</size>
         <input_file_ref idref="fl-c9"/>
      </object_component>
      <object_component id="oc-154">
         <name>.debug_frame</name>
         <load_address>0x6eb</load_address>
         <run_address>0x6eb</run_address>
         <size>0x61</size>
         <input_file_ref idref="fl-ca"/>
      </object_component>
      <object_component id="oc-70">
         <name>.debug_frame</name>
         <load_address>0x74c</load_address>
         <run_address>0x74c</run_address>
         <size>0x85</size>
         <input_file_ref idref="fl-cc"/>
      </object_component>
      <object_component id="oc-19f">
         <name>.debug_frame</name>
         <load_address>0x7d1</load_address>
         <run_address>0x7d1</run_address>
         <size>0x13c</size>
         <input_file_ref idref="fl-d3"/>
      </object_component>
      <object_component id="oc-5b">
         <name>.debug_frame</name>
         <load_address>0x90d</load_address>
         <run_address>0x90d</run_address>
         <size>0x51</size>
         <input_file_ref idref="fl-d5"/>
      </object_component>
      <object_component id="oc-61">
         <name>.debug_frame</name>
         <load_address>0x95e</load_address>
         <run_address>0x95e</run_address>
         <size>0x51</size>
         <input_file_ref idref="fl-d6"/>
      </object_component>
      <object_component id="oc-175">
         <name>.debug_frame</name>
         <load_address>0x9af</load_address>
         <run_address>0x9af</run_address>
         <size>0x60</size>
         <input_file_ref idref="fl-d7"/>
      </object_component>
      <object_component id="oc-ec">
         <name>.debug_frame</name>
         <load_address>0xa0f</load_address>
         <run_address>0xa0f</run_address>
         <size>0x51</size>
         <input_file_ref idref="fl-d9"/>
      </object_component>
      <object_component id="oc-13a">
         <name>.debug_frame</name>
         <load_address>0xa60</load_address>
         <run_address>0xa60</run_address>
         <size>0x73</size>
         <input_file_ref idref="fl-da"/>
      </object_component>
      <object_component id="oc-6a">
         <name>.debug_frame</name>
         <load_address>0xad3</load_address>
         <run_address>0xad3</run_address>
         <size>0x51</size>
         <input_file_ref idref="fl-db"/>
      </object_component>
      <object_component id="oc-66">
         <name>.debug_frame</name>
         <load_address>0xb24</load_address>
         <run_address>0xb24</run_address>
         <size>0x5c</size>
         <input_file_ref idref="fl-dc"/>
      </object_component>
      <object_component id="oc-ba">
         <name>.debug_frame</name>
         <load_address>0xb80</load_address>
         <run_address>0xb80</run_address>
         <size>0x60</size>
         <input_file_ref idref="fl-dd"/>
      </object_component>
      <object_component id="oc-1bd">
         <name>.debug_frame</name>
         <load_address>0xbe0</load_address>
         <run_address>0xbe0</run_address>
         <size>0x51</size>
         <input_file_ref idref="fl-de"/>
      </object_component>
      <object_component id="oc-c0">
         <name>.debug_frame</name>
         <load_address>0xc31</load_address>
         <run_address>0xc31</run_address>
         <size>0x51</size>
         <input_file_ref idref="fl-df"/>
      </object_component>
      <object_component id="oc-1a8">
         <name>.debug_abbrev</name>
         <load_address>0x0</load_address>
         <run_address>0x0</run_address>
         <size>0x68</size>
         <input_file_ref idref="fl-2"/>
      </object_component>
      <object_component id="oc-146">
         <name>.debug_abbrev</name>
         <load_address>0x68</load_address>
         <run_address>0x68</run_address>
         <size>0x50</size>
         <input_file_ref idref="fl-2"/>
      </object_component>
      <object_component id="oc-e0">
         <name>.debug_abbrev</name>
         <load_address>0xb8</load_address>
         <run_address>0xb8</run_address>
         <size>0xbd</size>
         <input_file_ref idref="fl-2"/>
      </object_component>
      <object_component id="oc-185">
         <name>.debug_abbrev</name>
         <load_address>0x175</load_address>
         <run_address>0x175</run_address>
         <size>0x97</size>
         <input_file_ref idref="fl-2"/>
      </object_component>
      <object_component id="oc-3b">
         <name>.debug_abbrev</name>
         <load_address>0x20c</load_address>
         <run_address>0x20c</run_address>
         <size>0x1f</size>
         <input_file_ref idref="fl-2"/>
      </object_component>
      <object_component id="oc-f8">
         <name>.debug_abbrev</name>
         <load_address>0x22b</load_address>
         <run_address>0x22b</run_address>
         <size>0x35</size>
         <input_file_ref idref="fl-2"/>
      </object_component>
      <object_component id="oc-105">
         <name>.debug_abbrev</name>
         <load_address>0x260</load_address>
         <run_address>0x260</run_address>
         <size>0xa5</size>
         <input_file_ref idref="fl-4"/>
      </object_component>
      <object_component id="oc-dd">
         <name>.debug_abbrev</name>
         <load_address>0x305</load_address>
         <run_address>0x305</run_address>
         <size>0xa5</size>
         <input_file_ref idref="fl-5"/>
      </object_component>
      <object_component id="oc-181">
         <name>.debug_abbrev</name>
         <load_address>0x3aa</load_address>
         <run_address>0x3aa</run_address>
         <size>0xd5</size>
         <input_file_ref idref="fl-6"/>
      </object_component>
      <object_component id="oc-f5">
         <name>.debug_abbrev</name>
         <load_address>0x47f</load_address>
         <run_address>0x47f</run_address>
         <size>0xd4</size>
         <input_file_ref idref="fl-6"/>
      </object_component>
      <object_component id="oc-ae">
         <name>.debug_abbrev</name>
         <load_address>0x553</load_address>
         <run_address>0x553</run_address>
         <size>0x24</size>
         <input_file_ref idref="fl-6"/>
      </object_component>
      <object_component id="oc-188">
         <name>.debug_abbrev</name>
         <load_address>0x577</load_address>
         <run_address>0x577</run_address>
         <size>0x7e</size>
         <input_file_ref idref="fl-7"/>
      </object_component>
      <object_component id="oc-101">
         <name>.debug_abbrev</name>
         <load_address>0x5f5</load_address>
         <run_address>0x5f5</run_address>
         <size>0xa5</size>
         <input_file_ref idref="fl-7"/>
      </object_component>
      <object_component id="oc-1d2">
         <name>.debug_abbrev</name>
         <load_address>0x69a</load_address>
         <run_address>0x69a</run_address>
         <size>0xe0</size>
         <input_file_ref idref="fl-8"/>
      </object_component>
      <object_component id="oc-1a1">
         <name>.debug_abbrev</name>
         <load_address>0x77a</load_address>
         <run_address>0x77a</run_address>
         <size>0xb4</size>
         <input_file_ref idref="fl-8"/>
      </object_component>
      <object_component id="oc-1cb">
         <name>.debug_abbrev</name>
         <load_address>0x82e</load_address>
         <run_address>0x82e</run_address>
         <size>0x49</size>
         <input_file_ref idref="fl-8"/>
      </object_component>
      <object_component id="oc-1d6">
         <name>.debug_abbrev</name>
         <load_address>0x877</load_address>
         <run_address>0x877</run_address>
         <size>0x5a</size>
         <input_file_ref idref="fl-8"/>
      </object_component>
      <object_component id="oc-1c7">
         <name>.debug_abbrev</name>
         <load_address>0x8d1</load_address>
         <run_address>0x8d1</run_address>
         <size>0xd8</size>
         <input_file_ref idref="fl-9"/>
      </object_component>
      <object_component id="oc-18d">
         <name>.debug_abbrev</name>
         <load_address>0x9a9</load_address>
         <run_address>0x9a9</run_address>
         <size>0x29</size>
         <input_file_ref idref="fl-9"/>
      </object_component>
      <object_component id="oc-12b">
         <name>.debug_abbrev</name>
         <load_address>0x9d2</load_address>
[...]
         <value>0x20000450</value>
      </symbol>
      <symbol id="sm-fc">
         <name>Y_Accelerometer_ADC</name>
         <value>0x20000452</value>
      </symbol>
      <symbol id="sm-fd">
         <name>Z_Accelerometer_ADC</name>
         <value>0x20000454</value>
      </symbol>
      <symbol id="sm-fe">
         <name>ADC_Accelerometer_Config</name>
         <value>0x1d61</value>
         <object_component_ref idref="oc-8a"/>
      </symbol>
      <symbol id="sm-ff">
         <name>ADC14_IRQHandler</name>
         <value>0x1dfd</value>
         <object_component_ref idref="oc-8a"/>
      </symbol>
      <symbol id="sm-137">
         <name>add_To_Buffer</name>
         <value>0xeb5</value>
         <object_component_ref idref="oc-125"/>
      </symbol>
      <symbol id="sm-138">
         <name>is_Circ_Buf_Empty</name>
         <value>0x102f</value>
         <object_component_ref idref="oc-125"/>
      </symbol>
      <symbol id="sm-139">
         <name>print</name>
         <value>0x1057</value>
         <object_component_ref idref="oc-125"/>
      </symbol>
      <symbol id="sm-13a">
         <name>remove_From_Buffer</name>
         <value>0xf4b</value>
         <object_component_ref idref="oc-125"/>
      </symbol>
      <symbol id="sm-13b">
         <name>initialize_Circ_Buffer</name>
         <value>0xe61</value>
         <object_component_ref idref="oc-125"/>
      </symbol>
      <symbol id="sm-13c">
         <name>clear_Buffer</name>
         <value>0x10ef</value>
         <object_component_ref idref="oc-125"/>
      </symbol>
      <symbol id="sm-13d">
         <name>currentSize</name>
         <value>0x1047</value>
         <object_component_ref idref="oc-125"/>
      </symbol>
      <symbol id="sm-13e">
         <name>is_Circ_Buf_Full</name>
         <value>0x100f</value>
         <object_component_ref idref="oc-125"/>
      </symbol>
      <symbol id="sm-15d">
         <name>myBuffer</name>
         <value>0x20000438</value>
      </symbol>
      <symbol id="sm-15e">
         <name>Calculate_Distance</name>
         <value>0x2000041d</value>
         <object_component_ref idref="oc-102"/>
      </symbol>
      <symbol id="sm-15f">
         <name>total_distance_cummulative</name>
         <value>0x20000420</value>
         <object_component_ref idref="oc-102"/>
      </symbol>
      <symbol id="sm-160">
         <name>myBufferPTR</name>
         <value>0x20000418</value>
         <object_component_ref idref="oc-102"/>
      </symbol>
      <symbol id="sm-161">
         <name>main</name>
         <value>0x2551</value>
         <object_component_ref idref="oc-c3"/>
      </symbol>
      <symbol id="sm-162">
         <name>dump_Buffer</name>
         <value>0x2000041c</value>
         <object_component_ref idref="oc-102"/>
      </symbol>
      <symbol id="sm-177">
         <name>Reset_Handler</name>
         <value>0x277b</value>
         <object_component_ref idref="oc-78"/>
      </symbol>
      <symbol id="sm-178">
         <name>Default_Handler</name>
         <value>0x2787</value>
         <object_component_ref idref="oc-78"/>
      </symbol>
      <symbol id="sm-179">
         <name>interruptVectors</name>
         <value>0x0</value>
         <object_component_ref idref="oc-2c"/>
      </symbol>
      <symbol id="sm-1bf">
         <name>SystemInit</name>
         <value>0x140d</value>
         <object_component_ref idref="oc-d6"/>
      </symbol>
      <symbol id="sm-1c0">
         <name>SystemCoreClockUpdate</name>
         <value>0x1199</value>
         <object_component_ref idref="oc-d6"/>
      </symbol>
      <symbol id="sm-1c1">
         <name>SystemCoreClock</name>
         <value>0x20000434</value>
         <object_component_ref idref="oc-141"/>
      </symbol>
      <symbol id="sm-1d2">
         <name>_c_int00</name>
         <value>0x25b1</value>
         <object_component_ref idref="oc-26"/>
      </symbol>
      <symbol id="sm-1d3">
         <name>__stack</name>
         <value>0x2000fe00</value>
         <object_component_ref idref="oc-2f"/>
      </symbol>
      <symbol id="sm-1f1">
         <name>__TI_decompress_lzss</name>
         <value>0x24e9</value>
         <object_component_ref idref="oc-14"/>
      </symbol>
      <symbol id="sm-208">
         <name>__TI_decompress_none</name>
         <value>0x276d</value>
         <object_component_ref idref="oc-1a"/>
      </symbol>
      <symbol id="sm-21a">
         <name>__TI_zero_init</name>
         <value>0x2789</value>
         <object_component_ref idref="oc-20"/>
      </symbol>
      <symbol id="sm-2aa">
         <name>pow</name>
         <value>0xe5</value>
         <object_component_ref idref="oc-ef"/>
      </symbol>
      <symbol id="sm-2ab">
         <name>powl</name>
         <value>0xe5</value>
         <object_component_ref idref="oc-ef"/>
      </symbol>
      <symbol id="sm-2cf">
         <name>sqrtl</name>
         <value>0x1bc5</value>
         <object_component_ref idref="oc-153"/>
      </symbol>
      <symbol id="sm-2d0">
         <name>sqrt</name>
         <value>0x1bc5</value>
         <object_component_ref idref="oc-153"/>
      </symbol>
      <symbol id="sm-2d8">
         <name>errno</name>
         <value>0x2000042c</value>
         <object_component_ref idref="oc-159"/>
      </symbol>
      <symbol id="sm-2f9">
         <name>C$$EXIT</name>
         <value>0x2605</value>
         <object_component_ref idref="oc-6e"/>
      </symbol>
      <symbol id="sm-2fa">
         <name>abort</name>
         <value>0x2609</value>
         <object_component_ref idref="oc-6e"/>
      </symbol>
      <symbol id="sm-2fb">
         <name>exit</name>
         <value>0x2611</value>
         <object_component_ref idref="oc-6e"/>
      </symbol>
      <symbol id="sm-2fc">
         <name>__TI_dtors_ptr</name>
         <value>0x20000404</value>
         <object_component_ref idref="oc-cb"/>
      </symbol>
      <symbol id="sm-2fd">
         <name>__TI_cleanup_ptr</name>
         <value>0x20000400</value>
         <object_component_ref idref="oc-cb"/>
      </symbol>
      <symbol id="sm-2fe">
         <name>__TI_enable_exit_profile_output</name>
         <value>0x20000408</value>
         <object_component_ref idref="oc-cb"/>
      </symbol>
      <symbol id="sm-315">
         <name>__aeabi_dsub</name>
         <value>0x1a0d</value>
         <object_component_ref idref="oc-149"/>
      </symbol>
      <symbol id="sm-316">
         <name>__aeabi_dadd</name>
         <value>0x1a17</value>
         <object_component_ref idref="oc-149"/>
      </symbol>
      <symbol id="sm-338">
         <name>__aeabi_cdcmpeq</name>
         <value>0x22f1</value>
         <object_component_ref idref="oc-169"/>
      </symbol>
      <symbol id="sm-339">
         <name>__aeabi_cdcmple</name>
         <value>0x22f1</value>
         <object_component_ref idref="oc-169"/>
      </symbol>
      <symbol id="sm-33a">
         <name>__aeabi_cdrcmple</name>
         <value>0x2377</value>
         <object_component_ref idref="oc-16e"/>
      </symbol>
      <symbol id="sm-34e">
         <name>__aeabi_ddiv</name>
         <value>0x1e79</value>
         <object_component_ref idref="oc-14e"/>
      </symbol>
      <symbol id="sm-359">
         <name>__aeabi_dmul</name>
         <value>0x1faf</value>
         <object_component_ref idref="oc-15c"/>
      </symbol>
      <symbol id="sm-363">
         <name>__aeabi_i2d</name>
         <value>0x26e9</value>
         <object_component_ref idref="oc-161"/>
      </symbol>
      <symbol id="sm-37e">
         <name>memcpy</name>
         <value>0x2255</value>
         <object_component_ref idref="oc-3e"/>
      </symbol>
      <symbol id="sm-37f">
         <name>__aeabi_memcpy</name>
         <value>0x2255</value>
         <object_component_ref idref="oc-3e"/>
      </symbol>
      <symbol id="sm-380">
         <name>__aeabi_memcpy8</name>
         <value>0x2255</value>
         <object_component_ref idref="oc-3e"/>
      </symbol>
      <symbol id="sm-381">
         <name>__aeabi_memcpy4</name>
         <value>0x2255</value>
         <object_component_ref idref="oc-3e"/>
      </symbol>
      <symbol id="sm-3f5">
         <name>_sys_memory</name>
         <value>0x20000000</value>
         <object_component_ref idref="oc-30"/>
      </symbol>
      <symbol id="sm-3f6">
         <name>free</name>
         <value>0xb7b</value>
         <object_component_ref idref="oc-19b"/>
      </symbol>
      <symbol id="sm-3f7">
         <name>realloc</name>
         <value>0xc3d</value>
         <object_component_ref idref="oc-19b"/>
      </symbol>
      <symbol id="sm-3f8">
         <name>memalign</name>
         <value>0xd45</value>
         <object_component_ref idref="oc-19b"/>
      </symbol>
      <symbol id="sm-3f9">
         <name>calloc</name>
         <value>0xe31</value>
         <object_component_ref idref="oc-19b"/>
      </symbol>
      <symbol id="sm-3fa">
         <name>malloc</name>
         <value>0xb11</value>
         <object_component_ref idref="oc-19b"/>
      </symbol>
      <symbol id="sm-3fb">
         <name>minit</name>
         <value>0xa91</value>
         <object_component_ref idref="oc-19b"/>
      </symbol>
      <symbol id="sm-40a">
         <name>__aeabi_memset</name>
         <value>0x23ff</value>
         <object_component_ref idref="oc-4a"/>
      </symbol>
      <symbol id="sm-40b">
         <name>memset</name>
         <value>0x2405</value>
         <object_component_ref idref="oc-4a"/>
      </symbol>
      <symbol id="sm-40c">
         <name>__aeabi_memset8</name>
         <value>0x23ff</value>
         <object_component_ref idref="oc-4a"/>
      </symbol>
      <symbol id="sm-40d">
         <name>__aeabi_memset4</name>
         <value>0x23ff</value>
         <object_component_ref idref="oc-4a"/>
      </symbol>
      <symbol id="sm-40e">
         <name>__aeabi_memclr8</name>
         <value>0x23fd</value>
         <object_component_ref idref="oc-4a"/>
      </symbol>
      <symbol id="sm-40f">
         <name>__aeabi_memclr4</name>
         <value>0x23fd</value>
         <object_component_ref idref="oc-4a"/>
      </symbol>
      <symbol id="sm-410">
         <name>__aeabi_memclr</name>
         <value>0x23fd</value>
         <object_component_ref idref="oc-4a"/>
      </symbol>
      <symbol id="sm-41a">
         <name>__mpu_init</name>
         <value>0x1bc3</value>
         <object_component_ref idref="oc-56"/>
      </symbol>
      <symbol id="sm-424">
         <name>_system_pre_init</name>
         <value>0x2795</value>
         <object_component_ref idref="oc-5c"/>
      </symbol>
      <symbol id="sm-446">
         <name>scalbn</name>
         <value>0x20ad</value>
         <object_component_ref idref="oc-173"/>
      </symbol>
      <symbol id="sm-447">
         <name>scalbnl</name>
         <value>0x20ad</value>
         <object_component_ref idref="oc-173"/>
      </symbol>
      <symbol id="sm-448">
         <name>ldexpl</name>
         <value>0x20ad</value>
         <object_component_ref idref="oc-173"/>
      </symbol>
      <symbol id="sm-449">
         <name>ldexp</name>
         <value>0x20ad</value>
         <object_component_ref idref="oc-173"/>
      </symbol>
      <symbol id="sm-451">
         <name>main_func_sp</name>
         <value>0x20000430</value>
         <object_component_ref idref="oc-74"/>
      </symbol>
      <symbol id="sm-45f">
         <name>strlen</name>
         <value>0x2759</value>
         <object_component_ref idref="oc-e9"/>
      </symbol>
      <symbol id="sm-478">
         <name>_nop</name>
         <value>0x273f</value>
         <object_component_ref idref="oc-135"/>
      </symbol>
      <symbol id="sm-479">
         <name>_lock</name>
         <value>0x20000424</value>
         <object_component_ref idref="oc-ce"/>
      </symbol>
      <symbol id="sm-47a">
         <name>_unlock</name>
         <value>0x20000428</value>
         <object_component_ref idref="oc-ce"/>
      </symbol>
      <symbol id="sm-47b">
         <name>_register_lock</name>
         <value>0x2737</value>
         <object_component_ref idref="oc-135"/>
      </symbol>
      <symbol id="sm-47c">
         <name>_register_unlock</name>
         <value>0x2731</value>
         <object_component_ref idref="oc-135"/>
      </symbol>
      <symbol id="sm-490">
         <name>_args_main</name>
         <value>0x2719</value>
         <object_component_ref idref="oc-68"/>
      </symbol>
      <symbol id="sm-4ba">
         <name>__TI_auto_init</name>
         <value>0x2479</value>
         <object_component_ref idref="oc-62"/>
      </symbol>
      <symbol id="sm-4d4">
         <name>copy_in</name>
         <value>0x2659</value>
         <object_component_ref idref="oc-b5"/>
      </symbol>
      <symbol id="sm-4de">
         <name>copysign</name>
         <value>0x2745</value>
         <object_component_ref idref="oc-1b8"/>
      </symbol>
      <symbol id="sm-4df">
         <name>copysignl</name>
         <value>0x2745</value>
         <object_component_ref idref="oc-1b8"/>
      </symbol>
      <symbol id="sm-4e9">
         <name>_system_post_cinit</name>
         <value>0x20ab</value>
         <object_component_ref idref="oc-bb"/>
      </symbol>
      <symbol id="sm-4ea">
         <name>__TI_static_base__</name>
         <value>0x0</value>
      </symbol>
      <symbol id="sm-4ed">
         <name>SHT$$INIT_ARRAY$$Limit</name>
         <value>0x0</value>
      </symbol>
      <symbol id="sm-4ee">
         <name>SHT$$INIT_ARRAY$$Base</name>
         <value>0x0</value>
      </symbol>
      <symbol id="sm-4ef">
         <name>NMI_Handler</name>
         <value>0x2787</value>
      </symbol>
      <symbol id="sm-4f0">
         <name>HardFault_Handler</name>
         <value>0x2787</value>
      </symbol>
      <symbol id="sm-4f1">
         <name>MemManage_Handler</name>
         <value>0x2787</value>
      </symbol>
      <symbol id="sm-4f2">
         <name>BusFault_Handler</name>
         <value>0x2787</value>
      </symbol>
      <symbol id="sm-4f3">
         <name>UsageFault_Handler</name>
         <value>0x2787</value>
      </symbol>
      <symbol id="sm-4f4">
         <name>SVC_Handler</name>
         <value>0x2787</value>
      </symbol>
      <symbol id="sm-4f5">
         <name>DebugMon_Handler</name>
         <value>0x2787</value>
      </symbol>
      <symbol id="sm-4f6">
         <name>PendSV_Handler</name>
         <value>0x2787</value>
      </symbol>
      <symbol id="sm-4f7">
         <name>SysTick_Handler</name>
         <value>0x2787</value>
      </symbol>
      <symbol id="sm-4f8">
         <name>PSS_IRQHandler</name>
         <value>0x2787</value>
      </symbol>
      <symbol id="sm-4f9">
         <name>CS_IRQHandler</name>
         <value>0x2787</value>
      </symbol>
      <symbol id="sm-4fa">
         <name>PCM_IRQHandler</name>
         <value>0x2787</value>
      </symbol>
      <symbol id="sm-4fb">
         <name>WDT_A_IRQHandler</name>
         <value>0x2787</value>
      </symbol>
      <symbol id="sm-4fc">
         <name>FPU_IRQHandler</name>
         <value>0x2787</value>
      </symbol>
      <symbol id="sm-4fd">
         <name>FLCTL_IRQHandler</name>
         <value>0x2787</value>
      </symbol>
      <symbol id="sm-4fe">
         <name>COMP_E0_IRQHandler</name>
         <value>0x2787</value>
      </symbol>
      <symbol id="sm-4ff">
         <name>COMP_E1_IRQHandler</name>
         <value>0x2787</value>
      </symbol>
      <symbol id="sm-500">
         <name>TA0_0_IRQHandler</name>
         <value>0x2215</value>
      </symbol>
      <symbol id="sm-501">
         <name>TA0_N_IRQHandler</name>
         <value>0x2787</value>
      </symbol>
      <symbol id="sm-502">
         <name>TA1_0_IRQHandler</name>
         <value>0x2787</value>
      </symbol>
      <symbol id="sm-503">
         <name>TA1_N_IRQHandler</name>
         <value>0x2787</value>
      </symbol>
      <symbol id="sm-504">
         <name>TA2_0_IRQHandler</name>
         <value>0x2787</value>
      </symbol>
      <symbol id="sm-505">
         <name>TA2_N_IRQHandler</name>
         <value>0x2787</value>
      </symbol>
      <symbol id="sm-506">
         <name>TA3_0_IRQHandler</name>
         <value>0x2787</value>
      </symbol>
      <symbol id="sm-507">
         <name>TA3_N_IRQHandler</name>
         <value>0x2787</value>
      </symbol>
      <symbol id="sm-508">
         <name>EUSCIA0_IRQHandler</name>
         <value>0x2787</value>
      </symbol>
      <symbol id="sm-509">
         <name>EUSCIA1_IRQHandler</name>
         <value>0x2787</value>
      </symbol>
      <symbol id="sm-50a">
         <name>EUSCIA2_IRQHandler</name>
         <value>0x1747</value>
      </symbol>
      <symbol id="sm-50b">
         <name>EUSCIA3_IRQHandler</name>
         <value>0x2787</value>
      </symbol>
      <symbol id="sm-50c">
         <name>EUSCIB0_IRQHandler</name>
         <value>0x2787</value>
      </symbol>
      <symbol id="sm-50d">
         <name>EUSCIB1_IRQHandler</name>
         <value>0x2787</value>
      </symbol>
      <symbol id="sm-50e">
         <name>EUSCIB2_IRQHandler</name>
         <value>0x2787</value>
      </symbol>
      <symbol id="sm-50f">
         <name>EUSCIB3_IRQHandler</name>
         <value>0x2787</value>
      </symbol>
      <symbol id="sm-510">
         <name>ADC14_IRQHandler</name>
         <value>0x1dfd</value>
      </symbol>
      <symbol id="sm-511">
         <name>T32_INT1_IRQHandler</name>
         <value>0x2787</value>
      </symbol>
      <symbol id="sm-512">
         <name>T32_INT2_IRQHandler</name>
         <value>0x2787</value>
      </symbol>
      <symbol id="sm-513">
         <name>T32_INTC_IRQHandler</name>
         <value>0x2787</value>
      </symbol>
      <symbol id="sm-514">
         <name>AES256_IRQHandler</name>
         <value>0x2787</value>
      </symbol>
      <symbol id="sm-515">
         <name>RTC_C_IRQHandler</name>
         <value>0x2787</value>
      </symbol>
      <symbol id="sm-516">
         <name>DMA_ERR_IRQHandler</name>
         <value>0x2787</value>
      </symbol>
      <symbol id="sm-517">
         <name>DMA_INT3_IRQHandler</name>
         <value>0x2787</value>
      </symbol>
      <symbol id="sm-518">
         <name>DMA_INT2_IRQHandler</name>
         <value>0x2787</value>
      </symbol>
      <symbol id="sm-519">
         <name>DMA_INT1_IRQHandler</name>
         <value>0x2787</value>
      </symbol>
      <symbol id="sm-51a">
         <name>DMA_INT0_IRQHandler</name>
         <value>0x2787</value>
      </symbol>
      <symbol id="sm-51b">
         <name>PORT1_IRQHandler</name>
         <value>0x1953</value>
      </symbol>
      <symbol id="sm-51c">
         <name>PORT2_IRQHandler</name>
         <value>0x2787</value>
      </symbol>
      <symbol id="sm-51d">
         <name>PORT3_IRQHandler</name>
         <value>0x2787</value>
      </symbol>
      <symbol id="sm-51e">
         <name>PORT4_IRQHandler</name>
         <value>0x2787</value>
      </symbol>
      <symbol id="sm-51f">
         <name>PORT5_IRQHandler</name>
         <value>0x2787</value>
      </symbol>
      <symbol id="sm-520">
         <name>PORT6_IRQHandler</name>
         <value>0x2787</value>
      </symbol>
   </symbol_table>
   <title>Link successful</title>
</link_info>
