******************************************************************************
                  TI ARM Linker PC v16.9.4                     
******************************************************************************
>> Linked Sun Nov 05 19:06:07 2017

OUTPUT FILE NAME:   <Final_scooter.out>
ENTRY POINT SYMBOL: "_c_int00"  address: 000014e5


MEMORY CONFIGURATION

         name            origin    length      used     unused   attr    fill
----------------------  --------  ---------  --------  --------  ----  --------
  MAIN                  00000000   00040000  000016f8  0003e908  R  X
  INFO                  00200000   00004000  00000000  00004000  R  X
  SRAM_CODE             01000000   00010000  00000666  0000f99a  RW X
  SRAM_DATA             20000000   00010000  00000666  0000f99a  RW  


SEGMENT ALLOCATION MAP

run origin  load origin   length   init length attrs members
----------  ----------- ---------- ----------- ----- -------
00000000    00000000    000016f8   000016f8    r-x
  00000000    00000000    000000e4   000000e4    r-- .intvecs
  000000e4    000000e4    000015c4   000015c4    r-x .text
  000016a8    000016a8    00000050   00000050    r-- .cinit
20000000    20000000    00000466   00000000    rw-
  20000000    20000000    00000400   00000000    rw- .sysmem
  20000400    20000400    0000003c   00000000    rw- .data
  2000043c    2000043c    0000002a   00000000    rw- .bss
2000fe00    2000fe00    00000200   00000000    rw-
  2000fe00    2000fe00    00000200   00000000    rw- .stack


SECTION ALLOCATION MAP

 output                                  attributes/
section   page    origin      length       input sections
--------  ----  ----------  ----------   ----------------
.intvecs   0    00000000    000000e4     
                  00000000    000000e4     startup_msp432p401r_ccs.obj (.intvecs:retain)

.binit     0    00000000    00000000     

.text      0    000000e4    000015c4     
                  000000e4    00000548     UART.obj (.text)
                  0000062c    00000354     GPIO.obj (.text)
                  00000980    0000032c     system_msp432p401r.obj (.text)
                  00000cac    00000144     adc_driver.obj (.text)
                  00000df0    00000140     main.obj (.text)
                  00000f30    00000136     rtsv7M4_T_le_v4SPD16_eabi.lib : fd_div_t2.obj (.text)
                  00001066    000000fc                                   : fd_mul_t2.obj (.text)
                  00001162    0000009c                                   : memcpy_t2.obj (.text)
                  000011fe    00000002                                   : mpu_init.obj (.text)
                  00001200    00000098     Timer.obj (.text)
                  00001298    00000088     Systick.obj (.text)
                  00001320    0000007a     rtsv7M4_T_le_v4SPD16_eabi.lib : memset_t2.obj (.text)
                  0000139a    00000002                                   : startup.obj (.text)
                  0000139c    00000070                                   : autoinit.obj (.text)
                  0000140c    0000006e                                   : fd_tos_t2.obj (.text)
                  0000147a    00000068                                   : copy_decompress_lzss.obj (.text:decompress:lzss)
                  000014e2    00000002     --HOLE-- [fill = 0]
                  000014e4    00000054                                   : boot.obj (.text)
                  00001538    00000054                                   : exit.obj (.text)
                  0000158c    0000004c                                   : cpy_tbl.obj (.text)
                  000015d8    00000044     Clock.obj (.text)
                  0000161c    00000020     rtsv7M4_T_le_v4SPD16_eabi.lib : u_tofd_t2.obj (.text)
                  0000163c    00000018                                   : args_main.obj (.text)
                  00001654    00000014                                   : _lock.obj (.text)
                  00001668    00000014                                   : strlen.obj (.text)
                  0000167c    0000000e                                   : copy_decompress_none.obj (.text:decompress:none)
                  0000168a    0000000e     startup_msp432p401r_ccs.obj (.text)
                  00001698    0000000c     rtsv7M4_T_le_v4SPD16_eabi.lib : copy_zero_init.obj (.text:decompress:ZI)
                  000016a4    00000004                                   : pre_init.obj (.text)

.cinit     0    000016a8    00000050     
                  000016a8    00000027     (.cinit..data.load) [load image, compression = lzss]
                  000016cf    00000001     --HOLE-- [fill = 0]
                  000016d0    0000000c     (__TI_handler_table)
                  000016dc    00000004     --HOLE-- [fill = 0]
                  000016e0    00000008     (.cinit..bss.load) [load image, compression = zero_init]
                  000016e8    00000010     (__TI_cinit_table)

.init_array 
*          0    00000000    00000000     UNINITIALIZED

.sysmem    0    20000000    00000400     UNINITIALIZED
                  20000000    00000008     rtsv7M4_T_le_v4SPD16_eabi.lib : memory.obj (.sysmem)
                  20000008    000003f8     --HOLE--

.data      0    20000400    0000003c     UNINITIALIZED
                  20000400    0000001d     main.obj (.data)
                  2000041d    00000003     --HOLE--
                  20000420    0000000c     rtsv7M4_T_le_v4SPD16_eabi.lib : exit.obj (.data:$O1$$)
                  2000042c    00000008                                   : _lock.obj (.data:$O1$$)
                  20000434    00000004                                   : stkdepth_vars.obj (.data)
                  20000438    00000004     system_msp432p401r.obj (.data)

.bss       0    2000043c    0000002a     UNINITIALIZED
                  2000043c    0000000c     (.common:ascii_backwards)
                  20000448    0000000c     (.common:ascii_string_from_INT_STRING)
                  20000454    0000000c     (.common:ascii_velocity)
                  20000460    00000002     (.common:X_Accelerometer_ADC)
                  20000462    00000002     (.common:Y_Accelerometer_ADC)
                  20000464    00000002     (.common:Z_Accelerometer_ADC)

.stack     0    2000fe00    00000200     UNINITIALIZED
                  2000fe00    00000200     --HOLE--

MODULE SUMMARY

       Module                        code   ro data   rw data
       ------                        ----   -------   -------
    .\
       UART.obj                      1352   0         0      
       GPIO.obj                      852    0         0      
       system_msp432p401r.obj        812    0         8      
       main.obj                      320    0         130    
       adc_driver.obj                324    0         12     
       startup_msp432p401r_ccs.obj   14     228       0      
       Timer.obj                     152    0         0      
       Systick.obj                   136    0         0      
       Clock.obj                     68     0         0      
    +--+-----------------------------+------+---------+---------+
       Total:                        4030   228       150    
                                                             
    C:\Users\kwat1\Documents\ccsv7\tools\compiler\ti-cgt-arm_16.9.4.LTS\lib\rtsv7M4_T_le_v4SPD16_eabi.lib
       fd_div_t2.obj                 310    0         0      
       fd_mul_t2.obj                 252    0         0      
       memcpy_t2.obj                 156    0         0      
       memset_t2.obj                 122    0         0      
       autoinit.obj                  112    0         0      
       fd_tos_t2.obj                 110    0         0      
       exit.obj                      84     0         24     
       copy_decompress_lzss.obj      104    0         0      
       boot.obj                      84     0         0      
       cpy_tbl.obj                   76     0         0      
       _lock.obj                     20     0         16     
       u_tofd_t2.obj                 32     0         0      
       args_main.obj                 24     0         0      
       strlen.obj                    20     0         0      
       copy_decompress_none.obj      14     0         0      
       copy_zero_init.obj            12     0         0      
       stkdepth_vars.obj             0      0         8      
       pre_init.obj                  4      0         0      
       mpu_init.obj                  2      0         0      
       startup.obj                   2      0         0      
    +--+-----------------------------+------+---------+---------+
       Total:                        1540   0         48     
                                                             
       Heap:                         0      0         2048   
       Stack:                        0      0         1024   
       Linker Generated:             0      75        0      
    +--+-----------------------------+------+---------+---------+
       Grand Total:                  5570   303       3270   


LINKER GENERATED COPY TABLES

__TI_cinit_table @ 000016e8 records: 2, size/record: 8, table size: 16
	.data: load addr=000016a8, load size=00000027 bytes, run addr=20000400, run size=0000003c bytes, compression=lzss
	.bss: load addr=000016e0, load size=00000008 bytes, run addr=2000043c, run size=0000002a bytes, compression=zero_init


LINKER GENERATED HANDLER TABLE

__TI_handler_table @ 000016d0 records: 3, size/record: 4, table size: 12
	index: 0, handler: __TI_decompress_lzss
	index: 1, handler: __TI_decompress_none
	index: 2, handler: __TI_zero_init


GLOBAL SYMBOLS: SORTED ALPHABETICALLY BY Name 

address   name                           
-------   ----                           
00000d75  ADC14_IRQHandler               
00000d75  ADC14_IRQHandler               
00000cd9  ADC_Accelerometer_Config       
00001697  AES256_IRQHandler              
00001697  BusFault_Handler               
00001539  C$$EXIT                        
00001697  COMP_E0_IRQHandler             
00001697  COMP_E1_IRQHandler             
00001697  CS_IRQHandler                  
000015d9  Clock_Config                   
00001697  DMA_ERR_IRQHandler             
00001697  DMA_INT0_IRQHandler            
00001697  DMA_INT1_IRQHandler            
00001697  DMA_INT2_IRQHandler            
00001697  DMA_INT3_IRQHandler            
00001697  DebugMon_Handler               
00001697  Default_Handler                
0000058d  EUSCIA0_IRQHandler             
0000058d  EUSCIA0_IRQHandler             
00001697  EUSCIA1_IRQHandler             
000004b9  EUSCIA2_IRQHandler             
000004b9  EUSCIA2_IRQHandler             
00001697  EUSCIA3_IRQHandler             
00001697  EUSCIB0_IRQHandler             
00001697  EUSCIB1_IRQHandler             
00001697  EUSCIB2_IRQHandler             
00001697  EUSCIB3_IRQHandler             
00000237  Escooter_Printout              
00001697  FLCTL_IRQHandler               
00001697  FPU_IRQHandler                 
00001697  HardFault_Handler              
000006ad  IR_Beam_Break_Config           
00000703  IR_Beam_Break_Config_JW        
0000074d  Left_Right_Button_Config       
00001697  MemManage_Handler              
00001697  NMI_Handler                    
00001697  PCM_IRQHandler                 
0000082b  PORT1_IRQHandler               
0000082b  PORT1_IRQHandler               
000008b9  PORT2_IRQHandler               
000008b9  PORT2_IRQHandler               
00001697  PORT3_IRQHandler               
00001697  PORT4_IRQHandler               
00001697  PORT5_IRQHandler               
000008e7  PORT6_IRQHandler               
000008e7  PORT6_IRQHandler               
00001697  PSS_IRQHandler                 
00001697  PendSV_Handler                 
000007f7  RGB_Config                     
00001697  RTC_C_IRQHandler               
0000168b  Reset_Handler                  
UNDEFED   SHT$$INIT_ARRAY$$Base          
UNDEFED   SHT$$INIT_ARRAY$$Limit         
00001697  SVC_Handler                    
000012e5  SysTick_Handler                
000012e5  SysTick_Handler                
20000438  SystemCoreClock                
00000981  SystemCoreClockUpdate          
00000bf5  SystemInit                     
00001697  T32_INT1_IRQHandler            
00001697  T32_INT2_IRQHandler            
00001697  T32_INTC_IRQHandler            
0000126d  TA0_0_IRQHandler               
0000126d  TA0_0_IRQHandler               
00001697  TA0_N_IRQHandler               
00001697  TA1_0_IRQHandler               
00001697  TA1_N_IRQHandler               
00001697  TA2_0_IRQHandler               
00001697  TA2_N_IRQHandler               
00001697  TA3_0_IRQHandler               
00001697  TA3_N_IRQHandler               
0000122d  Timer_A0_Config                
0000018b  UART_Config                    
00000111  UART_Config2                   
00000659  UART_RX_TX_Config              
00000683  UART_RX_TX_Config_BackChannel  
000001e5  UART_send_byte                 
00000201  UART_send_n_bytes              
00001697  UsageFault_Handler             
4000480c  WDTCTL_SYM                     
00001697  WDT_A_IRQHandler               
20000460  X_Accelerometer_ADC            
20000462  Y_Accelerometer_ADC            
20000464  Z_Accelerometer_ADC            
20010000  __STACK_END                    
00000200  __STACK_SIZE                   
00000400  __SYSMEM_SIZE                  
000016e8  __TI_CINIT_Base                
000016f8  __TI_CINIT_Limit               
000016d0  __TI_Handler_Table_Base        
000016dc  __TI_Handler_Table_Limit       
0000139d  __TI_auto_init                 
20000420  __TI_cleanup_ptr               
0000147b  __TI_decompress_lzss           
0000167d  __TI_decompress_none           
20000424  __TI_dtors_ptr                 
20000428  __TI_enable_exit_profile_output
ffffffff  __TI_pprof_out_hndl            
ffffffff  __TI_prof_data_size            
ffffffff  __TI_prof_data_start           
00000000  __TI_static_base__             
00001699  __TI_zero_init                 
0000140d  __aeabi_d2f                    
00000f31  __aeabi_ddiv                   
00001067  __aeabi_dmul                   
00001321  __aeabi_memclr                 
00001321  __aeabi_memclr4                
00001321  __aeabi_memclr8                
00001163  __aeabi_memcpy                 
00001163  __aeabi_memcpy4                
00001163  __aeabi_memcpy8                
00001323  __aeabi_memset                 
00001323  __aeabi_memset4                
00001323  __aeabi_memset8                
0000161d  __aeabi_ui2d                   
ffffffff  __binit__                      
ffffffff  __c_args__                     
000011ff  __mpu_init                     
2000fe00  __stack                        
0000163d  _args_main                     
000014e5  _c_int00                       
2000042c  _lock                          
00001663  _nop                           
0000165b  _register_lock                 
00001655  _register_unlock               
20000000  _sys_memory                    
0000139b  _system_post_cinit             
000016a5  _system_pre_init               
20000430  _unlock                        
0000153d  abort                          
2000043c  ascii_backwards                
20000448  ascii_string_from_INT_STRING   
20000454  ascii_velocity                 
ffffffff  binit                          
000012c5  config_systick                 
0000158d  copy_in                        
20000404  count_int                      
20000418  direction                      
20000410  distance                       
00001545  exit                           
00000df1  foo                            
00000497  ftoa                           
0000036d  intToStr                       
00000000  interruptVectors               
0000042d  itoa                           
00000e13  main                           
20000434  main_func_sp                   
00001163  memcpy                         
00001329  memset                         
2000041a  moving                         
2000041c  printout_Klee                  
000002eb  reverse                        
2000040c  seconds                        
00001669  strlen                         
20000408  systick_int                    
20000400  systickflag                    
20000414  velocity                       


GLOBAL SYMBOLS: SORTED BY Symbol Address 

address   name                           
-------   ----                           
00000000  __TI_static_base__             
00000000  interruptVectors               
00000111  UART_Config2                   
0000018b  UART_Config                    
000001e5  UART_send_byte                 
00000200  __STACK_SIZE                   
00000201  UART_send_n_bytes              
00000237  Escooter_Printout              
000002eb  reverse                        
0000036d  intToStr                       
00000400  __SYSMEM_SIZE                  
0000042d  itoa                           
00000497  ftoa                           
000004b9  EUSCIA2_IRQHandler             
000004b9  EUSCIA2_IRQHandler             
0000058d  EUSCIA0_IRQHandler             
0000058d  EUSCIA0_IRQHandler             
00000659  UART_RX_TX_Config              
00000683  UART_RX_TX_Config_BackChannel  
000006ad  IR_Beam_Break_Config           
00000703  IR_Beam_Break_Config_JW        
0000074d  Left_Right_Button_Config       
000007f7  RGB_Config                     
0000082b  PORT1_IRQHandler               
0000082b  PORT1_IRQHandler               
000008b9  PORT2_IRQHandler               
000008b9  PORT2_IRQHandler               
000008e7  PORT6_IRQHandler               
000008e7  PORT6_IRQHandler               
00000981  SystemCoreClockUpdate          
00000bf5  SystemInit                     
00000cd9  ADC_Accelerometer_Config       
00000d75  ADC14_IRQHandler               
00000d75  ADC14_IRQHandler               
00000df1  foo                            
00000e13  main                           
00000f31  __aeabi_ddiv                   
00001067  __aeabi_dmul                   
00001163  __aeabi_memcpy                 
00001163  __aeabi_memcpy4                
00001163  __aeabi_memcpy8                
00001163  memcpy                         
000011ff  __mpu_init                     
0000122d  Timer_A0_Config                
0000126d  TA0_0_IRQHandler               
0000126d  TA0_0_IRQHandler               
000012c5  config_systick                 
000012e5  SysTick_Handler                
000012e5  SysTick_Handler                
00001321  __aeabi_memclr                 
00001321  __aeabi_memclr4                
00001321  __aeabi_memclr8                
00001323  __aeabi_memset                 
00001323  __aeabi_memset4                
00001323  __aeabi_memset8                
00001329  memset                         
0000139b  _system_post_cinit             
0000139d  __TI_auto_init                 
0000140d  __aeabi_d2f                    
0000147b  __TI_decompress_lzss           
000014e5  _c_int00                       
00001539  C$$EXIT                        
0000153d  abort                          
00001545  exit                           
0000158d  copy_in                        
000015d9  Clock_Config                   
0000161d  __aeabi_ui2d                   
0000163d  _args_main                     
00001655  _register_unlock               
0000165b  _register_lock                 
00001663  _nop                           
00001669  strlen                         
0000167d  __TI_decompress_none           
0000168b  Reset_Handler                  
00001697  AES256_IRQHandler              
00001697  BusFault_Handler               
00001697  COMP_E0_IRQHandler             
00001697  COMP_E1_IRQHandler             
00001697  CS_IRQHandler                  
00001697  DMA_ERR_IRQHandler             
00001697  DMA_INT0_IRQHandler            
00001697  DMA_INT1_IRQHandler            
00001697  DMA_INT2_IRQHandler            
00001697  DMA_INT3_IRQHandler            
00001697  DebugMon_Handler               
00001697  Default_Handler                
00001697  EUSCIA1_IRQHandler             
00001697  EUSCIA3_IRQHandler             
00001697  EUSCIB0_IRQHandler             
00001697  EUSCIB1_IRQHandler             
00001697  EUSCIB2_IRQHandler             
00001697  EUSCIB3_IRQHandler             
00001697  FLCTL_IRQHandler               
00001697  FPU_IRQHandler                 
00001697  HardFault_Handler              
00001697  MemManage_Handler              
00001697  NMI_Handler                    
00001697  PCM_IRQHandler                 
00001697  PORT3_IRQHandler               
00001697  PORT4_IRQHandler               
00001697  PORT5_IRQHandler               
00001697  PSS_IRQHandler                 
00001697  PendSV_Handler                 
00001697  RTC_C_IRQHandler               
00001697  SVC_Handler                    
00001697  T32_INT1_IRQHandler            
00001697  T32_INT2_IRQHandler            
00001697  T32_INTC_IRQHandler            
00001697  TA0_N_IRQHandler               
00001697  TA1_0_IRQHandler               
00001697  TA1_N_IRQHandler               
00001697  TA2_0_IRQHandler               
00001697  TA2_N_IRQHandler               
00001697  TA3_0_IRQHandler               
00001697  TA3_N_IRQHandler               
00001697  UsageFault_Handler             
00001697  WDT_A_IRQHandler               
00001699  __TI_zero_init                 
000016a5  _system_pre_init               
000016d0  __TI_Handler_Table_Base        
000016dc  __TI_Handler_Table_Limit       
000016e8  __TI_CINIT_Base                
000016f8  __TI_CINIT_Limit               
20000000  _sys_memory                    
20000400  systickflag                    
20000404  count_int                      
20000408  systick_int                    
2000040c  seconds                        
20000410  distance                       
20000414  velocity                       
20000418  direction                      
2000041a  moving                         
2000041c  printout_Klee                  
20000420  __TI_cleanup_ptr               
20000424  __TI_dtors_ptr                 
20000428  __TI_enable_exit_profile_output
2000042c  _lock                          
20000430  _unlock                        
20000434  main_func_sp                   
20000438  SystemCoreClock                
2000043c  ascii_backwards                
20000448  ascii_string_from_INT_STRING   
20000454  ascii_velocity                 
20000460  X_Accelerometer_ADC            
20000462  Y_Accelerometer_ADC            
20000464  Z_Accelerometer_ADC            
2000fe00  __stack                        
20010000  __STACK_END                    
4000480c  WDTCTL_SYM                     
ffffffff  __TI_pprof_out_hndl            
ffffffff  __TI_prof_data_size            
ffffffff  __TI_prof_data_start           
ffffffff  __binit__                      
ffffffff  __c_args__                     
ffffffff  binit                          
UNDEFED   SHT$$INIT_ARRAY$$Base          
UNDEFED   SHT$$INIT_ARRAY$$Limit         

[157 symbols]
