******************************************************************************
                  TI ARM Linker PC v16.9.4                     
******************************************************************************
>> Linked Fri Oct 27 13:32:25 2017

OUTPUT FILE NAME:   <Final_scooter.out>
ENTRY POINT SYMBOL: "_c_int00"  address: 00000a8d


MEMORY CONFIGURATION

         name            origin    length      used     unused   attr    fill
----------------------  --------  ---------  --------  --------  ----  --------
  MAIN                  00000000   00040000  00000c2c  0003f3d4  R  X
  INFO                  00200000   00004000  00000000  00004000  R  X
  SRAM_CODE             01000000   00010000  0000061c  0000f9e4  RW X
  SRAM_DATA             20000000   00010000  0000061c  0000f9e4  RW  


SEGMENT ALLOCATION MAP

run origin  load origin   length   init length attrs members
----------  ----------- ---------- ----------- ----- -------
00000000    00000000    00000c30   00000c30    r-x
  00000000    00000000    000000e4   000000e4    r-- .intvecs
  000000e4    000000e4    00000b20   00000b20    r-x .text
  00000c08    00000c08    00000028   00000028    r-- .cinit
20000000    20000000    0000041c   00000000    rw-
  20000000    20000000    00000400   00000000    rw- .sysmem
  20000400    20000400    0000001c   00000000    rw- .data
2000fe00    2000fe00    00000200   00000000    rw-
  2000fe00    2000fe00    00000200   00000000    rw- .stack


SECTION ALLOCATION MAP

 output                                  attributes/
section   page    origin      length       input sections
--------  ----  ----------  ----------   ----------------
.intvecs   0    00000000    000000e4     
                  00000000    000000e4     startup_msp432p401r_ccs.obj (.intvecs:retain)

.binit     0    00000000    00000000     

.text      0    000000e4    00000b20     
                  000000e4    0000032c     system_msp432p401r.obj (.text)
                  00000410    000001f4     GPIO.obj (.text)
                  00000604    00000150     UART.obj (.text)
                  00000754    00000144     adc_driver.obj (.text)
                  00000898    0000009c     rtsv7M4_T_le_v4SPD16_eabi.lib : memcpy_t2.obj (.text)
                  00000934    00000080     Timer.obj (.text)
                  000009b4    00000070     rtsv7M4_T_le_v4SPD16_eabi.lib : autoinit.obj (.text)
                  00000a24    00000068                                   : copy_decompress_lzss.obj (.text:decompress:lzss)
                  00000a8c    00000054                                   : boot.obj (.text)
                  00000ae0    00000054                                   : exit.obj (.text)
                  00000b34    0000004c                                   : cpy_tbl.obj (.text)
                  00000b80    00000020     main.obj (.text)
                  00000ba0    00000018     rtsv7M4_T_le_v4SPD16_eabi.lib : args_main.obj (.text)
                  00000bb8    00000014                                   : _lock.obj (.text)
                  00000bcc    00000014                                   : strlen.obj (.text)
                  00000be0    0000000e                                   : copy_decompress_none.obj (.text:decompress:none)
                  00000bee    0000000e     startup_msp432p401r_ccs.obj (.text)
                  00000bfc    00000004     rtsv7M4_T_le_v4SPD16_eabi.lib : pre_init.obj (.text)
                  00000c00    00000002                                   : mpu_init.obj (.text)
                  00000c02    00000002                                   : startup.obj (.text)

.cinit     0    00000c08    00000028     
                  00000c08    00000015     (.cinit..data.load) [load image, compression = lzss]
                  00000c1d    00000003     --HOLE-- [fill = 0]
                  00000c20    00000008     (__TI_handler_table)
                  00000c28    00000008     (__TI_cinit_table)

.init_array 
*          0    00000000    00000000     UNINITIALIZED

.sysmem    0    20000000    00000400     UNINITIALIZED
                  20000000    00000008     rtsv7M4_T_le_v4SPD16_eabi.lib : memory.obj (.sysmem)
                  20000008    000003f8     --HOLE--

.data      0    20000400    0000001c     UNINITIALIZED
                  20000400    0000000c     rtsv7M4_T_le_v4SPD16_eabi.lib : exit.obj (.data:$O1$$)
                  2000040c    00000008                                   : _lock.obj (.data:$O1$$)
                  20000414    00000004                                   : stkdepth_vars.obj (.data)
                  20000418    00000004     system_msp432p401r.obj (.data)

.stack     0    2000fe00    00000200     UNINITIALIZED
                  2000fe00    00000200     --HOLE--

MODULE SUMMARY

       Module                        code   ro data   rw data
       ------                        ----   -------   -------
    .\
       system_msp432p401r.obj        812    0         8      
       GPIO.obj                      500    0         0      
       UART.obj                      336    0         0      
       adc_driver.obj                324    0         0      
       startup_msp432p401r_ccs.obj   14     228       0      
       Timer.obj                     128    0         0      
       main.obj                      32     0         0      
    +--+-----------------------------+------+---------+---------+
       Total:                        2146   228       8      
                                                             
    C:\Users\kwat1\Documents\ccsv7\tools\compiler\ti-cgt-arm_16.9.4.LTS\lib\rtsv7M4_T_le_v4SPD16_eabi.lib
       memcpy_t2.obj                 156    0         0      
       autoinit.obj                  112    0         0      
       exit.obj                      84     0         24     
       copy_decompress_lzss.obj      104    0         0      
       boot.obj                      84     0         0      
       cpy_tbl.obj                   76     0         0      
       _lock.obj                     20     0         16     
       args_main.obj                 24     0         0      
       strlen.obj                    20     0         0      
       copy_decompress_none.obj      14     0         0      
       stkdepth_vars.obj             0      0         8      
       pre_init.obj                  4      0         0      
       mpu_init.obj                  2      0         0      
       startup.obj                   2      0         0      
    +--+-----------------------------+------+---------+---------+
       Total:                        702    0         48     
                                                             
       Heap:                         0      0         2048   
       Stack:                        0      0         1024   
       Linker Generated:             0      37        0      
    +--+-----------------------------+------+---------+---------+
       Grand Total:                  2848   265       3128   


LINKER GENERATED COPY TABLES

__TI_cinit_table @ 00000c28 records: 1, size/record: 8, table size: 8
	.data: load addr=00000c08, load size=00000015 bytes, run addr=20000400, run size=0000001c bytes, compression=lzss


LINKER GENERATED HANDLER TABLE

__TI_handler_table @ 00000c20 records: 2, size/record: 4, table size: 8
	index: 0, handler: __TI_decompress_lzss
	index: 1, handler: __TI_decompress_none


GLOBAL SYMBOLS: SORTED ALPHABETICALLY BY Name 

address   name                           
-------   ----                           
0000081d  ADC14_IRQHandler               
0000081d  ADC14_IRQHandler               
00000781  ADC_CONFIG_Accelerometer       
00000bfb  AES256_IRQHandler              
00000bfb  BusFault_Handler               
00000ae1  C$$EXIT                        
00000bfb  COMP_E0_IRQHandler             
00000bfb  COMP_E1_IRQHandler             
00000bfb  CS_IRQHandler                  
00000bfb  DMA_ERR_IRQHandler             
00000bfb  DMA_INT0_IRQHandler            
00000bfb  DMA_INT1_IRQHandler            
00000bfb  DMA_INT2_IRQHandler            
00000bfb  DMA_INT3_IRQHandler            
00000bfb  DebugMon_Handler               
00000bfb  Default_Handler                
00000bfb  EUSCIA0_IRQHandler             
00000bfb  EUSCIA1_IRQHandler             
000006d9  EUSCIA2_IRQHandler             
000006d9  EUSCIA2_IRQHandler             
00000bfb  EUSCIA3_IRQHandler             
00000bfb  EUSCIB0_IRQHandler             
00000bfb  EUSCIB1_IRQHandler             
00000bfb  EUSCIB2_IRQHandler             
00000bfb  EUSCIB3_IRQHandler             
00000bfb  FLCTL_IRQHandler               
00000bfb  FPU_IRQHandler                 
00000bfb  HardFault_Handler              
00000467  IR_Beam_Break_Config           
000004f5  Left_Right_Button_Config       
00000bfb  MemManage_Handler              
00000bfb  NMI_Handler                    
00000bfb  PCM_IRQHandler                 
00000597  PORT1_IRQHandler               
00000597  PORT1_IRQHandler               
00000bfb  PORT2_IRQHandler               
00000bfb  PORT3_IRQHandler               
00000bfb  PORT4_IRQHandler               
00000bfb  PORT5_IRQHandler               
00000bfb  PORT6_IRQHandler               
00000bfb  PSS_IRQHandler                 
00000bfb  PendSV_Handler                 
000004c1  RGB_Config                     
00000bfb  RTC_C_IRQHandler               
00000bef  Reset_Handler                  
UNDEFED   SHT$$INIT_ARRAY$$Base          
UNDEFED   SHT$$INIT_ARRAY$$Limit         
00000bfb  SVC_Handler                    
00000bfb  SysTick_Handler                
20000418  SystemCoreClock                
000000e5  SystemCoreClockUpdate          
00000359  SystemInit                     
00000bfb  T32_INT1_IRQHandler            
00000bfb  T32_INT2_IRQHandler            
00000bfb  T32_INTC_IRQHandler            
00000bfb  TA0_0_IRQHandler               
00000bfb  TA0_N_IRQHandler               
00000bfb  TA1_0_IRQHandler               
00000bfb  TA1_N_IRQHandler               
00000bfb  TA2_0_IRQHandler               
00000bfb  TA2_N_IRQHandler               
00000bfb  TA3_0_IRQHandler               
00000bfb  TA3_N_IRQHandler               
00000961  Timer_A0_Config                
00000631  UART_Config                    
0000043d  UART_RX_TX_Config              
00000687  UART_send_byte                 
000006a3  UART_send_n_bytes              
00000bfb  UsageFault_Handler             
4000480c  WDTCTL_SYM                     
00000bfb  WDT_A_IRQHandler               
UNDEFED   X_ADC                          
UNDEFED   Y_ADC                          
UNDEFED   Z_ADC                          
20010000  __STACK_END                    
00000200  __STACK_SIZE                   
00000400  __SYSMEM_SIZE                  
00000c28  __TI_CINIT_Base                
00000c30  __TI_CINIT_Limit               
00000c20  __TI_Handler_Table_Base        
00000c28  __TI_Handler_Table_Limit       
000009b5  __TI_auto_init                 
20000400  __TI_cleanup_ptr               
00000a25  __TI_decompress_lzss           
00000be1  __TI_decompress_none           
20000404  __TI_dtors_ptr                 
20000408  __TI_enable_exit_profile_output
ffffffff  __TI_pprof_out_hndl            
ffffffff  __TI_prof_data_size            
ffffffff  __TI_prof_data_start           
00000000  __TI_static_base__             
00000899  __aeabi_memcpy                 
00000899  __aeabi_memcpy4                
00000899  __aeabi_memcpy8                
ffffffff  __binit__                      
ffffffff  __c_args__                     
00000c01  __mpu_init                     
2000fe00  __stack                        
00000ba1  _args_main                     
00000a8d  _c_int00                       
2000040c  _lock                          
00000bc7  _nop                           
00000bbf  _register_lock                 
00000bb9  _register_unlock               
20000000  _sys_memory                    
00000c03  _system_post_cinit             
00000bfd  _system_pre_init               
20000410  _unlock                        
00000ae5  abort                          
ffffffff  binit                          
00000b35  copy_in                        
00000aed  exit                           
00000000  interruptVectors               
00000b81  main                           
20000414  main_func_sp                   
00000899  memcpy                         
00000bcd  strlen                         


GLOBAL SYMBOLS: SORTED BY Symbol Address 

address   name                           
-------   ----                           
00000000  __TI_static_base__             
00000000  interruptVectors               
000000e5  SystemCoreClockUpdate          
00000200  __STACK_SIZE                   
00000359  SystemInit                     
00000400  __SYSMEM_SIZE                  
0000043d  UART_RX_TX_Config              
00000467  IR_Beam_Break_Config           
000004c1  RGB_Config                     
000004f5  Left_Right_Button_Config       
00000597  PORT1_IRQHandler               
00000597  PORT1_IRQHandler               
00000631  UART_Config                    
00000687  UART_send_byte                 
000006a3  UART_send_n_bytes              
000006d9  EUSCIA2_IRQHandler             
000006d9  EUSCIA2_IRQHandler             
00000781  ADC_CONFIG_Accelerometer       
0000081d  ADC14_IRQHandler               
0000081d  ADC14_IRQHandler               
00000899  __aeabi_memcpy                 
00000899  __aeabi_memcpy4                
00000899  __aeabi_memcpy8                
00000899  memcpy                         
00000961  Timer_A0_Config                
000009b5  __TI_auto_init                 
00000a25  __TI_decompress_lzss           
00000a8d  _c_int00                       
00000ae1  C$$EXIT                        
00000ae5  abort                          
00000aed  exit                           
00000b35  copy_in                        
00000b81  main                           
00000ba1  _args_main                     
00000bb9  _register_unlock               
00000bbf  _register_lock                 
00000bc7  _nop                           
00000bcd  strlen                         
00000be1  __TI_decompress_none           
00000bef  Reset_Handler                  
00000bfb  AES256_IRQHandler              
00000bfb  BusFault_Handler               
00000bfb  COMP_E0_IRQHandler             
00000bfb  COMP_E1_IRQHandler             
00000bfb  CS_IRQHandler                  
00000bfb  DMA_ERR_IRQHandler             
00000bfb  DMA_INT0_IRQHandler            
00000bfb  DMA_INT1_IRQHandler            
00000bfb  DMA_INT2_IRQHandler            
00000bfb  DMA_INT3_IRQHandler            
00000bfb  DebugMon_Handler               
00000bfb  Default_Handler                
00000bfb  EUSCIA0_IRQHandler             
00000bfb  EUSCIA1_IRQHandler             
00000bfb  EUSCIA3_IRQHandler             
00000bfb  EUSCIB0_IRQHandler             
00000bfb  EUSCIB1_IRQHandler             
00000bfb  EUSCIB2_IRQHandler             
00000bfb  EUSCIB3_IRQHandler             
00000bfb  FLCTL_IRQHandler               
00000bfb  FPU_IRQHandler                 
00000bfb  HardFault_Handler              
00000bfb  MemManage_Handler              
00000bfb  NMI_Handler                    
00000bfb  PCM_IRQHandler                 
00000bfb  PORT2_IRQHandler               
00000bfb  PORT3_IRQHandler               
00000bfb  PORT4_IRQHandler               
00000bfb  PORT5_IRQHandler               
00000bfb  PORT6_IRQHandler               
00000bfb  PSS_IRQHandler                 
00000bfb  PendSV_Handler                 
00000bfb  RTC_C_IRQHandler               
00000bfb  SVC_Handler                    
00000bfb  SysTick_Handler                
00000bfb  T32_INT1_IRQHandler            
00000bfb  T32_INT2_IRQHandler            
00000bfb  T32_INTC_IRQHandler            
00000bfb  TA0_0_IRQHandler               
00000bfb  TA0_N_IRQHandler               
00000bfb  TA1_0_IRQHandler               
00000bfb  TA1_N_IRQHandler               
00000bfb  TA2_0_IRQHandler               
00000bfb  TA2_N_IRQHandler               
00000bfb  TA3_0_IRQHandler               
00000bfb  TA3_N_IRQHandler               
00000bfb  UsageFault_Handler             
00000bfb  WDT_A_IRQHandler               
00000bfd  _system_pre_init               
00000c01  __mpu_init                     
00000c03  _system_post_cinit             
00000c20  __TI_Handler_Table_Base        
00000c28  __TI_CINIT_Base                
00000c28  __TI_Handler_Table_Limit       
00000c30  __TI_CINIT_Limit               
20000000  _sys_memory                    
20000400  __TI_cleanup_ptr               
20000404  __TI_dtors_ptr                 
20000408  __TI_enable_exit_profile_output
2000040c  _lock                          
20000410  _unlock                        
20000414  main_func_sp                   
20000418  SystemCoreClock                
2000fe00  __stack                        
20010000  __STACK_END                    
4000480c  WDTCTL_SYM                     
ffffffff  __TI_pprof_out_hndl            
ffffffff  __TI_prof_data_size            
ffffffff  __TI_prof_data_start           
ffffffff  __binit__                      
ffffffff  __c_args__                     
ffffffff  binit                          
UNDEFED   SHT$$INIT_ARRAY$$Base          
UNDEFED   SHT$$INIT_ARRAY$$Limit         
UNDEFED   X_ADC                          
UNDEFED   Y_ADC                          
UNDEFED   Z_ADC                          

[117 symbols]
