******************************************************************************
                  TI ARM Linker PC v16.9.4                     
******************************************************************************
>> Linked Sun Oct 29 09:53:26 2017

OUTPUT FILE NAME:   <Final_scooter.out>
ENTRY POINT SYMBOL: "_c_int00"  address: 000024b5


MEMORY CONFIGURATION

         name            origin    length      used     unused   attr    fill
----------------------  --------  ---------  --------  --------  ----  --------
  MAIN                  00000000   00040000  0000274c  0003d8b4  R  X
  INFO                  00200000   00004000  00000000  00004000  R  X
  SRAM_CODE             01000000   00010000  00000656  0000f9aa  RW X
  SRAM_DATA             20000000   00010000  00000656  0000f9aa  RW  


SEGMENT ALLOCATION MAP

run origin  load origin   length   init length attrs members
----------  ----------- ---------- ----------- ----- -------
00000000    00000000    00002750   00002750    r-x
  00000000    00000000    000000e4   000000e4    r-- .intvecs
  000000e4    000000e4    000025e8   000025e8    r-x .text
  000026d0    000026d0    00000030   00000030    r-- .const
  00002700    00002700    00000050   00000050    r-- .cinit
20000000    20000000    00000456   00000000    rw-
  20000000    20000000    00000400   00000000    rw- .sysmem
  20000400    20000400    00000038   00000000    rw- .data
  20000438    20000438    0000001e   00000000    rw- .bss
2000fe00    2000fe00    00000200   00000000    rw-
  2000fe00    2000fe00    00000200   00000000    rw- .stack


SECTION ALLOCATION MAP

 output                                  attributes/
section   page    origin      length       input sections
--------  ----  ----------  ----------   ----------------
.intvecs   0    00000000    000000e4     
                  00000000    000000e4     startup_msp432p401r_ccs.obj (.intvecs:retain)

.binit     0    00000000    00000000     

.text      0    000000e4    000025e8     
                  000000e4    000009ac     rtsv7M4_T_le_v4SPD16_eabi.lib : e_pow.obj (.text)
                  00000a90    000003d0                                   : memory.obj (.text)
                  00000e60    0000032c     system_msp432p401r.obj (.text)
                  0000118c    00000320     circ_buffer_basic.obj (.text)
                  000014ac    000002fc     UART.obj (.text)
                  000017a8    000001f4     GPIO.obj (.text)
                  0000199c    000001b6     rtsv7M4_T_le_v4SPD16_eabi.lib : fd_add_t2.obj (.text)
                  00001b52    00000002                                   : mpu_init.obj (.text)
                  00001b54    00000170                                   : e_sqrt.obj (.text)
                  00001cc4    00000144     adc_driver.obj (.text)
                  00001e08    00000136     rtsv7M4_T_le_v4SPD16_eabi.lib : fd_div_t2.obj (.text)
                  00001f3e    000000fc                                   : fd_mul_t2.obj (.text)
                  0000203a    00000002                                   : startup.obj (.text)
                  0000203c    000000fc                                   : s_scalbn.obj (.text)
                  00002138    0000009c                                   : memcpy_t2.obj (.text)
                  000021d4    00000086                                   : fd_cmp_t2.obj (.text:__aeabi_cdcmple)
                  0000225a    00000086                                   : fd_cmp_t2.obj (.text:__aeabi_cdrcmple)
                  000022e0    00000080     Timer.obj (.text)
                  00002360    0000007a     rtsv7M4_T_le_v4SPD16_eabi.lib : memset_t2.obj (.text)
                  000023da    00000002     --HOLE-- [fill = 0]
                  000023dc    00000070                                   : autoinit.obj (.text)
                  0000244c    00000068                                   : copy_decompress_lzss.obj (.text:decompress:lzss)
                  000024b4    00000054                                   : boot.obj (.text)
                  00002508    00000054                                   : exit.obj (.text)
                  0000255c    0000004c                                   : cpy_tbl.obj (.text)
                  000025a8    00000044     Clock.obj (.text)
                  000025ec    00000030     main.obj (.text)
                  0000261c    0000002e     rtsv7M4_T_le_v4SPD16_eabi.lib : i_tofd_t2.obj (.text)
                  0000264a    00000002     --HOLE-- [fill = 0]
                  0000264c    00000018                                   : args_main.obj (.text)
                  00002664    00000014                                   : _lock.obj (.text)
                  00002678    00000014                                   : s_copysign.obj (.text)
                  0000268c    00000014                                   : strlen.obj (.text)
                  000026a0    0000000e                                   : copy_decompress_none.obj (.text:decompress:none)
                  000026ae    0000000e     startup_msp432p401r_ccs.obj (.text)
                  000026bc    0000000c     rtsv7M4_T_le_v4SPD16_eabi.lib : copy_zero_init.obj (.text:decompress:ZI)
                  000026c8    00000004                                   : pre_init.obj (.text)

.const     0    000026d0    00000030     
                  000026d0    00000030     rtsv7M4_T_le_v4SPD16_eabi.lib : e_pow.obj (.const:$O1$$)

.cinit     0    00002700    00000050     
                  00002700    00000027     (.cinit..data.load) [load image, compression = lzss]
                  00002727    00000001     --HOLE-- [fill = 0]
                  00002728    0000000c     (__TI_handler_table)
                  00002734    00000004     --HOLE-- [fill = 0]
                  00002738    00000008     (.cinit..bss.load) [load image, compression = zero_init]
                  00002740    00000010     (__TI_cinit_table)

.init_array 
*          0    00000000    00000000     UNINITIALIZED

.sysmem    0    20000000    00000400     UNINITIALIZED
                  20000000    00000008     rtsv7M4_T_le_v4SPD16_eabi.lib : memory.obj (.sysmem)
                  20000008    000003f8     --HOLE--

.data      0    20000400    00000038     UNINITIALIZED
                  20000400    0000000c     rtsv7M4_T_le_v4SPD16_eabi.lib : exit.obj (.data:$O1$$)
                  2000040c    0000000c                                   : memory.obj (.data:$O1$$)
                  20000418    0000000c     main.obj (.data)
                  20000424    00000008     rtsv7M4_T_le_v4SPD16_eabi.lib : _lock.obj (.data:$O1$$)
                  2000042c    00000004                                   : errno.obj (.data)
                  20000430    00000004                                   : stkdepth_vars.obj (.data)
                  20000434    00000004     system_msp432p401r.obj (.data)

.bss       0    20000438    0000001e     UNINITIALIZED
                  20000438    00000018     (.common:myBuffer)
                  20000450    00000002     (.common:X_Accelerometer_ADC)
                  20000452    00000002     (.common:Y_Accelerometer_ADC)
                  20000454    00000002     (.common:Z_Accelerometer_ADC)

.stack     0    2000fe00    00000200     UNINITIALIZED
                  2000fe00    00000200     --HOLE--

MODULE SUMMARY

       Module                        code   ro data   rw data
       ------                        ----   -------   -------
    .\
       system_msp432p401r.obj        812    0         8      
       circ_buffer_basic.obj         800    0         0      
       UART.obj                      764    0         0      
       GPIO.obj                      500    0         0      
       adc_driver.obj                324    0         12     
       startup_msp432p401r_ccs.obj   14     228       0      
       Timer.obj                     128    0         0      
       main.obj                      48     0         72     
       Clock.obj                     68     0         0      
    +--+-----------------------------+------+---------+---------+
       Total:                        3458   228       92     
                                                             
    C:\Users\kwat1\Documents\ccsv7\tools\compiler\ti-cgt-arm_16.9.4.LTS\lib\rtsv7M4_T_le_v4SPD16_eabi.lib
       e_pow.obj                     2476   48        0      
       memory.obj                    976    0         24     
       fd_add_t2.obj                 438    0         0      
       e_sqrt.obj                    368    0         0      
       fd_div_t2.obj                 310    0         0      
       fd_cmp_t2.obj                 268    0         0      
       fd_mul_t2.obj                 252    0         0      
       s_scalbn.obj                  252    0         0      
       memcpy_t2.obj                 156    0         0      
       memset_t2.obj                 122    0         0      
       autoinit.obj                  112    0         0      
       exit.obj                      84     0         24     
       copy_decompress_lzss.obj      104    0         0      
       boot.obj                      84     0         0      
       cpy_tbl.obj                   76     0         0      
       i_tofd_t2.obj                 46     0         0      
       _lock.obj                     20     0         16     
       args_main.obj                 24     0         0      
       s_copysign.obj                20     0         0      
       strlen.obj                    20     0         0      
       copy_decompress_none.obj      14     0         0      
       copy_zero_init.obj            12     0         0      
       errno.obj                     0      0         8      
       stkdepth_vars.obj             0      0         8      
       pre_init.obj                  4      0         0      
       mpu_init.obj                  2      0         0      
       startup.obj                   2      0         0      
    +--+-----------------------------+------+---------+---------+
       Total:                        6242   48        80     
                                                             
       Heap:                         0      0         2048   
       Stack:                        0      0         1024   
       Linker Generated:             0      75        0      
    +--+-----------------------------+------+---------+---------+
       Grand Total:                  9700   351       3244   


LINKER GENERATED COPY TABLES

__TI_cinit_table @ 00002740 records: 2, size/record: 8, table size: 16
	.data: load addr=00002700, load size=00000027 bytes, run addr=20000400, run size=00000038 bytes, compression=lzss
	.bss: load addr=00002738, load size=00000008 bytes, run addr=20000438, run size=0000001e bytes, compression=zero_init


LINKER GENERATED HANDLER TABLE

__TI_handler_table @ 00002728 records: 3, size/record: 4, table size: 12
	index: 0, handler: __TI_decompress_lzss
	index: 1, handler: __TI_decompress_none
	index: 2, handler: __TI_zero_init


GLOBAL SYMBOLS: SORTED ALPHABETICALLY BY Name 

address   name                           
-------   ----                           
00001d8d  ADC14_IRQHandler               
00001d8d  ADC14_IRQHandler               
00001cf1  ADC_Accelerometer_Config       
000026bb  AES256_IRQHandler              
000026bb  BusFault_Handler               
00002509  C$$EXIT                        
000026bb  COMP_E0_IRQHandler             
000026bb  COMP_E1_IRQHandler             
000026bb  CS_IRQHandler                  
2000041c  Calculate_Distance             
000025a9  Clock_Config                   
000026bb  DMA_ERR_IRQHandler             
000026bb  DMA_INT0_IRQHandler            
000026bb  DMA_INT1_IRQHandler            
000026bb  DMA_INT2_IRQHandler            
000026bb  DMA_INT3_IRQHandler            
000026bb  DebugMon_Handler               
000026bb  Default_Handler                
000026bb  EUSCIA0_IRQHandler             
000026bb  EUSCIA1_IRQHandler             
0000172f  EUSCIA2_IRQHandler             
0000172f  EUSCIA2_IRQHandler             
000026bb  EUSCIA3_IRQHandler             
000026bb  EUSCIB0_IRQHandler             
000026bb  EUSCIB1_IRQHandler             
000026bb  EUSCIB2_IRQHandler             
000026bb  EUSCIB3_IRQHandler             
000026bb  FLCTL_IRQHandler               
000026bb  FPU_IRQHandler                 
000026bb  HardFault_Handler              
000017ff  IR_Beam_Break_Config           
0000188d  Left_Right_Button_Config       
000026bb  MemManage_Handler              
000026bb  NMI_Handler                    
000026bb  PCM_IRQHandler                 
0000192f  PORT1_IRQHandler               
0000192f  PORT1_IRQHandler               
000026bb  PORT2_IRQHandler               
000026bb  PORT3_IRQHandler               
000026bb  PORT4_IRQHandler               
000026bb  PORT5_IRQHandler               
000026bb  PORT6_IRQHandler               
000026bb  PSS_IRQHandler                 
000026bb  PendSV_Handler                 
00001859  RGB_Config                     
000026bb  RTC_C_IRQHandler               
000026af  Reset_Handler                  
UNDEFED   SHT$$INIT_ARRAY$$Base          
UNDEFED   SHT$$INIT_ARRAY$$Limit         
000026bb  SVC_Handler                    
000026bb  SysTick_Handler                
20000434  SystemCoreClock                
00000e61  SystemCoreClockUpdate          
000010d5  SystemInit                     
000026bb  T32_INT1_IRQHandler            
000026bb  T32_INT2_IRQHandler            
000026bb  T32_INTC_IRQHandler            
000026bb  TA0_0_IRQHandler               
000026bb  TA0_N_IRQHandler               
000026bb  TA1_0_IRQHandler               
000026bb  TA1_N_IRQHandler               
000026bb  TA2_0_IRQHandler               
000026bb  TA2_N_IRQHandler               
000026bb  TA3_0_IRQHandler               
000026bb  TA3_N_IRQHandler               
0000230d  Timer_A0_Config                
000014d9  UART_Config                    
000017d5  UART_RX_TX_Config              
00001533  UART_send_byte                 
0000154f  UART_send_n_bytes              
000026bb  UsageFault_Handler             
4000480c  WDTCTL_SYM                     
000026bb  WDT_A_IRQHandler               
20000450  X_Accelerometer_ADC            
20000452  Y_Accelerometer_ADC            
20000454  Z_Accelerometer_ADC            
20010000  __STACK_END                    
00000200  __STACK_SIZE                   
00000400  __SYSMEM_SIZE                  
00002740  __TI_CINIT_Base                
00002750  __TI_CINIT_Limit               
00002728  __TI_Handler_Table_Base        
00002734  __TI_Handler_Table_Limit       
000023dd  __TI_auto_init                 
20000400  __TI_cleanup_ptr               
0000244d  __TI_decompress_lzss           
000026a1  __TI_decompress_none           
20000404  __TI_dtors_ptr                 
20000408  __TI_enable_exit_profile_output
ffffffff  __TI_pprof_out_hndl            
ffffffff  __TI_prof_data_size            
ffffffff  __TI_prof_data_start           
00000000  __TI_static_base__             
000026bd  __TI_zero_init                 
000021d5  __aeabi_cdcmpeq                
000021d5  __aeabi_cdcmple                
0000225b  __aeabi_cdrcmple               
000019a7  __aeabi_dadd                   
00001e09  __aeabi_ddiv                   
00001f3f  __aeabi_dmul                   
0000199d  __aeabi_dsub                   
0000261d  __aeabi_i2d                    
00002361  __aeabi_memclr                 
00002361  __aeabi_memclr4                
00002361  __aeabi_memclr8                
00002139  __aeabi_memcpy                 
00002139  __aeabi_memcpy4                
00002139  __aeabi_memcpy8                
00002363  __aeabi_memset                 
00002363  __aeabi_memset4                
00002363  __aeabi_memset8                
ffffffff  __binit__                      
ffffffff  __c_args__                     
00001b53  __mpu_init                     
2000fe00  __stack                        
0000264d  _args_main                     
000024b5  _c_int00                       
20000424  _lock                          
00002673  _nop                           
0000266b  _register_lock                 
00002665  _register_unlock               
20000000  _sys_memory                    
0000203b  _system_post_cinit             
000026c9  _system_pre_init               
20000428  _unlock                        
0000250d  abort                          
000011e1  add_To_Buffer                  
ffffffff  binit                          
00000e31  calloc                         
00001403  clear_Buffer                   
0000255d  copy_in                        
00002679  copysign                       
00002679  copysignl                      
00001373  currentSize                    
2000042c  errno                          
00002515  exit                           
00000b7b  free                           
000016ab  ftoa                           
0000118d  initialize_Circ_Buffer         
000015d7  intToStr                       
00000000  interruptVectors               
0000135b  is_Circ_Buf_Empty              
0000133b  is_Circ_Buf_Full               
00001641  itoa                           
0000203d  ldexp                          
0000203d  ldexpl                         
000025ed  main                           
20000430  main_func_sp                   
00000b11  malloc                         
00000d45  memalign                       
00002139  memcpy                         
00002369  memset                         
00000a91  minit                          
20000438  myBuffer                       
20000418  myBufferPTR                    
000000e5  pow                            
000000e5  powl                           
00001383  print                          
00000c3d  realloc                        
00001277  remove_From_Buffer             
00001585  reverse                        
0000203d  scalbn                         
0000203d  scalbnl                        
00001b55  sqrt                           
00001b55  sqrtl                          
0000268d  strlen                         
20000420  total_distance_cummulative     


GLOBAL SYMBOLS: SORTED BY Symbol Address 

address   name                           
-------   ----                           
00000000  __TI_static_base__             
00000000  interruptVectors               
000000e5  pow                            
000000e5  powl                           
00000200  __STACK_SIZE                   
00000400  __SYSMEM_SIZE                  
00000a91  minit                          
00000b11  malloc                         
00000b7b  free                           
00000c3d  realloc                        
00000d45  memalign                       
00000e31  calloc                         
00000e61  SystemCoreClockUpdate          
000010d5  SystemInit                     
0000118d  initialize_Circ_Buffer         
000011e1  add_To_Buffer                  
00001277  remove_From_Buffer             
0000133b  is_Circ_Buf_Full               
0000135b  is_Circ_Buf_Empty              
00001373  currentSize                    
00001383  print                          
00001403  clear_Buffer                   
000014d9  UART_Config                    
00001533  UART_send_byte                 
0000154f  UART_send_n_bytes              
00001585  reverse                        
000015d7  intToStr                       
00001641  itoa                           
000016ab  ftoa                           
0000172f  EUSCIA2_IRQHandler             
0000172f  EUSCIA2_IRQHandler             
000017d5  UART_RX_TX_Config              
000017ff  IR_Beam_Break_Config           
00001859  RGB_Config                     
0000188d  Left_Right_Button_Config       
0000192f  PORT1_IRQHandler               
0000192f  PORT1_IRQHandler               
0000199d  __aeabi_dsub                   
000019a7  __aeabi_dadd                   
00001b53  __mpu_init                     
00001b55  sqrt                           
00001b55  sqrtl                          
00001cf1  ADC_Accelerometer_Config       
00001d8d  ADC14_IRQHandler               
00001d8d  ADC14_IRQHandler               
00001e09  __aeabi_ddiv                   
00001f3f  __aeabi_dmul                   
0000203b  _system_post_cinit             
0000203d  ldexp                          
0000203d  ldexpl                         
0000203d  scalbn                         
0000203d  scalbnl                        
00002139  __aeabi_memcpy                 
00002139  __aeabi_memcpy4                
00002139  __aeabi_memcpy8                
00002139  memcpy                         
000021d5  __aeabi_cdcmpeq                
000021d5  __aeabi_cdcmple                
0000225b  __aeabi_cdrcmple               
0000230d  Timer_A0_Config                
00002361  __aeabi_memclr                 
00002361  __aeabi_memclr4                
00002361  __aeabi_memclr8                
00002363  __aeabi_memset                 
00002363  __aeabi_memset4                
00002363  __aeabi_memset8                
00002369  memset                         
000023dd  __TI_auto_init                 
0000244d  __TI_decompress_lzss           
000024b5  _c_int00                       
00002509  C$$EXIT                        
0000250d  abort                          
00002515  exit                           
0000255d  copy_in                        
000025a9  Clock_Config                   
000025ed  main                           
0000261d  __aeabi_i2d                    
0000264d  _args_main                     
00002665  _register_unlock               
0000266b  _register_lock                 
00002673  _nop                           
00002679  copysign                       
00002679  copysignl                      
0000268d  strlen                         
000026a1  __TI_decompress_none           
000026af  Reset_Handler                  
000026bb  AES256_IRQHandler              
000026bb  BusFault_Handler               
000026bb  COMP_E0_IRQHandler             
000026bb  COMP_E1_IRQHandler             
000026bb  CS_IRQHandler                  
000026bb  DMA_ERR_IRQHandler             
000026bb  DMA_INT0_IRQHandler            
000026bb  DMA_INT1_IRQHandler            
000026bb  DMA_INT2_IRQHandler            
000026bb  DMA_INT3_IRQHandler            
000026bb  DebugMon_Handler               
000026bb  Default_Handler                
000026bb  EUSCIA0_IRQHandler             
000026bb  EUSCIA1_IRQHandler             
000026bb  EUSCIA3_IRQHandler             
000026bb  EUSCIB0_IRQHandler             
000026bb  EUSCIB1_IRQHandler             
000026bb  EUSCIB2_IRQHandler             
000026bb  EUSCIB3_IRQHandler             
000026bb  FLCTL_IRQHandler               
000026bb  FPU_IRQHandler                 
000026bb  HardFault_Handler              
000026bb  MemManage_Handler              
000026bb  NMI_Handler                    
000026bb  PCM_IRQHandler                 
000026bb  PORT2_IRQHandler               
000026bb  PORT3_IRQHandler               
000026bb  PORT4_IRQHandler               
000026bb  PORT5_IRQHandler               
000026bb  PORT6_IRQHandler               
000026bb  PSS_IRQHandler                 
000026bb  PendSV_Handler                 
000026bb  RTC_C_IRQHandler               
000026bb  SVC_Handler                    
000026bb  SysTick_Handler                
000026bb  T32_INT1_IRQHandler            
000026bb  T32_INT2_IRQHandler            
000026bb  T32_INTC_IRQHandler            
000026bb  TA0_0_IRQHandler               
000026bb  TA0_N_IRQHandler               
000026bb  TA1_0_IRQHandler               
000026bb  TA1_N_IRQHandler               
000026bb  TA2_0_IRQHandler               
000026bb  TA2_N_IRQHandler               
000026bb  TA3_0_IRQHandler               
000026bb  TA3_N_IRQHandler               
000026bb  UsageFault_Handler             
000026bb  WDT_A_IRQHandler               
000026bd  __TI_zero_init                 
000026c9  _system_pre_init               
00002728  __TI_Handler_Table_Base        
00002734  __TI_Handler_Table_Limit       
00002740  __TI_CINIT_Base                
00002750  __TI_CINIT_Limit               
20000000  _sys_memory                    
20000400  __TI_cleanup_ptr               
20000404  __TI_dtors_ptr                 
20000408  __TI_enable_exit_profile_output
20000418  myBufferPTR                    
2000041c  Calculate_Distance             
20000420  total_distance_cummulative     
20000424  _lock                          
20000428  _unlock                        
2000042c  errno                          
20000430  main_func_sp                   
20000434  SystemCoreClock                
20000438  myBuffer                       
20000450  X_Accelerometer_ADC            
20000452  Y_Accelerometer_ADC            
20000454  Z_Accelerometer_ADC            
2000fe00  __stack                        
20010000  __STACK_END                    
4000480c  WDTCTL_SYM                     
ffffffff  __TI_pprof_out_hndl            
ffffffff  __TI_prof_data_size            
ffffffff  __TI_prof_data_start           
ffffffff  __binit__                      
ffffffff  __c_args__                     
ffffffff  binit                          
UNDEFED   SHT$$INIT_ARRAY$$Base          
UNDEFED   SHT$$INIT_ARRAY$$Limit         

[167 symbols]
