******************************************************************************
                  TI ARM Linker PC v16.9.4                     
******************************************************************************
>> Linked Sun Oct 29 10:21:07 2017

OUTPUT FILE NAME:   <Final_scooter.out>
ENTRY POINT SYMBOL: "_c_int00"  address: 00001e39


MEMORY CONFIGURATION

         name            origin    length      used     unused   attr    fill
----------------------  --------  ---------  --------  --------  ----  --------
  MAIN                  00000000   00040000  000020c0  0003df40  R  X
  INFO                  00200000   00004000  00000000  00004000  R  X
  SRAM_CODE             01000000   00010000  00000626  0000f9da  RW X
  SRAM_DATA             20000000   00010000  00000626  0000f9da  RW  


SEGMENT ALLOCATION MAP

run origin  load origin   length   init length attrs members
----------  ----------- ---------- ----------- ----- -------
00000000    00000000    000020c0   000020c0    r-x
  00000000    00000000    000000e4   000000e4    r-- .intvecs
  000000e4    000000e4    00001f6c   00001f6c    r-x .text
  00002050    00002050    00000030   00000030    r-- .const
  00002080    00002080    00000040   00000040    r-- .cinit
20000000    20000000    00000426   00000000    rw-
  20000000    20000000    00000400   00000000    rw- .sysmem
  20000400    20000400    00000020   00000000    rw- .data
  20000420    20000420    00000006   00000000    rw- .bss
2000fe00    2000fe00    00000200   00000000    rw-
  2000fe00    2000fe00    00000200   00000000    rw- .stack


SECTION ALLOCATION MAP

 output                                  attributes/
section   page    origin      length       input sections
--------  ----  ----------  ----------   ----------------
.intvecs   0    00000000    000000e4     
                  00000000    000000e4     startup_msp432p401r_ccs.obj (.intvecs:retain)

.binit     0    00000000    00000000     

.text      0    000000e4    00001f6c     
                  000000e4    000009ac     rtsv7M4_T_le_v4SPD16_eabi.lib : e_pow.obj (.text)
                  00000a90    0000032c     system_msp432p401r.obj (.text)
                  00000dbc    000002fc     UART.obj (.text)
                  000010b8    0000023c     GPIO.obj (.text)
                  000012f4    000001b6     rtsv7M4_T_le_v4SPD16_eabi.lib : fd_add_t2.obj (.text)
                  000014aa    00000002                                   : mpu_init.obj (.text)
                  000014ac    00000170                                   : e_sqrt.obj (.text)
                  0000161c    00000144     adc_driver.obj (.text)
                  00001760    00000136     rtsv7M4_T_le_v4SPD16_eabi.lib : fd_div_t2.obj (.text)
                  00001896    000000fc                                   : fd_mul_t2.obj (.text)
                  00001992    00000002                                   : startup.obj (.text)
                  00001994    000000fc                                   : s_scalbn.obj (.text)
                  00001a90    000000ac     Timer.obj (.text)
                  00001b3c    0000009c     rtsv7M4_T_le_v4SPD16_eabi.lib : memcpy_t2.obj (.text)
                  00001bd8    00000086                                   : fd_cmp_t2.obj (.text:__aeabi_cdcmple)
                  00001c5e    00000086                                   : fd_cmp_t2.obj (.text:__aeabi_cdrcmple)
                  00001ce4    0000007a                                   : memset_t2.obj (.text)
                  00001d5e    00000002     --HOLE-- [fill = 0]
                  00001d60    00000070                                   : autoinit.obj (.text)
                  00001dd0    00000068                                   : copy_decompress_lzss.obj (.text:decompress:lzss)
                  00001e38    00000054                                   : boot.obj (.text)
                  00001e8c    00000054                                   : exit.obj (.text)
                  00001ee0    0000004c                                   : cpy_tbl.obj (.text)
                  00001f2c    00000044     Clock.obj (.text)
                  00001f70    00000030     main.obj (.text)
                  00001fa0    0000002e     rtsv7M4_T_le_v4SPD16_eabi.lib : i_tofd_t2.obj (.text)
                  00001fce    00000002     --HOLE-- [fill = 0]
                  00001fd0    00000018                                   : args_main.obj (.text)
                  00001fe8    00000014                                   : _lock.obj (.text)
                  00001ffc    00000014                                   : s_copysign.obj (.text)
                  00002010    00000014                                   : strlen.obj (.text)
                  00002024    0000000e                                   : copy_decompress_none.obj (.text:decompress:none)
                  00002032    0000000e     startup_msp432p401r_ccs.obj (.text)
                  00002040    0000000c     rtsv7M4_T_le_v4SPD16_eabi.lib : copy_zero_init.obj (.text:decompress:ZI)
                  0000204c    00000004                                   : pre_init.obj (.text)

.const     0    00002050    00000030     
                  00002050    00000030     rtsv7M4_T_le_v4SPD16_eabi.lib : e_pow.obj (.const:$O1$$)

.cinit     0    00002080    00000040     
                  00002080    00000015     (.cinit..data.load) [load image, compression = lzss]
                  00002095    00000003     --HOLE-- [fill = 0]
                  00002098    0000000c     (__TI_handler_table)
                  000020a4    00000004     --HOLE-- [fill = 0]
                  000020a8    00000008     (.cinit..bss.load) [load image, compression = zero_init]
                  000020b0    00000010     (__TI_cinit_table)

.init_array 
*          0    00000000    00000000     UNINITIALIZED

.sysmem    0    20000000    00000400     UNINITIALIZED
                  20000000    00000008     rtsv7M4_T_le_v4SPD16_eabi.lib : memory.obj (.sysmem)
                  20000008    000003f8     --HOLE--

.data      0    20000400    00000020     UNINITIALIZED
                  20000400    0000000c     rtsv7M4_T_le_v4SPD16_eabi.lib : exit.obj (.data:$O1$$)
                  2000040c    00000008                                   : _lock.obj (.data:$O1$$)
                  20000414    00000004                                   : errno.obj (.data)
                  20000418    00000004                                   : stkdepth_vars.obj (.data)
                  2000041c    00000004     system_msp432p401r.obj (.data)

.bss       0    20000420    00000006     UNINITIALIZED
                  20000420    00000002     (.common:X_Accelerometer_ADC)
                  20000422    00000002     (.common:Y_Accelerometer_ADC)
                  20000424    00000002     (.common:Z_Accelerometer_ADC)

.stack     0    2000fe00    00000200     UNINITIALIZED
                  2000fe00    00000200     --HOLE--

MODULE SUMMARY

       Module                        code   ro data   rw data
       ------                        ----   -------   -------
    .\
       system_msp432p401r.obj        812    0         8      
       UART.obj                      764    0         0      
       GPIO.obj                      572    0         0      
       adc_driver.obj                324    0         12     
       startup_msp432p401r_ccs.obj   14     228       0      
       Timer.obj                     172    0         0      
       Clock.obj                     68     0         0      
       main.obj                      48     0         0      
    +--+-----------------------------+------+---------+---------+
       Total:                        2774   228       20     
                                                             
    C:\Users\kwat1\Documents\ccsv7\tools\compiler\ti-cgt-arm_16.9.4.LTS\lib\rtsv7M4_T_le_v4SPD16_eabi.lib
       e_pow.obj                     2476   48        0      
       fd_add_t2.obj                 438    0         0      
       e_sqrt.obj                    368    0         0      
       fd_div_t2.obj                 310    0         0      
       fd_cmp_t2.obj                 268    0         0      
       fd_mul_t2.obj                 252    0         0      
       s_scalbn.obj                  252    0         0      
       memcpy_t2.obj                 156    0         0      
       memset_t2.obj                 122    0         0      
       autoinit.obj                  112    0         0      
       exit.obj                      84     0         24     
       copy_decompress_lzss.obj      104    0         0      
       boot.obj                      84     0         0      
       cpy_tbl.obj                   76     0         0      
       i_tofd_t2.obj                 46     0         0      
       _lock.obj                     20     0         16     
       args_main.obj                 24     0         0      
       s_copysign.obj                20     0         0      
       strlen.obj                    20     0         0      
       copy_decompress_none.obj      14     0         0      
       copy_zero_init.obj            12     0         0      
       errno.obj                     0      0         8      
       stkdepth_vars.obj             0      0         8      
       pre_init.obj                  4      0         0      
       mpu_init.obj                  2      0         0      
       startup.obj                   2      0         0      
    +--+-----------------------------+------+---------+---------+
       Total:                        5266   48        56     
                                                             
       Heap:                         0      0         2048   
       Stack:                        0      0         1024   
       Linker Generated:             0      57        0      
    +--+-----------------------------+------+---------+---------+
       Grand Total:                  8040   333       3148   


LINKER GENERATED COPY TABLES

__TI_cinit_table @ 000020b0 records: 2, size/record: 8, table size: 16
	.data: load addr=00002080, load size=00000015 bytes, run addr=20000400, run size=00000020 bytes, compression=lzss
	.bss: load addr=000020a8, load size=00000008 bytes, run addr=20000420, run size=00000006 bytes, compression=zero_init


LINKER GENERATED HANDLER TABLE

__TI_handler_table @ 00002098 records: 3, size/record: 4, table size: 12
	index: 0, handler: __TI_decompress_lzss
	index: 1, handler: __TI_decompress_none
	index: 2, handler: __TI_zero_init


GLOBAL SYMBOLS: SORTED ALPHABETICALLY BY Name 

address   name                           
-------   ----                           
000016e5  ADC14_IRQHandler               
000016e5  ADC14_IRQHandler               
00001649  ADC_Accelerometer_Config       
0000203f  AES256_IRQHandler              
0000203f  BusFault_Handler               
00001e8d  C$$EXIT                        
0000203f  COMP_E0_IRQHandler             
0000203f  COMP_E1_IRQHandler             
0000203f  CS_IRQHandler                  
00001f2d  Clock_Config                   
0000203f  DMA_ERR_IRQHandler             
0000203f  DMA_INT0_IRQHandler            
0000203f  DMA_INT1_IRQHandler            
0000203f  DMA_INT2_IRQHandler            
0000203f  DMA_INT3_IRQHandler            
0000203f  DebugMon_Handler               
0000203f  Default_Handler                
0000203f  EUSCIA0_IRQHandler             
0000203f  EUSCIA1_IRQHandler             
0000103f  EUSCIA2_IRQHandler             
0000103f  EUSCIA2_IRQHandler             
0000203f  EUSCIA3_IRQHandler             
0000203f  EUSCIB0_IRQHandler             
0000203f  EUSCIB1_IRQHandler             
0000203f  EUSCIB2_IRQHandler             
0000203f  EUSCIB3_IRQHandler             
0000203f  FLCTL_IRQHandler               
0000203f  FPU_IRQHandler                 
0000203f  HardFault_Handler              
0000110f  IR_Beam_Break_Config           
0000119d  Left_Right_Button_Config       
0000203f  MemManage_Handler              
0000203f  NMI_Handler                    
0000203f  PCM_IRQHandler                 
00001247  PORT1_IRQHandler               
00001247  PORT1_IRQHandler               
0000203f  PORT2_IRQHandler               
0000203f  PORT3_IRQHandler               
0000203f  PORT4_IRQHandler               
0000203f  PORT5_IRQHandler               
0000203f  PORT6_IRQHandler               
0000203f  PSS_IRQHandler                 
0000203f  PendSV_Handler                 
00001169  RGB_Config                     
0000203f  RTC_C_IRQHandler               
00002033  Reset_Handler                  
UNDEFED   SHT$$INIT_ARRAY$$Base          
UNDEFED   SHT$$INIT_ARRAY$$Limit         
0000203f  SVC_Handler                    
0000203f  SysTick_Handler                
2000041c  SystemCoreClock                
00000a91  SystemCoreClockUpdate          
00000d05  SystemInit                     
0000203f  T32_INT1_IRQHandler            
0000203f  T32_INT2_IRQHandler            
0000203f  T32_INTC_IRQHandler            
00001afd  TA0_0_IRQHandler               
00001afd  TA0_0_IRQHandler               
0000203f  TA0_N_IRQHandler               
0000203f  TA1_0_IRQHandler               
0000203f  TA1_N_IRQHandler               
0000203f  TA2_0_IRQHandler               
0000203f  TA2_N_IRQHandler               
0000203f  TA3_0_IRQHandler               
0000203f  TA3_N_IRQHandler               
00001abd  Timer_A0_Config                
00000de9  UART_Config                    
000010e5  UART_RX_TX_Config              
00000e43  UART_send_byte                 
00000e5f  UART_send_n_bytes              
0000203f  UsageFault_Handler             
4000480c  WDTCTL_SYM                     
0000203f  WDT_A_IRQHandler               
20000420  X_Accelerometer_ADC            
20000422  Y_Accelerometer_ADC            
20000424  Z_Accelerometer_ADC            
20010000  __STACK_END                    
00000200  __STACK_SIZE                   
00000400  __SYSMEM_SIZE                  
000020b0  __TI_CINIT_Base                
000020c0  __TI_CINIT_Limit               
00002098  __TI_Handler_Table_Base        
000020a4  __TI_Handler_Table_Limit       
00001d61  __TI_auto_init                 
20000400  __TI_cleanup_ptr               
00001dd1  __TI_decompress_lzss           
00002025  __TI_decompress_none           
20000404  __TI_dtors_ptr                 
20000408  __TI_enable_exit_profile_output
ffffffff  __TI_pprof_out_hndl            
ffffffff  __TI_prof_data_size            
ffffffff  __TI_prof_data_start           
00000000  __TI_static_base__             
00002041  __TI_zero_init                 
00001bd9  __aeabi_cdcmpeq                
00001bd9  __aeabi_cdcmple                
00001c5f  __aeabi_cdrcmple               
000012ff  __aeabi_dadd                   
00001761  __aeabi_ddiv                   
00001897  __aeabi_dmul                   
000012f5  __aeabi_dsub                   
00001fa1  __aeabi_i2d                    
00001ce5  __aeabi_memclr                 
00001ce5  __aeabi_memclr4                
00001ce5  __aeabi_memclr8                
00001b3d  __aeabi_memcpy                 
00001b3d  __aeabi_memcpy4                
00001b3d  __aeabi_memcpy8                
00001ce7  __aeabi_memset                 
00001ce7  __aeabi_memset4                
00001ce7  __aeabi_memset8                
ffffffff  __binit__                      
ffffffff  __c_args__                     
000014ab  __mpu_init                     
2000fe00  __stack                        
00001fd1  _args_main                     
00001e39  _c_int00                       
2000040c  _lock                          
00001ff7  _nop                           
00001fef  _register_lock                 
00001fe9  _register_unlock               
20000000  _sys_memory                    
00001993  _system_post_cinit             
0000204d  _system_pre_init               
20000410  _unlock                        
00001e91  abort                          
ffffffff  binit                          
00001ee1  copy_in                        
00001ffd  copysign                       
00001ffd  copysignl                      
20000414  errno                          
00001e99  exit                           
00000fbb  ftoa                           
00000ee7  intToStr                       
00000000  interruptVectors               
00000f51  itoa                           
00001995  ldexp                          
00001995  ldexpl                         
00001f71  main                           
20000418  main_func_sp                   
00001b3d  memcpy                         
00001ced  memset                         
000000e5  pow                            
000000e5  powl                           
00000e95  reverse                        
00001995  scalbn                         
00001995  scalbnl                        
000014ad  sqrt                           
000014ad  sqrtl                          
00002011  strlen                         


GLOBAL SYMBOLS: SORTED BY Symbol Address 

address   name                           
-------   ----                           
00000000  __TI_static_base__             
00000000  interruptVectors               
000000e5  pow                            
000000e5  powl                           
00000200  __STACK_SIZE                   
00000400  __SYSMEM_SIZE                  
00000a91  SystemCoreClockUpdate          
00000d05  SystemInit                     
00000de9  UART_Config                    
00000e43  UART_send_byte                 
00000e5f  UART_send_n_bytes              
00000e95  reverse                        
00000ee7  intToStr                       
00000f51  itoa                           
00000fbb  ftoa                           
0000103f  EUSCIA2_IRQHandler             
0000103f  EUSCIA2_IRQHandler             
000010e5  UART_RX_TX_Config              
0000110f  IR_Beam_Break_Config           
00001169  RGB_Config                     
0000119d  Left_Right_Button_Config       
00001247  PORT1_IRQHandler               
00001247  PORT1_IRQHandler               
000012f5  __aeabi_dsub                   
000012ff  __aeabi_dadd                   
000014ab  __mpu_init                     
000014ad  sqrt                           
000014ad  sqrtl                          
00001649  ADC_Accelerometer_Config       
000016e5  ADC14_IRQHandler               
000016e5  ADC14_IRQHandler               
00001761  __aeabi_ddiv                   
00001897  __aeabi_dmul                   
00001993  _system_post_cinit             
00001995  ldexp                          
00001995  ldexpl                         
00001995  scalbn                         
00001995  scalbnl                        
00001abd  Timer_A0_Config                
00001afd  TA0_0_IRQHandler               
00001afd  TA0_0_IRQHandler               
00001b3d  __aeabi_memcpy                 
00001b3d  __aeabi_memcpy4                
00001b3d  __aeabi_memcpy8                
00001b3d  memcpy                         
00001bd9  __aeabi_cdcmpeq                
00001bd9  __aeabi_cdcmple                
00001c5f  __aeabi_cdrcmple               
00001ce5  __aeabi_memclr                 
00001ce5  __aeabi_memclr4                
00001ce5  __aeabi_memclr8                
00001ce7  __aeabi_memset                 
00001ce7  __aeabi_memset4                
00001ce7  __aeabi_memset8                
00001ced  memset                         
00001d61  __TI_auto_init                 
00001dd1  __TI_decompress_lzss           
00001e39  _c_int00                       
00001e8d  C$$EXIT                        
00001e91  abort                          
00001e99  exit                           
00001ee1  copy_in                        
00001f2d  Clock_Config                   
00001f71  main                           
00001fa1  __aeabi_i2d                    
00001fd1  _args_main                     
00001fe9  _register_unlock               
00001fef  _register_lock                 
00001ff7  _nop                           
00001ffd  copysign                       
00001ffd  copysignl                      
00002011  strlen                         
00002025  __TI_decompress_none           
00002033  Reset_Handler                  
0000203f  AES256_IRQHandler              
0000203f  BusFault_Handler               
0000203f  COMP_E0_IRQHandler             
0000203f  COMP_E1_IRQHandler             
0000203f  CS_IRQHandler                  
0000203f  DMA_ERR_IRQHandler             
0000203f  DMA_INT0_IRQHandler            
0000203f  DMA_INT1_IRQHandler            
0000203f  DMA_INT2_IRQHandler            
0000203f  DMA_INT3_IRQHandler            
0000203f  DebugMon_Handler               
0000203f  Default_Handler                
0000203f  EUSCIA0_IRQHandler             
0000203f  EUSCIA1_IRQHandler             
0000203f  EUSCIA3_IRQHandler             
0000203f  EUSCIB0_IRQHandler             
0000203f  EUSCIB1_IRQHandler             
0000203f  EUSCIB2_IRQHandler             
0000203f  EUSCIB3_IRQHandler             
0000203f  FLCTL_IRQHandler               
0000203f  FPU_IRQHandler                 
0000203f  HardFault_Handler              
0000203f  MemManage_Handler              
0000203f  NMI_Handler                    
0000203f  PCM_IRQHandler                 
0000203f  PORT2_IRQHandler               
0000203f  PORT3_IRQHandler               
0000203f  PORT4_IRQHandler               
0000203f  PORT5_IRQHandler               
0000203f  PORT6_IRQHandler               
0000203f  PSS_IRQHandler                 
0000203f  PendSV_Handler                 
0000203f  RTC_C_IRQHandler               
0000203f  SVC_Handler                    
0000203f  SysTick_Handler                
0000203f  T32_INT1_IRQHandler            
0000203f  T32_INT2_IRQHandler            
0000203f  T32_INTC_IRQHandler            
0000203f  TA0_N_IRQHandler               
0000203f  TA1_0_IRQHandler               
0000203f  TA1_N_IRQHandler               
0000203f  TA2_0_IRQHandler               
0000203f  TA2_N_IRQHandler               
0000203f  TA3_0_IRQHandler               
0000203f  TA3_N_IRQHandler               
0000203f  UsageFault_Handler             
0000203f  WDT_A_IRQHandler               
00002041  __TI_zero_init                 
0000204d  _system_pre_init               
00002098  __TI_Handler_Table_Base        
000020a4  __TI_Handler_Table_Limit       
000020b0  __TI_CINIT_Base                
000020c0  __TI_CINIT_Limit               
20000000  _sys_memory                    
20000400  __TI_cleanup_ptr               
20000404  __TI_dtors_ptr                 
20000408  __TI_enable_exit_profile_output
2000040c  _lock                          
20000410  _unlock                        
20000414  errno                          
20000418  main_func_sp                   
2000041c  SystemCoreClock                
20000420  X_Accelerometer_ADC            
20000422  Y_Accelerometer_ADC            
20000424  Z_Accelerometer_ADC            
2000fe00  __stack                        
20010000  __STACK_END                    
4000480c  WDTCTL_SYM                     
ffffffff  __TI_pprof_out_hndl            
ffffffff  __TI_prof_data_size            
ffffffff  __TI_prof_data_start           
ffffffff  __binit__                      
ffffffff  __c_args__                     
ffffffff  binit                          
UNDEFED   SHT$$INIT_ARRAY$$Base          
UNDEFED   SHT$$INIT_ARRAY$$Limit         

[150 symbols]
