******************************************************************************
                  TI ARM Linker PC v16.9.4                     
******************************************************************************
>> Linked Sun Nov 05 18:05:37 2017

OUTPUT FILE NAME:   <Final_scooter.out>
ENTRY POINT SYMBOL: "_c_int00"  address: 000023f9


MEMORY CONFIGURATION

         name            origin    length      used     unused   attr    fill
----------------------  --------  ---------  --------  --------  ----  --------
  MAIN                  00000000   00040000  00002680  0003d980  R  X
  INFO                  00200000   00004000  00000000  00004000  R  X
  SRAM_CODE             01000000   00010000  0000066e  0000f992  RW X
  SRAM_DATA             20000000   00010000  0000066e  0000f992  RW  


SEGMENT ALLOCATION MAP

run origin  load origin   length   init length attrs members
----------  ----------- ---------- ----------- ----- -------
00000000    00000000    00002680   00002680    r-x
  00000000    00000000    000000e4   000000e4    r-- .intvecs
  000000e4    000000e4    0000251c   0000251c    r-x .text
  00002600    00002600    00000030   00000030    r-- .const
  00002630    00002630    00000050   00000050    r-- .cinit
20000000    20000000    0000046e   00000000    rw-
  20000000    20000000    00000400   00000000    rw- .sysmem
  20000400    20000400    00000044   00000000    rw- .data
  20000444    20000444    0000002a   00000000    rw- .bss
2000fe00    2000fe00    00000200   00000000    rw-
  2000fe00    2000fe00    00000200   00000000    rw- .stack


SECTION ALLOCATION MAP

 output                                  attributes/
section   page    origin      length       input sections
--------  ----  ----------  ----------   ----------------
.intvecs   0    00000000    000000e4     
                  00000000    000000e4     startup_msp432p401r_ccs.obj (.intvecs:retain)

.binit     0    00000000    00000000     

.text      0    000000e4    0000251c     
                  000000e4    000009ac     rtsv7M4_T_le_v4SPD16_eabi.lib : e_pow.obj (.text)
                  00000a90    00000574     UART.obj (.text)
                  00001004    00000360     GPIO.obj (.text)
                  00001364    0000032c     system_msp432p401r.obj (.text)
                  00001690    000001b6     rtsv7M4_T_le_v4SPD16_eabi.lib : fd_add_t2.obj (.text)
                  00001846    00000002                                   : mpu_init.obj (.text)
                  00001848    00000170                                   : e_sqrt.obj (.text)
                  000019b8    00000144     adc_driver.obj (.text)
                  00001afc    00000140     main.obj (.text)
                  00001c3c    00000136     rtsv7M4_T_le_v4SPD16_eabi.lib : fd_div_t2.obj (.text)
                  00001d72    000000fc                                   : fd_mul_t2.obj (.text)
                  00001e6e    00000002                                   : startup.obj (.text)
                  00001e70    000000fc                                   : s_scalbn.obj (.text)
                  00001f6c    0000009c                                   : memcpy_t2.obj (.text)
                  00002008    00000098     Timer.obj (.text)
                  000020a0    00000088     Systick.obj (.text)
                  00002128    00000086     rtsv7M4_T_le_v4SPD16_eabi.lib : fd_cmp_t2.obj (.text:__aeabi_cdcmple)
                  000021ae    00000086                                   : fd_cmp_t2.obj (.text:__aeabi_cdrcmple)
                  00002234    0000007a                                   : memset_t2.obj (.text)
                  000022ae    00000002     --HOLE-- [fill = 0]
                  000022b0    00000070                                   : autoinit.obj (.text)
                  00002320    0000006e                                   : fd_tos_t2.obj (.text)
                  0000238e    00000068                                   : copy_decompress_lzss.obj (.text:decompress:lzss)
                  000023f6    00000002     --HOLE-- [fill = 0]
                  000023f8    00000054                                   : boot.obj (.text)
                  0000244c    00000054                                   : exit.obj (.text)
                  000024a0    0000004c                                   : cpy_tbl.obj (.text)
                  000024ec    00000044     Clock.obj (.text)
                  00002530    0000002e     rtsv7M4_T_le_v4SPD16_eabi.lib : i_tofd_t2.obj (.text)
                  0000255e    00000020                                   : u_tofd_t2.obj (.text)
                  0000257e    00000002     --HOLE-- [fill = 0]
                  00002580    00000018                                   : args_main.obj (.text)
                  00002598    00000014                                   : _lock.obj (.text)
                  000025ac    00000014                                   : s_copysign.obj (.text)
                  000025c0    00000014                                   : strlen.obj (.text)
                  000025d4    0000000e                                   : copy_decompress_none.obj (.text:decompress:none)
                  000025e2    0000000e     startup_msp432p401r_ccs.obj (.text)
                  000025f0    0000000c     rtsv7M4_T_le_v4SPD16_eabi.lib : copy_zero_init.obj (.text:decompress:ZI)
                  000025fc    00000004                                   : pre_init.obj (.text)

.const     0    00002600    00000030     
                  00002600    00000030     rtsv7M4_T_le_v4SPD16_eabi.lib : e_pow.obj (.const:$O1$$)

.cinit     0    00002630    00000050     
                  00002630    0000002b     (.cinit..data.load) [load image, compression = lzss]
                  0000265b    00000001     --HOLE-- [fill = 0]
                  0000265c    0000000c     (__TI_handler_table)
                  00002668    00000008     (.cinit..bss.load) [load image, compression = zero_init]
                  00002670    00000010     (__TI_cinit_table)

.init_array 
*          0    00000000    00000000     UNINITIALIZED

.sysmem    0    20000000    00000400     UNINITIALIZED
                  20000000    00000008     rtsv7M4_T_le_v4SPD16_eabi.lib : memory.obj (.sysmem)
                  20000008    000003f8     --HOLE--

.data      0    20000400    00000044     UNINITIALIZED
                  20000400    00000021     main.obj (.data)
                  20000421    00000003     --HOLE--
                  20000424    0000000c     rtsv7M4_T_le_v4SPD16_eabi.lib : exit.obj (.data:$O1$$)
                  20000430    00000008                                   : _lock.obj (.data:$O1$$)
                  20000438    00000004                                   : errno.obj (.data)
                  2000043c    00000004                                   : stkdepth_vars.obj (.data)
                  20000440    00000004     system_msp432p401r.obj (.data)

.bss       0    20000444    0000002a     UNINITIALIZED
                  20000444    00000018     (.common:myBuffer)
                  2000045c    0000000c     (.common:str)
                  20000468    00000002     (.common:X_Accelerometer_ADC)
                  2000046a    00000002     (.common:Y_Accelerometer_ADC)
                  2000046c    00000002     (.common:Z_Accelerometer_ADC)

.stack     0    2000fe00    00000200     UNINITIALIZED
                  2000fe00    00000200     --HOLE--

MODULE SUMMARY

       Module                        code   ro data   rw data
       ------                        ----   -------   -------
    .\
       UART.obj                      1396   0         24     
       GPIO.obj                      864    0         0      
       system_msp432p401r.obj        812    0         8      
       main.obj                      320    0         114    
       adc_driver.obj                324    0         12     
       startup_msp432p401r_ccs.obj   14     228       0      
       Timer.obj                     152    0         0      
       Systick.obj                   136    0         0      
       Clock.obj                     68     0         0      
    +--+-----------------------------+------+---------+---------+
       Total:                        4086   228       158    
                                                             
    C:\Users\kwat1\Documents\ccsv7\tools\compiler\ti-cgt-arm_16.9.4.LTS\lib\rtsv7M4_T_le_v4SPD16_eabi.lib
       e_pow.obj                     2476   48        0      
       fd_add_t2.obj                 438    0         0      
       e_sqrt.obj                    368    0         0      
       fd_div_t2.obj                 310    0         0      
       fd_cmp_t2.obj                 268    0         0      
       fd_mul_t2.obj                 252    0         0      
       s_scalbn.obj                  252    0         0      
       memcpy_t2.obj                 156    0         0      
       memset_t2.obj                 122    0         0      
       autoinit.obj                  112    0         0      
       fd_tos_t2.obj                 110    0         0      
       exit.obj                      84     0         24     
       copy_decompress_lzss.obj      104    0         0      
       boot.obj                      84     0         0      
       cpy_tbl.obj                   76     0         0      
       i_tofd_t2.obj                 46     0         0      
       _lock.obj                     20     0         16     
       u_tofd_t2.obj                 32     0         0      
       args_main.obj                 24     0         0      
       s_copysign.obj                20     0         0      
       strlen.obj                    20     0         0      
       copy_decompress_none.obj      14     0         0      
       copy_zero_init.obj            12     0         0      
       errno.obj                     0      0         8      
       stkdepth_vars.obj             0      0         8      
       pre_init.obj                  4      0         0      
       mpu_init.obj                  2      0         0      
       startup.obj                   2      0         0      
    +--+-----------------------------+------+---------+---------+
       Total:                        5408   48        56     
                                                             
       Heap:                         0      0         2048   
       Stack:                        0      0         1024   
       Linker Generated:             0      79        0      
    +--+-----------------------------+------+---------+---------+
       Grand Total:                  9494   355       3286   


LINKER GENERATED COPY TABLES

__TI_cinit_table @ 00002670 records: 2, size/record: 8, table size: 16
	.data: load addr=00002630, load size=0000002b bytes, run addr=20000400, run size=00000044 bytes, compression=lzss
	.bss: load addr=00002668, load size=00000008 bytes, run addr=20000444, run size=0000002a bytes, compression=zero_init


LINKER GENERATED HANDLER TABLE

__TI_handler_table @ 0000265c records: 3, size/record: 4, table size: 12
	index: 0, handler: __TI_decompress_lzss
	index: 1, handler: __TI_decompress_none
	index: 2, handler: __TI_zero_init


GLOBAL SYMBOLS: SORTED ALPHABETICALLY BY Name 

address   name                           
-------   ----                           
00001a81  ADC14_IRQHandler               
00001a81  ADC14_IRQHandler               
000019e5  ADC_Accelerometer_Config       
000025ef  AES256_IRQHandler              
000025ef  BusFault_Handler               
0000244d  C$$EXIT                        
000025ef  COMP_E0_IRQHandler             
000025ef  COMP_E1_IRQHandler             
000025ef  CS_IRQHandler                  
000024ed  Clock_Config                   
000025ef  DMA_ERR_IRQHandler             
000025ef  DMA_INT0_IRQHandler            
000025ef  DMA_INT1_IRQHandler            
000025ef  DMA_INT2_IRQHandler            
000025ef  DMA_INT3_IRQHandler            
000025ef  DebugMon_Handler               
000025ef  Default_Handler                
00000f95  EUSCIA0_IRQHandler             
00000f95  EUSCIA0_IRQHandler             
000025ef  EUSCIA1_IRQHandler             
00000f05  EUSCIA2_IRQHandler             
00000f05  EUSCIA2_IRQHandler             
000025ef  EUSCIA3_IRQHandler             
000025ef  EUSCIB0_IRQHandler             
000025ef  EUSCIB1_IRQHandler             
000025ef  EUSCIB2_IRQHandler             
000025ef  EUSCIB3_IRQHandler             
00000be3  Escooter_Printout              
000025ef  FLCTL_IRQHandler               
000025ef  FPU_IRQHandler                 
000025ef  HardFault_Handler              
00001085  IR_Beam_Break_Config           
000010db  IR_Beam_Break_Config_JW        
00001125  Left_Right_Button_Config       
000025ef  MemManage_Handler              
000025ef  NMI_Handler                    
000025ef  PCM_IRQHandler                 
00001203  PORT1_IRQHandler               
00001203  PORT1_IRQHandler               
00001297  PORT2_IRQHandler               
00001297  PORT2_IRQHandler               
000025ef  PORT3_IRQHandler               
000025ef  PORT4_IRQHandler               
000025ef  PORT5_IRQHandler               
000012c5  PORT6_IRQHandler               
000012c5  PORT6_IRQHandler               
000025ef  PSS_IRQHandler                 
000025ef  PendSV_Handler                 
000011cf  RGB_Config                     
000025ef  RTC_C_IRQHandler               
000025e3  Reset_Handler                  
UNDEFED   SHT$$INIT_ARRAY$$Base          
UNDEFED   SHT$$INIT_ARRAY$$Limit         
000025ef  SVC_Handler                    
000020ed  SysTick_Handler                
000020ed  SysTick_Handler                
20000440  SystemCoreClock                
00001365  SystemCoreClockUpdate          
000015d9  SystemInit                     
000025ef  T32_INT1_IRQHandler            
000025ef  T32_INT2_IRQHandler            
000025ef  T32_INTC_IRQHandler            
00002075  TA0_0_IRQHandler               
00002075  TA0_0_IRQHandler               
000025ef  TA0_N_IRQHandler               
000025ef  TA1_0_IRQHandler               
000025ef  TA1_N_IRQHandler               
000025ef  TA2_0_IRQHandler               
000025ef  TA2_N_IRQHandler               
000025ef  TA3_0_IRQHandler               
000025ef  TA3_N_IRQHandler               
00002035  Timer_A0_Config                
00000b37  UART_Config                    
00000abd  UART_Config2                   
00001031  UART_RX_TX_Config              
0000105b  UART_RX_TX_Config_BackChannel  
00000b91  UART_send_byte                 
00000bad  UART_send_n_bytes              
000025ef  UsageFault_Handler             
4000480c  WDTCTL_SYM                     
000025ef  WDT_A_IRQHandler               
20000468  X_Accelerometer_ADC            
2000046a  Y_Accelerometer_ADC            
2000046c  Z_Accelerometer_ADC            
20010000  __STACK_END                    
00000200  __STACK_SIZE                   
00000400  __SYSMEM_SIZE                  
00002670  __TI_CINIT_Base                
00002680  __TI_CINIT_Limit               
0000265c  __TI_Handler_Table_Base        
00002668  __TI_Handler_Table_Limit       
000022b1  __TI_auto_init                 
20000424  __TI_cleanup_ptr               
0000238f  __TI_decompress_lzss           
000025d5  __TI_decompress_none           
20000428  __TI_dtors_ptr                 
2000042c  __TI_enable_exit_profile_output
ffffffff  __TI_pprof_out_hndl            
ffffffff  __TI_prof_data_size            
ffffffff  __TI_prof_data_start           
00000000  __TI_static_base__             
000025f1  __TI_zero_init                 
00002129  __aeabi_cdcmpeq                
00002129  __aeabi_cdcmple                
000021af  __aeabi_cdrcmple               
00002321  __aeabi_d2f                    
0000169b  __aeabi_dadd                   
00001c3d  __aeabi_ddiv                   
00001d73  __aeabi_dmul                   
00001691  __aeabi_dsub                   
00002531  __aeabi_i2d                    
00002235  __aeabi_memclr                 
00002235  __aeabi_memclr4                
00002235  __aeabi_memclr8                
00001f6d  __aeabi_memcpy                 
00001f6d  __aeabi_memcpy4                
00001f6d  __aeabi_memcpy8                
00002237  __aeabi_memset                 
00002237  __aeabi_memset4                
00002237  __aeabi_memset8                
0000255f  __aeabi_ui2d                   
ffffffff  __binit__                      
ffffffff  __c_args__                     
00001847  __mpu_init                     
2000fe00  __stack                        
00002581  _args_main                     
000023f9  _c_int00                       
20000430  _lock                          
000025a7  _nop                           
0000259f  _register_lock                 
00002599  _register_unlock               
20000000  _sys_memory                    
00001e6f  _system_post_cinit             
000025fd  _system_pre_init               
20000434  _unlock                        
00002451  abort                          
ffffffff  binit                          
000020cd  config_systick                 
000024a1  copy_in                        
000025ad  copysign                       
000025ad  copysignl                      
20000408  count_int                      
2000041c  direction                      
20000414  distance                       
20000404  dump_Buffer                    
20000438  errno                          
00002459  exit                           
00001afd  foo                            
00000e09  ftoa                           
00000cfd  intToStr                       
00000000  interruptVectors               
00000d95  itoa                           
00001e71  ldexp                          
00001e71  ldexpl                         
00001b1f  main                           
2000043c  main_func_sp                   
00001f6d  memcpy                         
0000223d  memset                         
2000041e  moving                         
20000444  myBuffer                       
20000400  myBufferPTR                    
000000e5  pow                            
000000e5  powl                           
20000420  printout_Klee                  
00000c9f  reverse                        
00001e71  scalbn                         
00001e71  scalbnl                        
20000410  seconds                        
00001849  sqrt                           
00001849  sqrtl                          
2000045c  str                            
000025c1  strlen                         
2000040c  systick_int                    
20000406  systickflag                    
20000418  velocity                       


GLOBAL SYMBOLS: SORTED BY Symbol Address 

address   name                           
-------   ----                           
00000000  __TI_static_base__             
00000000  interruptVectors               
000000e5  pow                            
000000e5  powl                           
00000200  __STACK_SIZE                   
00000400  __SYSMEM_SIZE                  
00000abd  UART_Config2                   
00000b37  UART_Config                    
00000b91  UART_send_byte                 
00000bad  UART_send_n_bytes              
00000be3  Escooter_Printout              
00000c9f  reverse                        
00000cfd  intToStr                       
00000d95  itoa                           
00000e09  ftoa                           
00000f05  EUSCIA2_IRQHandler             
00000f05  EUSCIA2_IRQHandler             
00000f95  EUSCIA0_IRQHandler             
00000f95  EUSCIA0_IRQHandler             
00001031  UART_RX_TX_Config              
0000105b  UART_RX_TX_Config_BackChannel  
00001085  IR_Beam_Break_Config           
000010db  IR_Beam_Break_Config_JW        
00001125  Left_Right_Button_Config       
000011cf  RGB_Config                     
00001203  PORT1_IRQHandler               
00001203  PORT1_IRQHandler               
00001297  PORT2_IRQHandler               
00001297  PORT2_IRQHandler               
000012c5  PORT6_IRQHandler               
000012c5  PORT6_IRQHandler               
00001365  SystemCoreClockUpdate          
000015d9  SystemInit                     
00001691  __aeabi_dsub                   
0000169b  __aeabi_dadd                   
00001847  __mpu_init                     
00001849  sqrt                           
00001849  sqrtl                          
000019e5  ADC_Accelerometer_Config       
00001a81  ADC14_IRQHandler               
00001a81  ADC14_IRQHandler               
00001afd  foo                            
00001b1f  main                           
00001c3d  __aeabi_ddiv                   
00001d73  __aeabi_dmul                   
00001e6f  _system_post_cinit             
00001e71  ldexp                          
00001e71  ldexpl                         
00001e71  scalbn                         
00001e71  scalbnl                        
00001f6d  __aeabi_memcpy                 
00001f6d  __aeabi_memcpy4                
00001f6d  __aeabi_memcpy8                
00001f6d  memcpy                         
00002035  Timer_A0_Config                
00002075  TA0_0_IRQHandler               
00002075  TA0_0_IRQHandler               
000020cd  config_systick                 
000020ed  SysTick_Handler                
000020ed  SysTick_Handler                
00002129  __aeabi_cdcmpeq                
00002129  __aeabi_cdcmple                
000021af  __aeabi_cdrcmple               
00002235  __aeabi_memclr                 
00002235  __aeabi_memclr4                
00002235  __aeabi_memclr8                
00002237  __aeabi_memset                 
00002237  __aeabi_memset4                
00002237  __aeabi_memset8                
0000223d  memset                         
000022b1  __TI_auto_init                 
00002321  __aeabi_d2f                    
0000238f  __TI_decompress_lzss           
000023f9  _c_int00                       
0000244d  C$$EXIT                        
00002451  abort                          
00002459  exit                           
000024a1  copy_in                        
000024ed  Clock_Config                   
00002531  __aeabi_i2d                    
0000255f  __aeabi_ui2d                   
00002581  _args_main                     
00002599  _register_unlock               
0000259f  _register_lock                 
000025a7  _nop                           
000025ad  copysign                       
000025ad  copysignl                      
000025c1  strlen                         
000025d5  __TI_decompress_none           
000025e3  Reset_Handler                  
000025ef  AES256_IRQHandler              
000025ef  BusFault_Handler               
000025ef  COMP_E0_IRQHandler             
000025ef  COMP_E1_IRQHandler             
000025ef  CS_IRQHandler                  
000025ef  DMA_ERR_IRQHandler             
000025ef  DMA_INT0_IRQHandler            
000025ef  DMA_INT1_IRQHandler            
000025ef  DMA_INT2_IRQHandler            
000025ef  DMA_INT3_IRQHandler            
000025ef  DebugMon_Handler               
000025ef  Default_Handler                
000025ef  EUSCIA1_IRQHandler             
000025ef  EUSCIA3_IRQHandler             
000025ef  EUSCIB0_IRQHandler             
000025ef  EUSCIB1_IRQHandler             
000025ef  EUSCIB2_IRQHandler             
000025ef  EUSCIB3_IRQHandler             
000025ef  FLCTL_IRQHandler               
000025ef  FPU_IRQHandler                 
000025ef  HardFault_Handler              
000025ef  MemManage_Handler              
000025ef  NMI_Handler                    
000025ef  PCM_IRQHandler                 
000025ef  PORT3_IRQHandler               
000025ef  PORT4_IRQHandler               
000025ef  PORT5_IRQHandler               
000025ef  PSS_IRQHandler                 
000025ef  PendSV_Handler                 
000025ef  RTC_C_IRQHandler               
000025ef  SVC_Handler                    
000025ef  T32_INT1_IRQHandler            
000025ef  T32_INT2_IRQHandler            
000025ef  T32_INTC_IRQHandler            
000025ef  TA0_N_IRQHandler               
000025ef  TA1_0_IRQHandler               
000025ef  TA1_N_IRQHandler               
000025ef  TA2_0_IRQHandler               
000025ef  TA2_N_IRQHandler               
000025ef  TA3_0_IRQHandler               
000025ef  TA3_N_IRQHandler               
000025ef  UsageFault_Handler             
000025ef  WDT_A_IRQHandler               
000025f1  __TI_zero_init                 
000025fd  _system_pre_init               
0000265c  __TI_Handler_Table_Base        
00002668  __TI_Handler_Table_Limit       
00002670  __TI_CINIT_Base                
00002680  __TI_CINIT_Limit               
20000000  _sys_memory                    
20000400  myBufferPTR                    
20000404  dump_Buffer                    
20000406  systickflag                    
20000408  count_int                      
2000040c  systick_int                    
20000410  seconds                        
20000414  distance                       
20000418  velocity                       
2000041c  direction                      
2000041e  moving                         
20000420  printout_Klee                  
20000424  __TI_cleanup_ptr               
20000428  __TI_dtors_ptr                 
2000042c  __TI_enable_exit_profile_output
20000430  _lock                          
20000434  _unlock                        
20000438  errno                          
2000043c  main_func_sp                   
20000440  SystemCoreClock                
20000444  myBuffer                       
2000045c  str                            
20000468  X_Accelerometer_ADC            
2000046a  Y_Accelerometer_ADC            
2000046c  Z_Accelerometer_ADC            
2000fe00  __stack                        
20010000  __STACK_END                    
4000480c  WDTCTL_SYM                     
ffffffff  __TI_pprof_out_hndl            
ffffffff  __TI_prof_data_size            
ffffffff  __TI_prof_data_start           
ffffffff  __binit__                      
ffffffff  __c_args__                     
ffffffff  binit                          
UNDEFED   SHT$$INIT_ARRAY$$Base          
UNDEFED   SHT$$INIT_ARRAY$$Limit         

[175 symbols]
