******************************************************************************
                  TI ARM Linker PC v16.9.4                     
******************************************************************************
>> Linked Sun Nov 05 22:59:19 2017

OUTPUT FILE NAME:   <Final_scooter.out>
ENTRY POINT SYMBOL: "_c_int00"  address: 000015f9


MEMORY CONFIGURATION

         name            origin    length      used     unused   attr    fill
----------------------  --------  ---------  --------  --------  ----  --------
  MAIN                  00000000   00040000  00001804  0003e7fc  R  X
  INFO                  00200000   00004000  00000000  00004000  R  X
  SRAM_CODE             01000000   00010000  00000676  0000f98a  RW X
  SRAM_DATA             20000000   00010000  00000676  0000f98a  RW  


SEGMENT ALLOCATION MAP

run origin  load origin   length   init length attrs members
----------  ----------- ---------- ----------- ----- -------
00000000    00000000    00001808   00001808    r-x
  00000000    00000000    000000e4   000000e4    r-- .intvecs
  000000e4    000000e4    000016d8   000016d8    r-x .text
  000017c0    000017c0    00000048   00000048    r-- .cinit
20000000    20000000    00000478   00000000    rw-
  20000000    20000000    00000400   00000000    rw- .sysmem
  20000400    20000400    0000003a   00000000    rw- .bss
  2000043c    2000043c    0000003c   00000000    rw- .data
2000fe00    2000fe00    00000200   00000000    rw-
  2000fe00    2000fe00    00000200   00000000    rw- .stack


SECTION ALLOCATION MAP

 output                                  attributes/
section   page    origin      length       input sections
--------  ----  ----------  ----------   ----------------
.intvecs   0    00000000    000000e4     
                  00000000    000000e4     startup_msp432p401r_ccs.obj (.intvecs:retain)

.binit     0    00000000    00000000     

.text      0    000000e4    000016d8     
                  000000e4    000005b0     UART.obj (.text)
                  00000694    00000354     GPIO.obj (.text)
                  000009e8    0000032c     system_msp432p401r.obj (.text)
                  00000d14    00000144     adc_driver.obj (.text)
                  00000e58    00000144     main.obj (.text)
                  00000f9c    00000136     rtsv7M4_T_le_v4SPD16_eabi.lib : fd_div_t2.obj (.text)
                  000010d2    000000fc                                   : fd_mul_t2.obj (.text)
                  000011ce    00000002                                   : mpu_init.obj (.text)
                  000011d0    000000a8     Final_scooter.obj (.text)
                  00001278    0000009c     rtsv7M4_T_le_v4SPD16_eabi.lib : memcpy_t2.obj (.text)
                  00001314    00000098     Timer.obj (.text)
                  000013ac    00000088     Systick.obj (.text)
                  00001434    0000007a     rtsv7M4_T_le_v4SPD16_eabi.lib : memset_t2.obj (.text)
                  000014ae    00000002                                   : startup.obj (.text)
                  000014b0    00000070                                   : autoinit.obj (.text)
                  00001520    0000006e                                   : fd_tos_t2.obj (.text)
                  0000158e    00000068                                   : copy_decompress_lzss.obj (.text:decompress:lzss)
                  000015f6    00000002     --HOLE-- [fill = 0]
                  000015f8    00000054                                   : boot.obj (.text)
                  0000164c    00000054                                   : exit.obj (.text)
                  000016a0    0000004c                                   : cpy_tbl.obj (.text)
                  000016ec    00000044     Clock.obj (.text)
                  00001730    00000020     rtsv7M4_T_le_v4SPD16_eabi.lib : u_tofd_t2.obj (.text)
                  00001750    00000018                                   : args_main.obj (.text)
                  00001768    00000014                                   : _lock.obj (.text)
                  0000177c    00000014                                   : strlen.obj (.text)
                  00001790    0000000e                                   : copy_decompress_none.obj (.text:decompress:none)
                  0000179e    0000000e     startup_msp432p401r_ccs.obj (.text)
                  000017ac    0000000c     rtsv7M4_T_le_v4SPD16_eabi.lib : copy_zero_init.obj (.text:decompress:ZI)
                  000017b8    00000004                                   : pre_init.obj (.text)

.cinit     0    000017c0    00000048     
                  000017c0    0000001e     (.cinit..data.load) [load image, compression = lzss]
                  000017de    00000002     --HOLE-- [fill = 0]
                  000017e0    0000000c     (__TI_handler_table)
                  000017ec    00000004     --HOLE-- [fill = 0]
                  000017f0    00000008     (.cinit..bss.load) [load image, compression = zero_init]
                  000017f8    00000010     (__TI_cinit_table)

.init_array 
*          0    00000000    00000000     UNINITIALIZED

.sysmem    0    20000000    00000400     UNINITIALIZED
                  20000000    00000008     rtsv7M4_T_le_v4SPD16_eabi.lib : memory.obj (.sysmem)
                  20000008    000003f8     --HOLE--

.bss       0    20000400    0000003a     UNINITIALIZED
                  20000400    0000000c     (.common:ascii_backwards)
                  2000040c    0000000c     (.common:ascii_backwards_float_fraction_portion)
                  20000418    0000000c     (.common:ascii_backwards_float_int_portion)
                  20000424    0000000c     (.common:ascii_string_from_INT_STRING)
                  20000430    00000002     (.common:X_Accelerometer_ADC)
                  20000432    00000002     (.common:Y_ADC14)
                  20000434    00000002     (.common:Y_Accelerometer_ADC)
                  20000436    00000002     (.common:Z_Accelerometer_ADC)
                  20000438    00000002     (.common:forward)

.data      0    2000043c    0000003c     UNINITIALIZED
                  2000043c    0000001d     main.obj (.data)
                  20000459    00000003     --HOLE--
                  2000045c    0000000c     rtsv7M4_T_le_v4SPD16_eabi.lib : exit.obj (.data:$O1$$)
                  20000468    00000008                                   : _lock.obj (.data:$O1$$)
                  20000470    00000004                                   : stkdepth_vars.obj (.data)
                  20000474    00000004     system_msp432p401r.obj (.data)

.stack     0    2000fe00    00000200     UNINITIALIZED
                  2000fe00    00000200     --HOLE--

MODULE SUMMARY

       Module                        code   ro data   rw data
       ------                        ----   -------   -------
    .\
       UART.obj                      1456   0         0      
       GPIO.obj                      852    0         0      
       system_msp432p401r.obj        812    0         8      
       main.obj                      324    0         158    
       adc_driver.obj                324    0         12     
       startup_msp432p401r_ccs.obj   14     228       0      
       Final_scooter.obj             168    0         4      
       Timer.obj                     152    0         0      
       Systick.obj                   136    0         0      
       Clock.obj                     68     0         0      
    +--+-----------------------------+------+---------+---------+
       Total:                        4306   228       182    
                                                             
    C:\Users\kwat1\Documents\ccsv7\tools\compiler\ti-cgt-arm_16.9.4.LTS\lib\rtsv7M4_T_le_v4SPD16_eabi.lib
       fd_div_t2.obj                 310    0         0      
       fd_mul_t2.obj                 252    0         0      
       memcpy_t2.obj                 156    0         0      
       memset_t2.obj                 122    0         0      
       autoinit.obj                  112    0         0      
       fd_tos_t2.obj                 110    0         0      
       exit.obj                      84     0         24     
       copy_decompress_lzss.obj      104    0         0      
       boot.obj                      84     0         0      
       cpy_tbl.obj                   76     0         0      
       _lock.obj                     20     0         16     
       u_tofd_t2.obj                 32     0         0      
       args_main.obj                 24     0         0      
       strlen.obj                    20     0         0      
       copy_decompress_none.obj      14     0         0      
       copy_zero_init.obj            12     0         0      
       stkdepth_vars.obj             0      0         8      
       pre_init.obj                  4      0         0      
       mpu_init.obj                  2      0         0      
       startup.obj                   2      0         0      
    +--+-----------------------------+------+---------+---------+
       Total:                        1540   0         48     
                                                             
       Heap:                         0      0         2048   
       Stack:                        0      0         1024   
       Linker Generated:             0      66        0      
    +--+-----------------------------+------+---------+---------+
       Grand Total:                  5846   294       3302   


LINKER GENERATED COPY TABLES

__TI_cinit_table @ 000017f8 records: 2, size/record: 8, table size: 16
	.data: load addr=000017c0, load size=0000001e bytes, run addr=2000043c, run size=0000003c bytes, compression=lzss
	.bss: load addr=000017f0, load size=00000008 bytes, run addr=20000400, run size=0000003a bytes, compression=zero_init


LINKER GENERATED HANDLER TABLE

__TI_handler_table @ 000017e0 records: 3, size/record: 4, table size: 12
	index: 0, handler: __TI_decompress_lzss
	index: 1, handler: __TI_decompress_none
	index: 2, handler: __TI_zero_init


GLOBAL SYMBOLS: SORTED ALPHABETICALLY BY Name 

address   name                                  
-------   ----                                  
00000ddd  ADC14_IRQHandler                      
00000ddd  ADC14_IRQHandler                      
00000d41  ADC_Accelerometer_Config              
000017ab  AES256_IRQHandler                     
000017ab  BusFault_Handler                      
0000164d  C$$EXIT                               
000017ab  COMP_E0_IRQHandler                    
000017ab  COMP_E1_IRQHandler                    
000017ab  CS_IRQHandler                         
000016ed  Clock_Config                          
000017ab  DMA_ERR_IRQHandler                    
000017ab  DMA_INT0_IRQHandler                   
000017ab  DMA_INT1_IRQHandler                   
000017ab  DMA_INT2_IRQHandler                   
000017ab  DMA_INT3_IRQHandler                   
000017ab  DebugMon_Handler                      
000017ab  Default_Handler                       
00000611  EUSCIA0_IRQHandler                    
00000611  EUSCIA0_IRQHandler                    
000017ab  EUSCIA1_IRQHandler                    
000005b1  EUSCIA2_IRQHandler                    
000005b1  EUSCIA2_IRQHandler                    
000017ab  EUSCIA3_IRQHandler                    
000017ab  EUSCIB0_IRQHandler                    
000017ab  EUSCIB1_IRQHandler                    
000017ab  EUSCIB2_IRQHandler                    
000017ab  EUSCIB3_IRQHandler                    
000001bd  Escooter_Printout                     
000017ab  FLCTL_IRQHandler                      
000017ab  FPU_IRQHandler                        
000017ab  HardFault_Handler                     
00000715  IR_Beam_Break_Config                  
0000076b  IR_Beam_Break_Config_JW               
000007b5  Left_Right_Button_Config              
000017ab  MemManage_Handler                     
000017ab  NMI_Handler                           
000017ab  PCM_IRQHandler                        
00000893  PORT1_IRQHandler                      
00000893  PORT1_IRQHandler                      
00000921  PORT2_IRQHandler                      
00000921  PORT2_IRQHandler                      
000017ab  PORT3_IRQHandler                      
000017ab  PORT4_IRQHandler                      
000017ab  PORT5_IRQHandler                      
0000094f  PORT6_IRQHandler                      
0000094f  PORT6_IRQHandler                      
000017ab  PSS_IRQHandler                        
000017ab  PendSV_Handler                        
0000085f  RGB_Config                            
000017ab  RTC_C_IRQHandler                      
0000179f  Reset_Handler                         
UNDEFED   SHT$$INIT_ARRAY$$Base                 
UNDEFED   SHT$$INIT_ARRAY$$Limit                
000017ab  SVC_Handler                           
000013f9  SysTick_Handler                       
000013f9  SysTick_Handler                       
20000474  SystemCoreClock                       
000009e9  SystemCoreClockUpdate                 
00000c5d  SystemInit                            
000017ab  T32_INT1_IRQHandler                   
000017ab  T32_INT2_IRQHandler                   
000017ab  T32_INTC_IRQHandler                   
00001381  TA0_0_IRQHandler                      
00001381  TA0_0_IRQHandler                      
000017ab  TA0_N_IRQHandler                      
000017ab  TA1_0_IRQHandler                      
000017ab  TA1_N_IRQHandler                      
000017ab  TA2_0_IRQHandler                      
000017ab  TA2_N_IRQHandler                      
000017ab  TA3_0_IRQHandler                      
000017ab  TA3_N_IRQHandler                      
00001341  Timer_A0_Config                       
00000111  UART_Config                           
000006c1  UART_RX_TX_Config                     
000006eb  UART_RX_TX_Config_BackChannel         
0000016b  UART_send_byte                        
00000187  UART_send_n_bytes                     
000017ab  UsageFault_Handler                    
4000480c  WDTCTL_SYM                            
000017ab  WDT_A_IRQHandler                      
20000430  X_Accelerometer_ADC                   
20000432  Y_ADC14                               
20000434  Y_Accelerometer_ADC                   
20000436  Z_Accelerometer_ADC                   
20010000  __STACK_END                           
00000200  __STACK_SIZE                          
00000400  __SYSMEM_SIZE                         
000017f8  __TI_CINIT_Base                       
00001808  __TI_CINIT_Limit                      
000017e0  __TI_Handler_Table_Base               
000017ec  __TI_Handler_Table_Limit              
000014b1  __TI_auto_init                        
2000045c  __TI_cleanup_ptr                      
0000158f  __TI_decompress_lzss                  
00001791  __TI_decompress_none                  
20000460  __TI_dtors_ptr                        
20000464  __TI_enable_exit_profile_output       
ffffffff  __TI_pprof_out_hndl                   
ffffffff  __TI_prof_data_size                   
ffffffff  __TI_prof_data_start                  
00000000  __TI_static_base__                    
000017ad  __TI_zero_init                        
00001521  __aeabi_d2f                           
00000f9d  __aeabi_ddiv                          
000010d3  __aeabi_dmul                          
00001435  __aeabi_memclr                        
00001435  __aeabi_memclr4                       
00001435  __aeabi_memclr8                       
00001279  __aeabi_memcpy                        
00001279  __aeabi_memcpy4                       
00001279  __aeabi_memcpy8                       
00001437  __aeabi_memset                        
00001437  __aeabi_memset4                       
00001437  __aeabi_memset8                       
00001731  __aeabi_ui2d                          
ffffffff  __binit__                             
ffffffff  __c_args__                            
000011cf  __mpu_init                            
2000fe00  __stack                               
00001751  _args_main                            
000015f9  _c_int00                              
20000468  _lock                                 
00001777  _nop                                  
0000176f  _register_lock                        
00001769  _register_unlock                      
20000000  _sys_memory                           
000014af  _system_post_cinit                    
000017b9  _system_pre_init                      
2000046c  _unlock                               
00001651  abort                                 
20000400  ascii_backwards                       
2000040c  ascii_backwards_float_fraction_portion
20000418  ascii_backwards_float_int_portion     
20000424  ascii_string_from_INT_STRING          
ffffffff  binit                                 
000013d9  config_systick                        
000016a1  copy_in                               
20000440  count_int                             
20000454  direction                             
2000044c  distance                              
00001659  exit                                  
00000e59  foo                                   
20000438  forward                               
00000405  ftoa                                  
000002d7  intToStr                              
00000000  interruptVectors                      
00000e7b  main                                  
20000470  main_func_sp                          
00001279  memcpy                                
0000143d  memset                                
000011d1  movement_Detection                    
20000456  moving                                
20000458  printout_Klee                         
00000271  reverse                               
20000448  seconds                               
0000177d  strlen                                
20000444  systick_int                           
2000043c  systickflag                           
20000450  velocity                              


GLOBAL SYMBOLS: SORTED BY Symbol Address 

address   name                                  
-------   ----                                  
00000000  __TI_static_base__                    
00000000  interruptVectors                      
00000111  UART_Config                           
0000016b  UART_send_byte                        
00000187  UART_send_n_bytes                     
000001bd  Escooter_Printout                     
00000200  __STACK_SIZE                          
00000271  reverse                               
000002d7  intToStr                              
00000400  __SYSMEM_SIZE                         
00000405  ftoa                                  
000005b1  EUSCIA2_IRQHandler                    
000005b1  EUSCIA2_IRQHandler                    
00000611  EUSCIA0_IRQHandler                    
00000611  EUSCIA0_IRQHandler                    
000006c1  UART_RX_TX_Config                     
000006eb  UART_RX_TX_Config_BackChannel         
00000715  IR_Beam_Break_Config                  
0000076b  IR_Beam_Break_Config_JW               
000007b5  Left_Right_Button_Config              
0000085f  RGB_Config                            
00000893  PORT1_IRQHandler                      
00000893  PORT1_IRQHandler                      
00000921  PORT2_IRQHandler                      
00000921  PORT2_IRQHandler                      
0000094f  PORT6_IRQHandler                      
0000094f  PORT6_IRQHandler                      
000009e9  SystemCoreClockUpdate                 
00000c5d  SystemInit                            
00000d41  ADC_Accelerometer_Config              
00000ddd  ADC14_IRQHandler                      
00000ddd  ADC14_IRQHandler                      
00000e59  foo                                   
00000e7b  main                                  
00000f9d  __aeabi_ddiv                          
000010d3  __aeabi_dmul                          
000011cf  __mpu_init                            
000011d1  movement_Detection                    
00001279  __aeabi_memcpy                        
00001279  __aeabi_memcpy4                       
00001279  __aeabi_memcpy8                       
00001279  memcpy                                
00001341  Timer_A0_Config                       
00001381  TA0_0_IRQHandler                      
00001381  TA0_0_IRQHandler                      
000013d9  config_systick                        
000013f9  SysTick_Handler                       
000013f9  SysTick_Handler                       
00001435  __aeabi_memclr                        
00001435  __aeabi_memclr4                       
00001435  __aeabi_memclr8                       
00001437  __aeabi_memset                        
00001437  __aeabi_memset4                       
00001437  __aeabi_memset8                       
0000143d  memset                                
000014af  _system_post_cinit                    
000014b1  __TI_auto_init                        
00001521  __aeabi_d2f                           
0000158f  __TI_decompress_lzss                  
000015f9  _c_int00                              
0000164d  C$$EXIT                               
00001651  abort                                 
00001659  exit                                  
000016a1  copy_in                               
000016ed  Clock_Config                          
00001731  __aeabi_ui2d                          
00001751  _args_main                            
00001769  _register_unlock                      
0000176f  _register_lock                        
00001777  _nop                                  
0000177d  strlen                                
00001791  __TI_decompress_none                  
0000179f  Reset_Handler                         
000017ab  AES256_IRQHandler                     
000017ab  BusFault_Handler                      
000017ab  COMP_E0_IRQHandler                    
000017ab  COMP_E1_IRQHandler                    
000017ab  CS_IRQHandler                         
000017ab  DMA_ERR_IRQHandler                    
000017ab  DMA_INT0_IRQHandler                   
000017ab  DMA_INT1_IRQHandler                   
000017ab  DMA_INT2_IRQHandler                   
000017ab  DMA_INT3_IRQHandler                   
000017ab  DebugMon_Handler                      
000017ab  Default_Handler                       
000017ab  EUSCIA1_IRQHandler                    
000017ab  EUSCIA3_IRQHandler                    
000017ab  EUSCIB0_IRQHandler                    
000017ab  EUSCIB1_IRQHandler                    
000017ab  EUSCIB2_IRQHandler                    
000017ab  EUSCIB3_IRQHandler                    
000017ab  FLCTL_IRQHandler                      
000017ab  FPU_IRQHandler                        
000017ab  HardFault_Handler                     
000017ab  MemManage_Handler                     
000017ab  NMI_Handler                           
000017ab  PCM_IRQHandler                        
000017ab  PORT3_IRQHandler                      
000017ab  PORT4_IRQHandler                      
000017ab  PORT5_IRQHandler                      
000017ab  PSS_IRQHandler                        
000017ab  PendSV_Handler                        
000017ab  RTC_C_IRQHandler                      
000017ab  SVC_Handler                           
000017ab  T32_INT1_IRQHandler                   
000017ab  T32_INT2_IRQHandler                   
000017ab  T32_INTC_IRQHandler                   
000017ab  TA0_N_IRQHandler                      
000017ab  TA1_0_IRQHandler                      
000017ab  TA1_N_IRQHandler                      
000017ab  TA2_0_IRQHandler                      
000017ab  TA2_N_IRQHandler                      
000017ab  TA3_0_IRQHandler                      
000017ab  TA3_N_IRQHandler                      
000017ab  UsageFault_Handler                    
000017ab  WDT_A_IRQHandler                      
000017ad  __TI_zero_init                        
000017b9  _system_pre_init                      
000017e0  __TI_Handler_Table_Base               
000017ec  __TI_Handler_Table_Limit              
000017f8  __TI_CINIT_Base                       
00001808  __TI_CINIT_Limit                      
20000000  _sys_memory                           
20000400  ascii_backwards                       
2000040c  ascii_backwards_float_fraction_portion
20000418  ascii_backwards_float_int_portion     
20000424  ascii_string_from_INT_STRING          
20000430  X_Accelerometer_ADC                   
20000432  Y_ADC14                               
20000434  Y_Accelerometer_ADC                   
20000436  Z_Accelerometer_ADC                   
20000438  forward                               
2000043c  systickflag                           
20000440  count_int                             
20000444  systick_int                           
20000448  seconds                               
2000044c  distance                              
20000450  velocity                              
20000454  direction                             
20000456  moving                                
20000458  printout_Klee                         
2000045c  __TI_cleanup_ptr                      
20000460  __TI_dtors_ptr                        
20000464  __TI_enable_exit_profile_output       
20000468  _lock                                 
2000046c  _unlock                               
20000470  main_func_sp                          
20000474  SystemCoreClock                       
2000fe00  __stack                               
20010000  __STACK_END                           
4000480c  WDTCTL_SYM                            
ffffffff  __TI_pprof_out_hndl                   
ffffffff  __TI_prof_data_size                   
ffffffff  __TI_prof_data_start                  
ffffffff  __binit__                             
ffffffff  __c_args__                            
ffffffff  binit                                 
UNDEFED   SHT$$INIT_ARRAY$$Base                 
UNDEFED   SHT$$INIT_ARRAY$$Limit                

[159 symbols]
