******************************************************************************
                  TI ARM Linker PC v16.9.4                     
******************************************************************************
>> Linked Sun Nov 05 16:44:49 2017

OUTPUT FILE NAME:   <Final_scooter.out>
ENTRY POINT SYMBOL: "_c_int00"  address: 000023b5


MEMORY CONFIGURATION

         name            origin    length      used     unused   attr    fill
----------------------  --------  ---------  --------  --------  ----  --------
  MAIN                  00000000   00040000  0000263c  0003d9c4  R  X
  INFO                  00200000   00004000  00000000  00004000  R  X
  SRAM_CODE             01000000   00010000  0000066e  0000f992  RW X
  SRAM_DATA             20000000   00010000  0000066e  0000f992  RW  


SEGMENT ALLOCATION MAP

run origin  load origin   length   init length attrs members
----------  ----------- ---------- ----------- ----- -------
00000000    00000000    00002640   00002640    r-x
  00000000    00000000    000000e4   000000e4    r-- .intvecs
  000000e4    000000e4    000024d8   000024d8    r-x .text
  000025c0    000025c0    00000030   00000030    r-- .const
  000025f0    000025f0    00000050   00000050    r-- .cinit
20000000    20000000    0000046e   00000000    rw-
  20000000    20000000    00000400   00000000    rw- .sysmem
  20000400    20000400    00000044   00000000    rw- .data
  20000444    20000444    0000002a   00000000    rw- .bss
2000fe00    2000fe00    00000200   00000000    rw-
  2000fe00    2000fe00    00000200   00000000    rw- .stack


SECTION ALLOCATION MAP

 output                                  attributes/
section   page    origin      length       input sections
--------  ----  ----------  ----------   ----------------
.intvecs   0    00000000    000000e4     
                  00000000    000000e4     startup_msp432p401r_ccs.obj (.intvecs:retain)

.binit     0    00000000    00000000     

.text      0    000000e4    000024d8     
                  000000e4    000009ac     rtsv7M4_T_le_v4SPD16_eabi.lib : e_pow.obj (.text)
                  00000a90    00000574     UART.obj (.text)
                  00001004    0000032c     system_msp432p401r.obj (.text)
                  00001330    0000031c     GPIO.obj (.text)
                  0000164c    000001b6     rtsv7M4_T_le_v4SPD16_eabi.lib : fd_add_t2.obj (.text)
                  00001802    00000002                                   : mpu_init.obj (.text)
                  00001804    00000170                                   : e_sqrt.obj (.text)
                  00001974    00000144     adc_driver.obj (.text)
                  00001ab8    00000140     main.obj (.text)
                  00001bf8    00000136     rtsv7M4_T_le_v4SPD16_eabi.lib : fd_div_t2.obj (.text)
                  00001d2e    000000fc                                   : fd_mul_t2.obj (.text)
                  00001e2a    00000002                                   : startup.obj (.text)
                  00001e2c    000000fc                                   : s_scalbn.obj (.text)
                  00001f28    0000009c                                   : memcpy_t2.obj (.text)
                  00001fc4    00000098     Timer.obj (.text)
                  0000205c    00000088     Systick.obj (.text)
                  000020e4    00000086     rtsv7M4_T_le_v4SPD16_eabi.lib : fd_cmp_t2.obj (.text:__aeabi_cdcmple)
                  0000216a    00000086                                   : fd_cmp_t2.obj (.text:__aeabi_cdrcmple)
                  000021f0    0000007a                                   : memset_t2.obj (.text)
                  0000226a    00000002     --HOLE-- [fill = 0]
                  0000226c    00000070                                   : autoinit.obj (.text)
                  000022dc    0000006e                                   : fd_tos_t2.obj (.text)
                  0000234a    00000068                                   : copy_decompress_lzss.obj (.text:decompress:lzss)
                  000023b2    00000002     --HOLE-- [fill = 0]
                  000023b4    00000054                                   : boot.obj (.text)
                  00002408    00000054                                   : exit.obj (.text)
                  0000245c    0000004c                                   : cpy_tbl.obj (.text)
                  000024a8    00000044     Clock.obj (.text)
                  000024ec    0000002e     rtsv7M4_T_le_v4SPD16_eabi.lib : i_tofd_t2.obj (.text)
                  0000251a    00000020                                   : u_tofd_t2.obj (.text)
                  0000253a    00000002     --HOLE-- [fill = 0]
                  0000253c    00000018                                   : args_main.obj (.text)
                  00002554    00000014                                   : _lock.obj (.text)
                  00002568    00000014                                   : s_copysign.obj (.text)
                  0000257c    00000014                                   : strlen.obj (.text)
                  00002590    0000000e                                   : copy_decompress_none.obj (.text:decompress:none)
                  0000259e    0000000e     startup_msp432p401r_ccs.obj (.text)
                  000025ac    0000000c     rtsv7M4_T_le_v4SPD16_eabi.lib : copy_zero_init.obj (.text:decompress:ZI)
                  000025b8    00000004                                   : pre_init.obj (.text)

.const     0    000025c0    00000030     
                  000025c0    00000030     rtsv7M4_T_le_v4SPD16_eabi.lib : e_pow.obj (.const:$O1$$)

.cinit     0    000025f0    00000050     
                  000025f0    0000002b     (.cinit..data.load) [load image, compression = lzss]
                  0000261b    00000001     --HOLE-- [fill = 0]
                  0000261c    0000000c     (__TI_handler_table)
                  00002628    00000008     (.cinit..bss.load) [load image, compression = zero_init]
                  00002630    00000010     (__TI_cinit_table)

.init_array 
*          0    00000000    00000000     UNINITIALIZED

.sysmem    0    20000000    00000400     UNINITIALIZED
                  20000000    00000008     rtsv7M4_T_le_v4SPD16_eabi.lib : memory.obj (.sysmem)
                  20000008    000003f8     --HOLE--

.data      0    20000400    00000044     UNINITIALIZED
                  20000400    00000021     main.obj (.data)
                  20000421    00000003     --HOLE--
                  20000424    0000000c     rtsv7M4_T_le_v4SPD16_eabi.lib : exit.obj (.data:$O1$$)
                  20000430    00000008                                   : _lock.obj (.data:$O1$$)
                  20000438    00000004                                   : errno.obj (.data)
                  2000043c    00000004                                   : stkdepth_vars.obj (.data)
                  20000440    00000004     system_msp432p401r.obj (.data)

.bss       0    20000444    0000002a     UNINITIALIZED
                  20000444    00000018     (.common:myBuffer)
                  2000045c    0000000c     (.common:str)
                  20000468    00000002     (.common:X_Accelerometer_ADC)
                  2000046a    00000002     (.common:Y_Accelerometer_ADC)
                  2000046c    00000002     (.common:Z_Accelerometer_ADC)

.stack     0    2000fe00    00000200     UNINITIALIZED
                  2000fe00    00000200     --HOLE--

MODULE SUMMARY

       Module                        code   ro data   rw data
       ------                        ----   -------   -------
    .\
       UART.obj                      1396   0         24     
       system_msp432p401r.obj        812    0         8      
       GPIO.obj                      796    0         0      
       main.obj                      320    0         114    
       adc_driver.obj                324    0         12     
       startup_msp432p401r_ccs.obj   14     228       0      
       Timer.obj                     152    0         0      
       Systick.obj                   136    0         0      
       Clock.obj                     68     0         0      
    +--+-----------------------------+------+---------+---------+
       Total:                        4018   228       158    
                                                             
    C:\Users\kwat1\Documents\ccsv7\tools\compiler\ti-cgt-arm_16.9.4.LTS\lib\rtsv7M4_T_le_v4SPD16_eabi.lib
       e_pow.obj                     2476   48        0      
       fd_add_t2.obj                 438    0         0      
       e_sqrt.obj                    368    0         0      
       fd_div_t2.obj                 310    0         0      
       fd_cmp_t2.obj                 268    0         0      
       fd_mul_t2.obj                 252    0         0      
       s_scalbn.obj                  252    0         0      
       memcpy_t2.obj                 156    0         0      
       memset_t2.obj                 122    0         0      
       autoinit.obj                  112    0         0      
       fd_tos_t2.obj                 110    0         0      
       exit.obj                      84     0         24     
       copy_decompress_lzss.obj      104    0         0      
       boot.obj                      84     0         0      
       cpy_tbl.obj                   76     0         0      
       i_tofd_t2.obj                 46     0         0      
       _lock.obj                     20     0         16     
       u_tofd_t2.obj                 32     0         0      
       args_main.obj                 24     0         0      
       s_copysign.obj                20     0         0      
       strlen.obj                    20     0         0      
       copy_decompress_none.obj      14     0         0      
       copy_zero_init.obj            12     0         0      
       errno.obj                     0      0         8      
       stkdepth_vars.obj             0      0         8      
       pre_init.obj                  4      0         0      
       mpu_init.obj                  2      0         0      
       startup.obj                   2      0         0      
    +--+-----------------------------+------+---------+---------+
       Total:                        5408   48        56     
                                                             
       Heap:                         0      0         2048   
       Stack:                        0      0         1024   
       Linker Generated:             0      79        0      
    +--+-----------------------------+------+---------+---------+
       Grand Total:                  9426   355       3286   


LINKER GENERATED COPY TABLES

__TI_cinit_table @ 00002630 records: 2, size/record: 8, table size: 16
	.data: load addr=000025f0, load size=0000002b bytes, run addr=20000400, run size=00000044 bytes, compression=lzss
	.bss: load addr=00002628, load size=00000008 bytes, run addr=20000444, run size=0000002a bytes, compression=zero_init


LINKER GENERATED HANDLER TABLE

__TI_handler_table @ 0000261c records: 3, size/record: 4, table size: 12
	index: 0, handler: __TI_decompress_lzss
	index: 1, handler: __TI_decompress_none
	index: 2, handler: __TI_zero_init


GLOBAL SYMBOLS: SORTED ALPHABETICALLY BY Name 

address   name                           
-------   ----                           
00001a3d  ADC14_IRQHandler               
00001a3d  ADC14_IRQHandler               
000019a1  ADC_Accelerometer_Config       
000025ab  AES256_IRQHandler              
000025ab  BusFault_Handler               
00002409  C$$EXIT                        
000025ab  COMP_E0_IRQHandler             
000025ab  COMP_E1_IRQHandler             
000025ab  CS_IRQHandler                  
000024a9  Clock_Config                   
000025ab  DMA_ERR_IRQHandler             
000025ab  DMA_INT0_IRQHandler            
000025ab  DMA_INT1_IRQHandler            
000025ab  DMA_INT2_IRQHandler            
000025ab  DMA_INT3_IRQHandler            
000025ab  DebugMon_Handler               
000025ab  Default_Handler                
00000f95  EUSCIA0_IRQHandler             
00000f95  EUSCIA0_IRQHandler             
000025ab  EUSCIA1_IRQHandler             
00000f05  EUSCIA2_IRQHandler             
00000f05  EUSCIA2_IRQHandler             
000025ab  EUSCIA3_IRQHandler             
000025ab  EUSCIB0_IRQHandler             
000025ab  EUSCIB1_IRQHandler             
000025ab  EUSCIB2_IRQHandler             
000025ab  EUSCIB3_IRQHandler             
00000be3  Escooter_Printout              
000025ab  FLCTL_IRQHandler               
000025ab  FPU_IRQHandler                 
000025ab  HardFault_Handler              
000013b1  IR_Beam_Break_Config           
00001407  IR_Beam_Break_Config_JW        
00001451  Left_Right_Button_Config       
000025ab  MemManage_Handler              
000025ab  NMI_Handler                    
000025ab  PCM_IRQHandler                 
0000152f  PORT1_IRQHandler               
0000152f  PORT1_IRQHandler               
000015c3  PORT2_IRQHandler               
000015c3  PORT2_IRQHandler               
000025ab  PORT3_IRQHandler               
000025ab  PORT4_IRQHandler               
000025ab  PORT5_IRQHandler               
000025ab  PORT6_IRQHandler               
000025ab  PSS_IRQHandler                 
000025ab  PendSV_Handler                 
000014fb  RGB_Config                     
000025ab  RTC_C_IRQHandler               
0000259f  Reset_Handler                  
UNDEFED   SHT$$INIT_ARRAY$$Base          
UNDEFED   SHT$$INIT_ARRAY$$Limit         
000025ab  SVC_Handler                    
000020a9  SysTick_Handler                
000020a9  SysTick_Handler                
20000440  SystemCoreClock                
00001005  SystemCoreClockUpdate          
00001279  SystemInit                     
000025ab  T32_INT1_IRQHandler            
000025ab  T32_INT2_IRQHandler            
000025ab  T32_INTC_IRQHandler            
00002031  TA0_0_IRQHandler               
00002031  TA0_0_IRQHandler               
000025ab  TA0_N_IRQHandler               
000025ab  TA1_0_IRQHandler               
000025ab  TA1_N_IRQHandler               
000025ab  TA2_0_IRQHandler               
000025ab  TA2_N_IRQHandler               
000025ab  TA3_0_IRQHandler               
000025ab  TA3_N_IRQHandler               
00001ff1  Timer_A0_Config                
00000b37  UART_Config                    
00000abd  UART_Config2                   
0000135d  UART_RX_TX_Config              
00001387  UART_RX_TX_Config_BackChannel  
00000b91  UART_send_byte                 
00000bad  UART_send_n_bytes              
000025ab  UsageFault_Handler             
4000480c  WDTCTL_SYM                     
000025ab  WDT_A_IRQHandler               
20000468  X_Accelerometer_ADC            
2000046a  Y_Accelerometer_ADC            
2000046c  Z_Accelerometer_ADC            
20010000  __STACK_END                    
00000200  __STACK_SIZE                   
00000400  __SYSMEM_SIZE                  
00002630  __TI_CINIT_Base                
00002640  __TI_CINIT_Limit               
0000261c  __TI_Handler_Table_Base        
00002628  __TI_Handler_Table_Limit       
0000226d  __TI_auto_init                 
20000424  __TI_cleanup_ptr               
0000234b  __TI_decompress_lzss           
00002591  __TI_decompress_none           
20000428  __TI_dtors_ptr                 
2000042c  __TI_enable_exit_profile_output
ffffffff  __TI_pprof_out_hndl            
ffffffff  __TI_prof_data_size            
ffffffff  __TI_prof_data_start           
00000000  __TI_static_base__             
000025ad  __TI_zero_init                 
000020e5  __aeabi_cdcmpeq                
000020e5  __aeabi_cdcmple                
0000216b  __aeabi_cdrcmple               
000022dd  __aeabi_d2f                    
00001657  __aeabi_dadd                   
00001bf9  __aeabi_ddiv                   
00001d2f  __aeabi_dmul                   
0000164d  __aeabi_dsub                   
000024ed  __aeabi_i2d                    
000021f1  __aeabi_memclr                 
000021f1  __aeabi_memclr4                
000021f1  __aeabi_memclr8                
00001f29  __aeabi_memcpy                 
00001f29  __aeabi_memcpy4                
00001f29  __aeabi_memcpy8                
000021f3  __aeabi_memset                 
000021f3  __aeabi_memset4                
000021f3  __aeabi_memset8                
0000251b  __aeabi_ui2d                   
ffffffff  __binit__                      
ffffffff  __c_args__                     
00001803  __mpu_init                     
2000fe00  __stack                        
0000253d  _args_main                     
000023b5  _c_int00                       
20000430  _lock                          
00002563  _nop                           
0000255b  _register_lock                 
00002555  _register_unlock               
20000000  _sys_memory                    
00001e2b  _system_post_cinit             
000025b9  _system_pre_init               
20000434  _unlock                        
0000240d  abort                          
ffffffff  binit                          
00002089  config_systick                 
0000245d  copy_in                        
00002569  copysign                       
00002569  copysignl                      
20000408  count_int                      
2000041c  direction                      
20000414  distance                       
20000404  dump_Buffer                    
20000438  errno                          
00002415  exit                           
00001ab9  foo                            
00000e09  ftoa                           
00000cfd  intToStr                       
00000000  interruptVectors               
00000d95  itoa                           
00001e2d  ldexp                          
00001e2d  ldexpl                         
00001adb  main                           
2000043c  main_func_sp                   
00001f29  memcpy                         
000021f9  memset                         
2000041e  moving                         
20000444  myBuffer                       
20000400  myBufferPTR                    
000000e5  pow                            
000000e5  powl                           
20000420  printout_Klee                  
00000c9f  reverse                        
00001e2d  scalbn                         
00001e2d  scalbnl                        
20000410  seconds                        
00001805  sqrt                           
00001805  sqrtl                          
2000045c  str                            
0000257d  strlen                         
2000040c  systick_int                    
20000406  systickflag                    
20000418  velocity                       


GLOBAL SYMBOLS: SORTED BY Symbol Address 

address   name                           
-------   ----                           
00000000  __TI_static_base__             
00000000  interruptVectors               
000000e5  pow                            
000000e5  powl                           
00000200  __STACK_SIZE                   
00000400  __SYSMEM_SIZE                  
00000abd  UART_Config2                   
00000b37  UART_Config                    
00000b91  UART_send_byte                 
00000bad  UART_send_n_bytes              
00000be3  Escooter_Printout              
00000c9f  reverse                        
00000cfd  intToStr                       
00000d95  itoa                           
00000e09  ftoa                           
00000f05  EUSCIA2_IRQHandler             
00000f05  EUSCIA2_IRQHandler             
00000f95  EUSCIA0_IRQHandler             
00000f95  EUSCIA0_IRQHandler             
00001005  SystemCoreClockUpdate          
00001279  SystemInit                     
0000135d  UART_RX_TX_Config              
00001387  UART_RX_TX_Config_BackChannel  
000013b1  IR_Beam_Break_Config           
00001407  IR_Beam_Break_Config_JW        
00001451  Left_Right_Button_Config       
000014fb  RGB_Config                     
0000152f  PORT1_IRQHandler               
0000152f  PORT1_IRQHandler               
000015c3  PORT2_IRQHandler               
000015c3  PORT2_IRQHandler               
0000164d  __aeabi_dsub                   
00001657  __aeabi_dadd                   
00001803  __mpu_init                     
00001805  sqrt                           
00001805  sqrtl                          
000019a1  ADC_Accelerometer_Config       
00001a3d  ADC14_IRQHandler               
00001a3d  ADC14_IRQHandler               
00001ab9  foo                            
00001adb  main                           
00001bf9  __aeabi_ddiv                   
00001d2f  __aeabi_dmul                   
00001e2b  _system_post_cinit             
00001e2d  ldexp                          
00001e2d  ldexpl                         
00001e2d  scalbn                         
00001e2d  scalbnl                        
00001f29  __aeabi_memcpy                 
00001f29  __aeabi_memcpy4                
00001f29  __aeabi_memcpy8                
00001f29  memcpy                         
00001ff1  Timer_A0_Config                
00002031  TA0_0_IRQHandler               
00002031  TA0_0_IRQHandler               
00002089  config_systick                 
000020a9  SysTick_Handler                
000020a9  SysTick_Handler                
000020e5  __aeabi_cdcmpeq                
000020e5  __aeabi_cdcmple                
0000216b  __aeabi_cdrcmple               
000021f1  __aeabi_memclr                 
000021f1  __aeabi_memclr4                
000021f1  __aeabi_memclr8                
000021f3  __aeabi_memset                 
000021f3  __aeabi_memset4                
000021f3  __aeabi_memset8                
000021f9  memset                         
0000226d  __TI_auto_init                 
000022dd  __aeabi_d2f                    
0000234b  __TI_decompress_lzss           
000023b5  _c_int00                       
00002409  C$$EXIT                        
0000240d  abort                          
00002415  exit                           
0000245d  copy_in                        
000024a9  Clock_Config                   
000024ed  __aeabi_i2d                    
0000251b  __aeabi_ui2d                   
0000253d  _args_main                     
00002555  _register_unlock               
0000255b  _register_lock                 
00002563  _nop                           
00002569  copysign                       
00002569  copysignl                      
0000257d  strlen                         
00002591  __TI_decompress_none           
0000259f  Reset_Handler                  
000025ab  AES256_IRQHandler              
000025ab  BusFault_Handler               
000025ab  COMP_E0_IRQHandler             
000025ab  COMP_E1_IRQHandler             
000025ab  CS_IRQHandler                  
000025ab  DMA_ERR_IRQHandler             
000025ab  DMA_INT0_IRQHandler            
000025ab  DMA_INT1_IRQHandler            
000025ab  DMA_INT2_IRQHandler            
000025ab  DMA_INT3_IRQHandler            
000025ab  DebugMon_Handler               
000025ab  Default_Handler                
000025ab  EUSCIA1_IRQHandler             
000025ab  EUSCIA3_IRQHandler             
000025ab  EUSCIB0_IRQHandler             
000025ab  EUSCIB1_IRQHandler             
000025ab  EUSCIB2_IRQHandler             
000025ab  EUSCIB3_IRQHandler             
000025ab  FLCTL_IRQHandler               
000025ab  FPU_IRQHandler                 
000025ab  HardFault_Handler              
000025ab  MemManage_Handler              
000025ab  NMI_Handler                    
000025ab  PCM_IRQHandler                 
000025ab  PORT3_IRQHandler               
000025ab  PORT4_IRQHandler               
000025ab  PORT5_IRQHandler               
000025ab  PORT6_IRQHandler               
000025ab  PSS_IRQHandler                 
000025ab  PendSV_Handler                 
000025ab  RTC_C_IRQHandler               
000025ab  SVC_Handler                    
000025ab  T32_INT1_IRQHandler            
000025ab  T32_INT2_IRQHandler            
000025ab  T32_INTC_IRQHandler            
000025ab  TA0_N_IRQHandler               
000025ab  TA1_0_IRQHandler               
000025ab  TA1_N_IRQHandler               
000025ab  TA2_0_IRQHandler               
000025ab  TA2_N_IRQHandler               
000025ab  TA3_0_IRQHandler               
000025ab  TA3_N_IRQHandler               
000025ab  UsageFault_Handler             
000025ab  WDT_A_IRQHandler               
000025ad  __TI_zero_init                 
000025b9  _system_pre_init               
0000261c  __TI_Handler_Table_Base        
00002628  __TI_Handler_Table_Limit       
00002630  __TI_CINIT_Base                
00002640  __TI_CINIT_Limit               
20000000  _sys_memory                    
20000400  myBufferPTR                    
20000404  dump_Buffer                    
20000406  systickflag                    
20000408  count_int                      
2000040c  systick_int                    
20000410  seconds                        
20000414  distance                       
20000418  velocity                       
2000041c  direction                      
2000041e  moving                         
20000420  printout_Klee                  
20000424  __TI_cleanup_ptr               
20000428  __TI_dtors_ptr                 
2000042c  __TI_enable_exit_profile_output
20000430  _lock                          
20000434  _unlock                        
20000438  errno                          
2000043c  main_func_sp                   
20000440  SystemCoreClock                
20000444  myBuffer                       
2000045c  str                            
20000468  X_Accelerometer_ADC            
2000046a  Y_Accelerometer_ADC            
2000046c  Z_Accelerometer_ADC            
2000fe00  __stack                        
20010000  __STACK_END                    
4000480c  WDTCTL_SYM                     
ffffffff  __TI_pprof_out_hndl            
ffffffff  __TI_prof_data_size            
ffffffff  __TI_prof_data_start           
ffffffff  __binit__                      
ffffffff  __c_args__                     
ffffffff  binit                          
UNDEFED   SHT$$INIT_ARRAY$$Base          
UNDEFED   SHT$$INIT_ARRAY$$Limit         

[174 symbols]
