******************************************************************************
                  TI ARM Linker PC v16.9.4                     
******************************************************************************
>> Linked Sun Oct 29 11:29:16 2017

OUTPUT FILE NAME:   <Final_scooter.out>
ENTRY POINT SYMBOL: "_c_int00"  address: 00001e3d


MEMORY CONFIGURATION

         name            origin    length      used     unused   attr    fill
----------------------  --------  ---------  --------  --------  ----  --------
  MAIN                  00000000   00040000  000020c4  0003df3c  R  X
  INFO                  00200000   00004000  00000000  00004000  R  X
  SRAM_CODE             01000000   00010000  00000626  0000f9da  RW X
  SRAM_DATA             20000000   00010000  00000626  0000f9da  RW  


SEGMENT ALLOCATION MAP

run origin  load origin   length   init length attrs members
----------  ----------- ---------- ----------- ----- -------
00000000    00000000    000020c8   000020c8    r-x
  00000000    00000000    000000e4   000000e4    r-- .intvecs
  000000e4    000000e4    00001f70   00001f70    r-x .text
  00002058    00002058    00000030   00000030    r-- .const
  00002088    00002088    00000040   00000040    r-- .cinit
20000000    20000000    00000426   00000000    rw-
  20000000    20000000    00000400   00000000    rw- .sysmem
  20000400    20000400    00000020   00000000    rw- .data
  20000420    20000420    00000006   00000000    rw- .bss
2000fe00    2000fe00    00000200   00000000    rw-
  2000fe00    2000fe00    00000200   00000000    rw- .stack


SECTION ALLOCATION MAP

 output                                  attributes/
section   page    origin      length       input sections
--------  ----  ----------  ----------   ----------------
.intvecs   0    00000000    000000e4     
                  00000000    000000e4     startup_msp432p401r_ccs.obj (.intvecs:retain)

.binit     0    00000000    00000000     

.text      0    000000e4    00001f70     
                  000000e4    000009ac     rtsv7M4_T_le_v4SPD16_eabi.lib : e_pow.obj (.text)
                  00000a90    0000032c     system_msp432p401r.obj (.text)
                  00000dbc    00000300     UART.obj (.text)
                  000010bc    0000023c     GPIO.obj (.text)
                  000012f8    000001b6     rtsv7M4_T_le_v4SPD16_eabi.lib : fd_add_t2.obj (.text)
                  000014ae    00000002                                   : mpu_init.obj (.text)
                  000014b0    00000170                                   : e_sqrt.obj (.text)
                  00001620    00000144     adc_driver.obj (.text)
                  00001764    00000136     rtsv7M4_T_le_v4SPD16_eabi.lib : fd_div_t2.obj (.text)
                  0000189a    000000fc                                   : fd_mul_t2.obj (.text)
                  00001996    00000002                                   : startup.obj (.text)
                  00001998    000000fc                                   : s_scalbn.obj (.text)
                  00001a94    000000ac     Timer.obj (.text)
                  00001b40    0000009c     rtsv7M4_T_le_v4SPD16_eabi.lib : memcpy_t2.obj (.text)
                  00001bdc    00000086                                   : fd_cmp_t2.obj (.text:__aeabi_cdcmple)
                  00001c62    00000086                                   : fd_cmp_t2.obj (.text:__aeabi_cdrcmple)
                  00001ce8    0000007a                                   : memset_t2.obj (.text)
                  00001d62    00000002     --HOLE-- [fill = 0]
                  00001d64    00000070                                   : autoinit.obj (.text)
                  00001dd4    00000068                                   : copy_decompress_lzss.obj (.text:decompress:lzss)
                  00001e3c    00000054                                   : boot.obj (.text)
                  00001e90    00000054                                   : exit.obj (.text)
                  00001ee4    0000004c                                   : cpy_tbl.obj (.text)
                  00001f30    00000044     Clock.obj (.text)
                  00001f74    00000030     main.obj (.text)
                  00001fa4    0000002e     rtsv7M4_T_le_v4SPD16_eabi.lib : i_tofd_t2.obj (.text)
                  00001fd2    00000002     --HOLE-- [fill = 0]
                  00001fd4    00000018                                   : args_main.obj (.text)
                  00001fec    00000014                                   : _lock.obj (.text)
                  00002000    00000014                                   : s_copysign.obj (.text)
                  00002014    00000014                                   : strlen.obj (.text)
                  00002028    0000000e                                   : copy_decompress_none.obj (.text:decompress:none)
                  00002036    0000000e     startup_msp432p401r_ccs.obj (.text)
                  00002044    0000000c     rtsv7M4_T_le_v4SPD16_eabi.lib : copy_zero_init.obj (.text:decompress:ZI)
                  00002050    00000004                                   : pre_init.obj (.text)

.const     0    00002058    00000030     
                  00002058    00000030     rtsv7M4_T_le_v4SPD16_eabi.lib : e_pow.obj (.const:$O1$$)

.cinit     0    00002088    00000040     
                  00002088    00000015     (.cinit..data.load) [load image, compression = lzss]
                  0000209d    00000003     --HOLE-- [fill = 0]
                  000020a0    0000000c     (__TI_handler_table)
                  000020ac    00000004     --HOLE-- [fill = 0]
                  000020b0    00000008     (.cinit..bss.load) [load image, compression = zero_init]
                  000020b8    00000010     (__TI_cinit_table)

.init_array 
*          0    00000000    00000000     UNINITIALIZED

.sysmem    0    20000000    00000400     UNINITIALIZED
                  20000000    00000008     rtsv7M4_T_le_v4SPD16_eabi.lib : memory.obj (.sysmem)
                  20000008    000003f8     --HOLE--

.data      0    20000400    00000020     UNINITIALIZED
                  20000400    0000000c     rtsv7M4_T_le_v4SPD16_eabi.lib : exit.obj (.data:$O1$$)
                  2000040c    00000008                                   : _lock.obj (.data:$O1$$)
                  20000414    00000004                                   : errno.obj (.data)
                  20000418    00000004                                   : stkdepth_vars.obj (.data)
                  2000041c    00000004     system_msp432p401r.obj (.data)

.bss       0    20000420    00000006     UNINITIALIZED
                  20000420    00000002     (.common:X_Accelerometer_ADC)
                  20000422    00000002     (.common:Y_Accelerometer_ADC)
                  20000424    00000002     (.common:Z_Accelerometer_ADC)

.stack     0    2000fe00    00000200     UNINITIALIZED
                  2000fe00    00000200     --HOLE--

MODULE SUMMARY

       Module                        code   ro data   rw data
       ------                        ----   -------   -------
    .\
       system_msp432p401r.obj        812    0         8      
       UART.obj                      768    0         0      
       GPIO.obj                      572    0         0      
       adc_driver.obj                324    0         12     
       startup_msp432p401r_ccs.obj   14     228       0      
       Timer.obj                     172    0         0      
       Clock.obj                     68     0         0      
       main.obj                      48     0         0      
    +--+-----------------------------+------+---------+---------+
       Total:                        2778   228       20     
                                                             
    C:\Users\kwat1\Documents\ccsv7\tools\compiler\ti-cgt-arm_16.9.4.LTS\lib\rtsv7M4_T_le_v4SPD16_eabi.lib
       e_pow.obj                     2476   48        0      
       fd_add_t2.obj                 438    0         0      
       e_sqrt.obj                    368    0         0      
       fd_div_t2.obj                 310    0         0      
       fd_cmp_t2.obj                 268    0         0      
       fd_mul_t2.obj                 252    0         0      
       s_scalbn.obj                  252    0         0      
       memcpy_t2.obj                 156    0         0      
       memset_t2.obj                 122    0         0      
       autoinit.obj                  112    0         0      
       exit.obj                      84     0         24     
       copy_decompress_lzss.obj      104    0         0      
       boot.obj                      84     0         0      
       cpy_tbl.obj                   76     0         0      
       i_tofd_t2.obj                 46     0         0      
       _lock.obj                     20     0         16     
       args_main.obj                 24     0         0      
       s_copysign.obj                20     0         0      
       strlen.obj                    20     0         0      
       copy_decompress_none.obj      14     0         0      
       copy_zero_init.obj            12     0         0      
       errno.obj                     0      0         8      
       stkdepth_vars.obj             0      0         8      
       pre_init.obj                  4      0         0      
       mpu_init.obj                  2      0         0      
       startup.obj                   2      0         0      
    +--+-----------------------------+------+---------+---------+
       Total:                        5266   48        56     
                                                             
       Heap:                         0      0         2048   
       Stack:                        0      0         1024   
       Linker Generated:             0      57        0      
    +--+-----------------------------+------+---------+---------+
       Grand Total:                  8044   333       3148   


LINKER GENERATED COPY TABLES

__TI_cinit_table @ 000020b8 records: 2, size/record: 8, table size: 16
	.data: load addr=00002088, load size=00000015 bytes, run addr=20000400, run size=00000020 bytes, compression=lzss
	.bss: load addr=000020b0, load size=00000008 bytes, run addr=20000420, run size=00000006 bytes, compression=zero_init


LINKER GENERATED HANDLER TABLE

__TI_handler_table @ 000020a0 records: 3, size/record: 4, table size: 12
	index: 0, handler: __TI_decompress_lzss
	index: 1, handler: __TI_decompress_none
	index: 2, handler: __TI_zero_init


GLOBAL SYMBOLS: SORTED ALPHABETICALLY BY Name 

address   name                           
-------   ----                           
000016e9  ADC14_IRQHandler               
000016e9  ADC14_IRQHandler               
0000164d  ADC_Accelerometer_Config       
00002043  AES256_IRQHandler              
00002043  BusFault_Handler               
00001e91  C$$EXIT                        
00002043  COMP_E0_IRQHandler             
00002043  COMP_E1_IRQHandler             
00002043  CS_IRQHandler                  
00001f31  Clock_Config                   
00002043  DMA_ERR_IRQHandler             
00002043  DMA_INT0_IRQHandler            
00002043  DMA_INT1_IRQHandler            
00002043  DMA_INT2_IRQHandler            
00002043  DMA_INT3_IRQHandler            
00002043  DebugMon_Handler               
00002043  Default_Handler                
00002043  EUSCIA0_IRQHandler             
00002043  EUSCIA1_IRQHandler             
0000103f  EUSCIA2_IRQHandler             
0000103f  EUSCIA2_IRQHandler             
00002043  EUSCIA3_IRQHandler             
00002043  EUSCIB0_IRQHandler             
00002043  EUSCIB1_IRQHandler             
00002043  EUSCIB2_IRQHandler             
00002043  EUSCIB3_IRQHandler             
00002043  FLCTL_IRQHandler               
00002043  FPU_IRQHandler                 
00002043  HardFault_Handler              
00001113  IR_Beam_Break_Config           
000011a1  Left_Right_Button_Config       
00002043  MemManage_Handler              
00002043  NMI_Handler                    
00002043  PCM_IRQHandler                 
0000124b  PORT1_IRQHandler               
0000124b  PORT1_IRQHandler               
00002043  PORT2_IRQHandler               
00002043  PORT3_IRQHandler               
00002043  PORT4_IRQHandler               
00002043  PORT5_IRQHandler               
00002043  PORT6_IRQHandler               
00002043  PSS_IRQHandler                 
00002043  PendSV_Handler                 
0000116d  RGB_Config                     
00002043  RTC_C_IRQHandler               
00002037  Reset_Handler                  
UNDEFED   SHT$$INIT_ARRAY$$Base          
UNDEFED   SHT$$INIT_ARRAY$$Limit         
00002043  SVC_Handler                    
00002043  SysTick_Handler                
2000041c  SystemCoreClock                
00000a91  SystemCoreClockUpdate          
00000d05  SystemInit                     
00002043  T32_INT1_IRQHandler            
00002043  T32_INT2_IRQHandler            
00002043  T32_INTC_IRQHandler            
00001b01  TA0_0_IRQHandler               
00001b01  TA0_0_IRQHandler               
00002043  TA0_N_IRQHandler               
00002043  TA1_0_IRQHandler               
00002043  TA1_N_IRQHandler               
00002043  TA2_0_IRQHandler               
00002043  TA2_N_IRQHandler               
00002043  TA3_0_IRQHandler               
00002043  TA3_N_IRQHandler               
00001ac1  Timer_A0_Config                
00000de9  UART_Config                    
000010e9  UART_RX_TX_Config              
00000e43  UART_send_byte                 
00000e5f  UART_send_n_bytes              
00002043  UsageFault_Handler             
4000480c  WDTCTL_SYM                     
00002043  WDT_A_IRQHandler               
20000420  X_Accelerometer_ADC            
20000422  Y_Accelerometer_ADC            
20000424  Z_Accelerometer_ADC            
20010000  __STACK_END                    
00000200  __STACK_SIZE                   
00000400  __SYSMEM_SIZE                  
000020b8  __TI_CINIT_Base                
000020c8  __TI_CINIT_Limit               
000020a0  __TI_Handler_Table_Base        
000020ac  __TI_Handler_Table_Limit       
00001d65  __TI_auto_init                 
20000400  __TI_cleanup_ptr               
00001dd5  __TI_decompress_lzss           
00002029  __TI_decompress_none           
20000404  __TI_dtors_ptr                 
20000408  __TI_enable_exit_profile_output
ffffffff  __TI_pprof_out_hndl            
ffffffff  __TI_prof_data_size            
ffffffff  __TI_prof_data_start           
00000000  __TI_static_base__             
00002045  __TI_zero_init                 
00001bdd  __aeabi_cdcmpeq                
00001bdd  __aeabi_cdcmple                
00001c63  __aeabi_cdrcmple               
00001303  __aeabi_dadd                   
00001765  __aeabi_ddiv                   
0000189b  __aeabi_dmul                   
000012f9  __aeabi_dsub                   
00001fa5  __aeabi_i2d                    
00001ce9  __aeabi_memclr                 
00001ce9  __aeabi_memclr4                
00001ce9  __aeabi_memclr8                
00001b41  __aeabi_memcpy                 
00001b41  __aeabi_memcpy4                
00001b41  __aeabi_memcpy8                
00001ceb  __aeabi_memset                 
00001ceb  __aeabi_memset4                
00001ceb  __aeabi_memset8                
ffffffff  __binit__                      
ffffffff  __c_args__                     
000014af  __mpu_init                     
2000fe00  __stack                        
00001fd5  _args_main                     
00001e3d  _c_int00                       
2000040c  _lock                          
00001ffb  _nop                           
00001ff3  _register_lock                 
00001fed  _register_unlock               
20000000  _sys_memory                    
00001997  _system_post_cinit             
00002051  _system_pre_init               
20000410  _unlock                        
00001e95  abort                          
ffffffff  binit                          
00001ee5  copy_in                        
00002001  copysign                       
00002001  copysignl                      
20000414  errno                          
00001e9d  exit                           
00000fbb  ftoa                           
00000ee7  intToStr                       
00000000  interruptVectors               
00000f51  itoa                           
00001999  ldexp                          
00001999  ldexpl                         
00001f75  main                           
20000418  main_func_sp                   
00001b41  memcpy                         
00001cf1  memset                         
000000e5  pow                            
000000e5  powl                           
00000e95  reverse                        
00001999  scalbn                         
00001999  scalbnl                        
000014b1  sqrt                           
000014b1  sqrtl                          
00002015  strlen                         


GLOBAL SYMBOLS: SORTED BY Symbol Address 

address   name                           
-------   ----                           
00000000  __TI_static_base__             
00000000  interruptVectors               
000000e5  pow                            
000000e5  powl                           
00000200  __STACK_SIZE                   
00000400  __SYSMEM_SIZE                  
00000a91  SystemCoreClockUpdate          
00000d05  SystemInit                     
00000de9  UART_Config                    
00000e43  UART_send_byte                 
00000e5f  UART_send_n_bytes              
00000e95  reverse                        
00000ee7  intToStr                       
00000f51  itoa                           
00000fbb  ftoa                           
0000103f  EUSCIA2_IRQHandler             
0000103f  EUSCIA2_IRQHandler             
000010e9  UART_RX_TX_Config              
00001113  IR_Beam_Break_Config           
0000116d  RGB_Config                     
000011a1  Left_Right_Button_Config       
0000124b  PORT1_IRQHandler               
0000124b  PORT1_IRQHandler               
000012f9  __aeabi_dsub                   
00001303  __aeabi_dadd                   
000014af  __mpu_init                     
000014b1  sqrt                           
000014b1  sqrtl                          
0000164d  ADC_Accelerometer_Config       
000016e9  ADC14_IRQHandler               
000016e9  ADC14_IRQHandler               
00001765  __aeabi_ddiv                   
0000189b  __aeabi_dmul                   
00001997  _system_post_cinit             
00001999  ldexp                          
00001999  ldexpl                         
00001999  scalbn                         
00001999  scalbnl                        
00001ac1  Timer_A0_Config                
00001b01  TA0_0_IRQHandler               
00001b01  TA0_0_IRQHandler               
00001b41  __aeabi_memcpy                 
00001b41  __aeabi_memcpy4                
00001b41  __aeabi_memcpy8                
00001b41  memcpy                         
00001bdd  __aeabi_cdcmpeq                
00001bdd  __aeabi_cdcmple                
00001c63  __aeabi_cdrcmple               
00001ce9  __aeabi_memclr                 
00001ce9  __aeabi_memclr4                
00001ce9  __aeabi_memclr8                
00001ceb  __aeabi_memset                 
00001ceb  __aeabi_memset4                
00001ceb  __aeabi_memset8                
00001cf1  memset                         
00001d65  __TI_auto_init                 
00001dd5  __TI_decompress_lzss           
00001e3d  _c_int00                       
00001e91  C$$EXIT                        
00001e95  abort                          
00001e9d  exit                           
00001ee5  copy_in                        
00001f31  Clock_Config                   
00001f75  main                           
00001fa5  __aeabi_i2d                    
00001fd5  _args_main                     
00001fed  _register_unlock               
00001ff3  _register_lock                 
00001ffb  _nop                           
00002001  copysign                       
00002001  copysignl                      
00002015  strlen                         
00002029  __TI_decompress_none           
00002037  Reset_Handler                  
00002043  AES256_IRQHandler              
00002043  BusFault_Handler               
00002043  COMP_E0_IRQHandler             
00002043  COMP_E1_IRQHandler             
00002043  CS_IRQHandler                  
00002043  DMA_ERR_IRQHandler             
00002043  DMA_INT0_IRQHandler            
00002043  DMA_INT1_IRQHandler            
00002043  DMA_INT2_IRQHandler            
00002043  DMA_INT3_IRQHandler            
00002043  DebugMon_Handler               
00002043  Default_Handler                
00002043  EUSCIA0_IRQHandler             
00002043  EUSCIA1_IRQHandler             
00002043  EUSCIA3_IRQHandler             
00002043  EUSCIB0_IRQHandler             
00002043  EUSCIB1_IRQHandler             
00002043  EUSCIB2_IRQHandler             
00002043  EUSCIB3_IRQHandler             
00002043  FLCTL_IRQHandler               
00002043  FPU_IRQHandler                 
00002043  HardFault_Handler              
00002043  MemManage_Handler              
00002043  NMI_Handler                    
00002043  PCM_IRQHandler                 
00002043  PORT2_IRQHandler               
00002043  PORT3_IRQHandler               
00002043  PORT4_IRQHandler               
00002043  PORT5_IRQHandler               
00002043  PORT6_IRQHandler               
00002043  PSS_IRQHandler                 
00002043  PendSV_Handler                 
00002043  RTC_C_IRQHandler               
00002043  SVC_Handler                    
00002043  SysTick_Handler                
00002043  T32_INT1_IRQHandler            
00002043  T32_INT2_IRQHandler            
00002043  T32_INTC_IRQHandler            
00002043  TA0_N_IRQHandler               
00002043  TA1_0_IRQHandler               
00002043  TA1_N_IRQHandler               
00002043  TA2_0_IRQHandler               
00002043  TA2_N_IRQHandler               
00002043  TA3_0_IRQHandler               
00002043  TA3_N_IRQHandler               
00002043  UsageFault_Handler             
00002043  WDT_A_IRQHandler               
00002045  __TI_zero_init                 
00002051  _system_pre_init               
000020a0  __TI_Handler_Table_Base        
000020ac  __TI_Handler_Table_Limit       
000020b8  __TI_CINIT_Base                
000020c8  __TI_CINIT_Limit               
20000000  _sys_memory                    
20000400  __TI_cleanup_ptr               
20000404  __TI_dtors_ptr                 
20000408  __TI_enable_exit_profile_output
2000040c  _lock                          
20000410  _unlock                        
20000414  errno                          
20000418  main_func_sp                   
2000041c  SystemCoreClock                
20000420  X_Accelerometer_ADC            
20000422  Y_Accelerometer_ADC            
20000424  Z_Accelerometer_ADC            
2000fe00  __stack                        
20010000  __STACK_END                    
4000480c  WDTCTL_SYM                     
ffffffff  __TI_pprof_out_hndl            
ffffffff  __TI_prof_data_size            
ffffffff  __TI_prof_data_start           
ffffffff  __binit__                      
ffffffff  __c_args__                     
ffffffff  binit                          
UNDEFED   SHT$$INIT_ARRAY$$Base          
UNDEFED   SHT$$INIT_ARRAY$$Limit         

[150 symbols]
