******************************************************************************
                  TI ARM Linker PC v16.9.4                     
******************************************************************************
>> Linked Sun Nov 05 23:51:26 2017

OUTPUT FILE NAME:   <Final_scooter.out>
ENTRY POINT SYMBOL: "_c_int00"  address: 000014b1


MEMORY CONFIGURATION

         name            origin    length      used     unused   attr    fill
----------------------  --------  ---------  --------  --------  ----  --------
  MAIN                  00000000   00040000  000016bc  0003e944  R  X
  INFO                  00200000   00004000  00000000  00004000  R  X
  SRAM_CODE             01000000   00010000  00000652  0000f9ae  RW X
  SRAM_DATA             20000000   00010000  00000652  0000f9ae  RW  


SEGMENT ALLOCATION MAP

run origin  load origin   length   init length attrs members
----------  ----------- ---------- ----------- ----- -------
00000000    00000000    000016c0   000016c0    r-x
  00000000    00000000    000000e4   000000e4    r-- .intvecs
  000000e4    000000e4    00001590   00001590    r-x .text
  00001678    00001678    00000048   00000048    r-- .cinit
20000000    20000000    00000452   00000000    rw-
  20000000    20000000    00000400   00000000    rw- .sysmem
  20000400    20000400    0000003c   00000000    rw- .data
  2000043c    2000043c    00000016   00000000    rw- .bss
2000fe00    2000fe00    00000200   00000000    rw-
  2000fe00    2000fe00    00000200   00000000    rw- .stack


SECTION ALLOCATION MAP

 output                                  attributes/
section   page    origin      length       input sections
--------  ----  ----------  ----------   ----------------
.intvecs   0    00000000    000000e4     
                  00000000    000000e4     startup_msp432p401r_ccs.obj (.intvecs:retain)

.binit     0    00000000    00000000     

.text      0    000000e4    00001590     
                  000000e4    00000490     UART.obj (.text)
                  00000574    00000354     GPIO.obj (.text)
                  000008c8    0000032c     system_msp432p401r.obj (.text)
                  00000bf4    00000144     adc_driver.obj (.text)
                  00000d38    00000136     rtsv7M4_T_le_v4SPD16_eabi.lib : fd_div_t2.obj (.text)
                  00000e6e    00000002                                   : mpu_init.obj (.text)
                  00000e70    0000011c     main.obj (.text)
                  00000f8c    000000fc     rtsv7M4_T_le_v4SPD16_eabi.lib : fd_mul_t2.obj (.text)
                  00001088    000000a8     Final_scooter.obj (.text)
                  00001130    0000009c     rtsv7M4_T_le_v4SPD16_eabi.lib : memcpy_t2.obj (.text)
                  000011cc    00000098     Timer.obj (.text)
                  00001264    00000088     Systick.obj (.text)
                  000012ec    0000007a     rtsv7M4_T_le_v4SPD16_eabi.lib : memset_t2.obj (.text)
                  00001366    00000002                                   : startup.obj (.text)
                  00001368    00000070                                   : autoinit.obj (.text)
                  000013d8    0000006e                                   : fd_tos_t2.obj (.text)
                  00001446    00000068                                   : copy_decompress_lzss.obj (.text:decompress:lzss)
                  000014ae    00000002     --HOLE-- [fill = 0]
                  000014b0    00000054                                   : boot.obj (.text)
                  00001504    00000054                                   : exit.obj (.text)
                  00001558    0000004c                                   : cpy_tbl.obj (.text)
                  000015a4    00000044     Clock.obj (.text)
                  000015e8    00000020     rtsv7M4_T_le_v4SPD16_eabi.lib : u_tofd_t2.obj (.text)
                  00001608    00000018                                   : args_main.obj (.text)
                  00001620    00000014                                   : _lock.obj (.text)
                  00001634    00000014                                   : strlen.obj (.text)
                  00001648    0000000e                                   : copy_decompress_none.obj (.text:decompress:none)
                  00001656    0000000e     startup_msp432p401r_ccs.obj (.text)
                  00001664    0000000c     rtsv7M4_T_le_v4SPD16_eabi.lib : copy_zero_init.obj (.text:decompress:ZI)
                  00001670    00000004                                   : pre_init.obj (.text)

.cinit     0    00001678    00000048     
                  00001678    0000001e     (.cinit..data.load) [load image, compression = lzss]
                  00001696    00000002     --HOLE-- [fill = 0]
                  00001698    0000000c     (__TI_handler_table)
                  000016a4    00000004     --HOLE-- [fill = 0]
                  000016a8    00000008     (.cinit..bss.load) [load image, compression = zero_init]
                  000016b0    00000010     (__TI_cinit_table)

.init_array 
*          0    00000000    00000000     UNINITIALIZED

.sysmem    0    20000000    00000400     UNINITIALIZED
                  20000000    00000008     rtsv7M4_T_le_v4SPD16_eabi.lib : memory.obj (.sysmem)
                  20000008    000003f8     --HOLE--

.data      0    20000400    0000003c     UNINITIALIZED
                  20000400    0000001d     main.obj (.data)
                  2000041d    00000003     --HOLE--
                  20000420    0000000c     rtsv7M4_T_le_v4SPD16_eabi.lib : exit.obj (.data:$O1$$)
                  2000042c    00000008                                   : _lock.obj (.data:$O1$$)
                  20000434    00000004                                   : stkdepth_vars.obj (.data)
                  20000438    00000004     system_msp432p401r.obj (.data)

.bss       0    2000043c    00000016     UNINITIALIZED
                  2000043c    0000000c     (.common:ascii_backwards_float_int_portion)
                  20000448    00000002     (.common:X_Accelerometer_ADC)
                  2000044a    00000002     (.common:Y_ADC14)
                  2000044c    00000002     (.common:Y_Accelerometer_ADC)
                  2000044e    00000002     (.common:Z_Accelerometer_ADC)
                  20000450    00000002     (.common:forward)

.stack     0    2000fe00    00000200     UNINITIALIZED
                  2000fe00    00000200     --HOLE--

MODULE SUMMARY

       Module                        code   ro data   rw data
       ------                        ----   -------   -------
    .\
       UART.obj                      1168   0         0      
       GPIO.obj                      852    0         0      
       system_msp432p401r.obj        812    0         8      
       main.obj                      284    0         86     
       adc_driver.obj                324    0         12     
       startup_msp432p401r_ccs.obj   14     228       0      
       Final_scooter.obj             168    0         4      
       Timer.obj                     152    0         0      
       Systick.obj                   136    0         0      
       Clock.obj                     68     0         0      
    +--+-----------------------------+------+---------+---------+
       Total:                        3978   228       110    
                                                             
    C:\Users\kwat1\Documents\ccsv7\tools\compiler\ti-cgt-arm_16.9.4.LTS\lib\rtsv7M4_T_le_v4SPD16_eabi.lib
       fd_div_t2.obj                 310    0         0      
       fd_mul_t2.obj                 252    0         0      
       memcpy_t2.obj                 156    0         0      
       memset_t2.obj                 122    0         0      
       autoinit.obj                  112    0         0      
       fd_tos_t2.obj                 110    0         0      
       exit.obj                      84     0         24     
       copy_decompress_lzss.obj      104    0         0      
       boot.obj                      84     0         0      
       cpy_tbl.obj                   76     0         0      
       _lock.obj                     20     0         16     
       u_tofd_t2.obj                 32     0         0      
       args_main.obj                 24     0         0      
       strlen.obj                    20     0         0      
       copy_decompress_none.obj      14     0         0      
       copy_zero_init.obj            12     0         0      
       stkdepth_vars.obj             0      0         8      
       pre_init.obj                  4      0         0      
       mpu_init.obj                  2      0         0      
       startup.obj                   2      0         0      
    +--+-----------------------------+------+---------+---------+
       Total:                        1540   0         48     
                                                             
       Heap:                         0      0         2048   
       Stack:                        0      0         1024   
       Linker Generated:             0      66        0      
    +--+-----------------------------+------+---------+---------+
       Grand Total:                  5518   294       3230   


LINKER GENERATED COPY TABLES

__TI_cinit_table @ 000016b0 records: 2, size/record: 8, table size: 16
	.data: load addr=00001678, load size=0000001e bytes, run addr=20000400, run size=0000003c bytes, compression=lzss
	.bss: load addr=000016a8, load size=00000008 bytes, run addr=2000043c, run size=00000016 bytes, compression=zero_init


LINKER GENERATED HANDLER TABLE

__TI_handler_table @ 00001698 records: 3, size/record: 4, table size: 12
	index: 0, handler: __TI_decompress_lzss
	index: 1, handler: __TI_decompress_none
	index: 2, handler: __TI_zero_init


GLOBAL SYMBOLS: SORTED ALPHABETICALLY BY Name 

address   name                             
-------   ----                             
00000cbd  ADC14_IRQHandler                 
00000cbd  ADC14_IRQHandler                 
00000c21  ADC_Accelerometer_Config         
00001663  AES256_IRQHandler                
00001663  BusFault_Handler                 
00001505  C$$EXIT                          
00001663  COMP_E0_IRQHandler               
00001663  COMP_E1_IRQHandler               
00001663  CS_IRQHandler                    
000015a5  Clock_Config                     
00001663  DMA_ERR_IRQHandler               
00001663  DMA_INT0_IRQHandler              
00001663  DMA_INT1_IRQHandler              
00001663  DMA_INT2_IRQHandler              
00001663  DMA_INT3_IRQHandler              
00001663  DebugMon_Handler                 
00001663  Default_Handler                  
00000451  EUSCIA0_IRQHandler               
00000451  EUSCIA0_IRQHandler               
00001663  EUSCIA1_IRQHandler               
000003e9  EUSCIA2_IRQHandler               
000003e9  EUSCIA2_IRQHandler               
00001663  EUSCIA3_IRQHandler               
00001663  EUSCIB0_IRQHandler               
00001663  EUSCIB1_IRQHandler               
00001663  EUSCIB2_IRQHandler               
00001663  EUSCIB3_IRQHandler               
000001bd  Escooter_Printout                
00001663  FLCTL_IRQHandler                 
00001663  FPU_IRQHandler                   
00001663  HardFault_Handler                
000005f5  IR_Beam_Break_Config             
0000064b  IR_Beam_Break_Config_JW          
00000695  Left_Right_Button_Config         
00001663  MemManage_Handler                
00001663  NMI_Handler                      
00001663  PCM_IRQHandler                   
00000773  PORT1_IRQHandler                 
00000773  PORT1_IRQHandler                 
00000801  PORT2_IRQHandler                 
00000801  PORT2_IRQHandler                 
00001663  PORT3_IRQHandler                 
00001663  PORT4_IRQHandler                 
00001663  PORT5_IRQHandler                 
0000082f  PORT6_IRQHandler                 
0000082f  PORT6_IRQHandler                 
00001663  PSS_IRQHandler                   
00001663  PendSV_Handler                   
0000073f  RGB_Config                       
00001663  RTC_C_IRQHandler                 
00001657  Reset_Handler                    
UNDEFED   SHT$$INIT_ARRAY$$Base            
UNDEFED   SHT$$INIT_ARRAY$$Limit           
00001663  SVC_Handler                      
000012b1  SysTick_Handler                  
000012b1  SysTick_Handler                  
20000438  SystemCoreClock                  
000008c9  SystemCoreClockUpdate            
00000b3d  SystemInit                       
00001663  T32_INT1_IRQHandler              
00001663  T32_INT2_IRQHandler              
00001663  T32_INTC_IRQHandler              
00001239  TA0_0_IRQHandler                 
00001239  TA0_0_IRQHandler                 
00001663  TA0_N_IRQHandler                 
00001663  TA1_0_IRQHandler                 
00001663  TA1_N_IRQHandler                 
00001663  TA2_0_IRQHandler                 
00001663  TA2_N_IRQHandler                 
00001663  TA3_0_IRQHandler                 
00001663  TA3_N_IRQHandler                 
000011f9  Timer_A0_Config                  
00000111  UART_Config                      
000005a1  UART_RX_TX_Config                
000005cb  UART_RX_TX_Config_BackChannel    
0000016b  UART_send_byte                   
00000187  UART_send_n_bytes                
00001663  UsageFault_Handler               
4000480c  WDTCTL_SYM                       
00001663  WDT_A_IRQHandler                 
20000448  X_Accelerometer_ADC              
2000044a  Y_ADC14                          
2000044c  Y_Accelerometer_ADC              
2000044e  Z_Accelerometer_ADC              
20010000  __STACK_END                      
00000200  __STACK_SIZE                     
00000400  __SYSMEM_SIZE                    
000016b0  __TI_CINIT_Base                  
000016c0  __TI_CINIT_Limit                 
00001698  __TI_Handler_Table_Base          
000016a4  __TI_Handler_Table_Limit         
00001369  __TI_auto_init                   
20000420  __TI_cleanup_ptr                 
00001447  __TI_decompress_lzss             
00001649  __TI_decompress_none             
20000424  __TI_dtors_ptr                   
20000428  __TI_enable_exit_profile_output  
ffffffff  __TI_pprof_out_hndl              
ffffffff  __TI_prof_data_size              
ffffffff  __TI_prof_data_start             
00000000  __TI_static_base__               
00001665  __TI_zero_init                   
000013d9  __aeabi_d2f                      
00000d39  __aeabi_ddiv                     
00000f8d  __aeabi_dmul                     
000012ed  __aeabi_memclr                   
000012ed  __aeabi_memclr4                  
000012ed  __aeabi_memclr8                  
00001131  __aeabi_memcpy                   
00001131  __aeabi_memcpy4                  
00001131  __aeabi_memcpy8                  
000012ef  __aeabi_memset                   
000012ef  __aeabi_memset4                  
000012ef  __aeabi_memset8                  
000015e9  __aeabi_ui2d                     
ffffffff  __binit__                        
ffffffff  __c_args__                       
00000e6f  __mpu_init                       
2000fe00  __stack                          
00001609  _args_main                       
000014b1  _c_int00                         
2000042c  _lock                            
0000162f  _nop                             
00001627  _register_lock                   
00001621  _register_unlock                 
20000000  _sys_memory                      
00001367  _system_post_cinit               
00001671  _system_pre_init                 
20000430  _unlock                          
00001509  abort                            
2000043c  ascii_backwards_float_int_portion
ffffffff  binit                            
00001291  config_systick                   
00001559  copy_in                          
20000404  count_int                        
20000418  direction                        
20000410  distance                         
00001511  exit                             
00000e71  foo                              
20000450  forward                          
0000027d  ftoa                             
00000000  interruptVectors                 
00000e93  main                             
20000434  main_func_sp                     
00001131  memcpy                           
000012f5  memset                           
00001089  movement_Detection               
2000041a  moving                           
2000041c  printout_Klee                    
2000040c  seconds                          
00001635  strlen                           
20000408  systick_int                      
20000400  systickflag                      
20000414  velocity                         


GLOBAL SYMBOLS: SORTED BY Symbol Address 

address   name                             
-------   ----                             
00000000  __TI_static_base__               
00000000  interruptVectors                 
00000111  UART_Config                      
0000016b  UART_send_byte                   
00000187  UART_send_n_bytes                
000001bd  Escooter_Printout                
00000200  __STACK_SIZE                     
0000027d  ftoa                             
000003e9  EUSCIA2_IRQHandler               
000003e9  EUSCIA2_IRQHandler               
00000400  __SYSMEM_SIZE                    
00000451  EUSCIA0_IRQHandler               
00000451  EUSCIA0_IRQHandler               
000005a1  UART_RX_TX_Config                
000005cb  UART_RX_TX_Config_BackChannel    
000005f5  IR_Beam_Break_Config             
0000064b  IR_Beam_Break_Config_JW          
00000695  Left_Right_Button_Config         
0000073f  RGB_Config                       
00000773  PORT1_IRQHandler                 
00000773  PORT1_IRQHandler                 
00000801  PORT2_IRQHandler                 
00000801  PORT2_IRQHandler                 
0000082f  PORT6_IRQHandler                 
0000082f  PORT6_IRQHandler                 
000008c9  SystemCoreClockUpdate            
00000b3d  SystemInit                       
00000c21  ADC_Accelerometer_Config         
00000cbd  ADC14_IRQHandler                 
00000cbd  ADC14_IRQHandler                 
00000d39  __aeabi_ddiv                     
00000e6f  __mpu_init                       
00000e71  foo                              
00000e93  main                             
00000f8d  __aeabi_dmul                     
00001089  movement_Detection               
00001131  __aeabi_memcpy                   
00001131  __aeabi_memcpy4                  
00001131  __aeabi_memcpy8                  
00001131  memcpy                           
000011f9  Timer_A0_Config                  
00001239  TA0_0_IRQHandler                 
00001239  TA0_0_IRQHandler                 
00001291  config_systick                   
000012b1  SysTick_Handler                  
000012b1  SysTick_Handler                  
000012ed  __aeabi_memclr                   
000012ed  __aeabi_memclr4                  
000012ed  __aeabi_memclr8                  
000012ef  __aeabi_memset                   
000012ef  __aeabi_memset4                  
000012ef  __aeabi_memset8                  
000012f5  memset                           
00001367  _system_post_cinit               
00001369  __TI_auto_init                   
000013d9  __aeabi_d2f                      
00001447  __TI_decompress_lzss             
000014b1  _c_int00                         
00001505  C$$EXIT                          
00001509  abort                            
00001511  exit                             
00001559  copy_in                          
000015a5  Clock_Config                     
000015e9  __aeabi_ui2d                     
00001609  _args_main                       
00001621  _register_unlock                 
00001627  _register_lock                   
0000162f  _nop                             
00001635  strlen                           
00001649  __TI_decompress_none             
00001657  Reset_Handler                    
00001663  AES256_IRQHandler                
00001663  BusFault_Handler                 
00001663  COMP_E0_IRQHandler               
00001663  COMP_E1_IRQHandler               
00001663  CS_IRQHandler                    
00001663  DMA_ERR_IRQHandler               
00001663  DMA_INT0_IRQHandler              
00001663  DMA_INT1_IRQHandler              
00001663  DMA_INT2_IRQHandler              
00001663  DMA_INT3_IRQHandler              
00001663  DebugMon_Handler                 
00001663  Default_Handler                  
00001663  EUSCIA1_IRQHandler               
00001663  EUSCIA3_IRQHandler               
00001663  EUSCIB0_IRQHandler               
00001663  EUSCIB1_IRQHandler               
00001663  EUSCIB2_IRQHandler               
00001663  EUSCIB3_IRQHandler               
00001663  FLCTL_IRQHandler                 
00001663  FPU_IRQHandler                   
00001663  HardFault_Handler                
00001663  MemManage_Handler                
00001663  NMI_Handler                      
00001663  PCM_IRQHandler                   
00001663  PORT3_IRQHandler                 
00001663  PORT4_IRQHandler                 
00001663  PORT5_IRQHandler                 
00001663  PSS_IRQHandler                   
00001663  PendSV_Handler                   
00001663  RTC_C_IRQHandler                 
00001663  SVC_Handler                      
00001663  T32_INT1_IRQHandler              
00001663  T32_INT2_IRQHandler              
00001663  T32_INTC_IRQHandler              
00001663  TA0_N_IRQHandler                 
00001663  TA1_0_IRQHandler                 
00001663  TA1_N_IRQHandler                 
00001663  TA2_0_IRQHandler                 
00001663  TA2_N_IRQHandler                 
00001663  TA3_0_IRQHandler                 
00001663  TA3_N_IRQHandler                 
00001663  UsageFault_Handler               
00001663  WDT_A_IRQHandler                 
00001665  __TI_zero_init                   
00001671  _system_pre_init                 
00001698  __TI_Handler_Table_Base          
000016a4  __TI_Handler_Table_Limit         
000016b0  __TI_CINIT_Base                  
000016c0  __TI_CINIT_Limit                 
20000000  _sys_memory                      
20000400  systickflag                      
20000404  count_int                        
20000408  systick_int                      
2000040c  seconds                          
20000410  distance                         
20000414  velocity                         
20000418  direction                        
2000041a  moving                           
2000041c  printout_Klee                    
20000420  __TI_cleanup_ptr                 
20000424  __TI_dtors_ptr                   
20000428  __TI_enable_exit_profile_output  
2000042c  _lock                            
20000430  _unlock                          
20000434  main_func_sp                     
20000438  SystemCoreClock                  
2000043c  ascii_backwards_float_int_portion
20000448  X_Accelerometer_ADC              
2000044a  Y_ADC14                          
2000044c  Y_Accelerometer_ADC              
2000044e  Z_Accelerometer_ADC              
20000450  forward                          
2000fe00  __stack                          
20010000  __STACK_END                      
4000480c  WDTCTL_SYM                       
ffffffff  __TI_pprof_out_hndl              
ffffffff  __TI_prof_data_size              
ffffffff  __TI_prof_data_start             
ffffffff  __binit__                        
ffffffff  __c_args__                       
ffffffff  binit                            
UNDEFED   SHT$$INIT_ARRAY$$Base            
UNDEFED   SHT$$INIT_ARRAY$$Limit           

[154 symbols]
